Archive member included to satisfy reference by file (symbol)

/opt/st/stm32cubeide_1.11.2/plugins/com.st.stm32cube.ide.mcu.externaltools.gnu-tools-for-stm32.10.3-2021.10.linux64_1.0.100.202210260954/tools/bin/../lib/gcc/arm-none-eabi/10.3.1/../../../../arm-none-eabi/lib/thumb/v7e-m+fp/hard/libc_nano.a(lib_a-errno.o)
                              ./Core/Src/syscalls.o (__errno)
/opt/st/stm32cubeide_1.11.2/plugins/com.st.stm32cube.ide.mcu.externaltools.gnu-tools-for-stm32.10.3-2021.10.linux64_1.0.100.202210260954/tools/bin/../lib/gcc/arm-none-eabi/10.3.1/../../../../arm-none-eabi/lib/thumb/v7e-m+fp/hard/libc_nano.a(lib_a-exit.o)
                              /opt/st/stm32cubeide_1.11.2/plugins/com.st.stm32cube.ide.mcu.externaltools.gnu-tools-for-stm32.10.3-2021.10.linux64_1.0.100.202210260954/tools/bin/../lib/gcc/arm-none-eabi/10.3.1/../../../../arm-none-eabi/lib/thumb/v7e-m+fp/hard/crt0.o (exit)
/opt/st/stm32cubeide_1.11.2/plugins/com.st.stm32cube.ide.mcu.externaltools.gnu-tools-for-stm32.10.3-2021.10.linux64_1.0.100.202210260954/tools/bin/../lib/gcc/arm-none-eabi/10.3.1/../../../../arm-none-eabi/lib/thumb/v7e-m+fp/hard/libc_nano.a(lib_a-impure.o)
                              /opt/st/stm32cubeide_1.11.2/plugins/com.st.stm32cube.ide.mcu.externaltools.gnu-tools-for-stm32.10.3-2021.10.linux64_1.0.100.202210260954/tools/bin/../lib/gcc/arm-none-eabi/10.3.1/../../../../arm-none-eabi/lib/thumb/v7e-m+fp/hard/libc_nano.a(lib_a-exit.o) (_global_impure_ptr)
/opt/st/stm32cubeide_1.11.2/plugins/com.st.stm32cube.ide.mcu.externaltools.gnu-tools-for-stm32.10.3-2021.10.linux64_1.0.100.202210260954/tools/bin/../lib/gcc/arm-none-eabi/10.3.1/../../../../arm-none-eabi/lib/thumb/v7e-m+fp/hard/libc_nano.a(lib_a-init.o)
                              /opt/st/stm32cubeide_1.11.2/plugins/com.st.stm32cube.ide.mcu.externaltools.gnu-tools-for-stm32.10.3-2021.10.linux64_1.0.100.202210260954/tools/bin/../lib/gcc/arm-none-eabi/10.3.1/../../../../arm-none-eabi/lib/thumb/v7e-m+fp/hard/crt0.o (__libc_init_array)
/opt/st/stm32cubeide_1.11.2/plugins/com.st.stm32cube.ide.mcu.externaltools.gnu-tools-for-stm32.10.3-2021.10.linux64_1.0.100.202210260954/tools/bin/../lib/gcc/arm-none-eabi/10.3.1/../../../../arm-none-eabi/lib/thumb/v7e-m+fp/hard/libc_nano.a(lib_a-memcpy-stub.o)
                              ./Drivers/VL53L0X/core/src/vl53l0x_api.o (memcpy)
/opt/st/stm32cubeide_1.11.2/plugins/com.st.stm32cube.ide.mcu.externaltools.gnu-tools-for-stm32.10.3-2021.10.linux64_1.0.100.202210260954/tools/bin/../lib/gcc/arm-none-eabi/10.3.1/../../../../arm-none-eabi/lib/thumb/v7e-m+fp/hard/libc_nano.a(lib_a-memset.o)
                              /opt/st/stm32cubeide_1.11.2/plugins/com.st.stm32cube.ide.mcu.externaltools.gnu-tools-for-stm32.10.3-2021.10.linux64_1.0.100.202210260954/tools/bin/../lib/gcc/arm-none-eabi/10.3.1/../../../../arm-none-eabi/lib/thumb/v7e-m+fp/hard/crt0.o (memset)
/opt/st/stm32cubeide_1.11.2/plugins/com.st.stm32cube.ide.mcu.externaltools.gnu-tools-for-stm32.10.3-2021.10.linux64_1.0.100.202210260954/tools/bin/../lib/gcc/arm-none-eabi/10.3.1/../../../../arm-none-eabi/lib/thumb/v7e-m+fp/hard/libc_nano.a(lib_a-strcpy.o)
                              ./Drivers/VL53L0X/core/src/vl53l0x_api_core.o (strcpy)
/opt/st/stm32cubeide_1.11.2/plugins/com.st.stm32cube.ide.mcu.externaltools.gnu-tools-for-stm32.10.3-2021.10.linux64_1.0.100.202210260954/tools/bin/../lib/gcc/arm-none-eabi/10.3.1/thumb/v7e-m+fp/hard/libgcc.a(_aeabi_uldivmod.o)
                              ./Drivers/STM32F4xx_HAL_Driver/Src/stm32f4xx_hal_rcc.o (__aeabi_uldivmod)
/opt/st/stm32cubeide_1.11.2/plugins/com.st.stm32cube.ide.mcu.externaltools.gnu-tools-for-stm32.10.3-2021.10.linux64_1.0.100.202210260954/tools/bin/../lib/gcc/arm-none-eabi/10.3.1/thumb/v7e-m+fp/hard/libgcc.a(_udivmoddi4.o)
                              /opt/st/stm32cubeide_1.11.2/plugins/com.st.stm32cube.ide.mcu.externaltools.gnu-tools-for-stm32.10.3-2021.10.linux64_1.0.100.202210260954/tools/bin/../lib/gcc/arm-none-eabi/10.3.1/thumb/v7e-m+fp/hard/libgcc.a(_aeabi_uldivmod.o) (__udivmoddi4)
/opt/st/stm32cubeide_1.11.2/plugins/com.st.stm32cube.ide.mcu.externaltools.gnu-tools-for-stm32.10.3-2021.10.linux64_1.0.100.202210260954/tools/bin/../lib/gcc/arm-none-eabi/10.3.1/thumb/v7e-m+fp/hard/libgcc.a(_dvmd_tls.o)
                              /opt/st/stm32cubeide_1.11.2/plugins/com.st.stm32cube.ide.mcu.externaltools.gnu-tools-for-stm32.10.3-2021.10.linux64_1.0.100.202210260954/tools/bin/../lib/gcc/arm-none-eabi/10.3.1/thumb/v7e-m+fp/hard/libgcc.a(_aeabi_uldivmod.o) (__aeabi_ldiv0)

Discarded input sections

 .text          0x0000000000000000        0x0 /opt/st/stm32cubeide_1.11.2/plugins/com.st.stm32cube.ide.mcu.externaltools.gnu-tools-for-stm32.10.3-2021.10.linux64_1.0.100.202210260954/tools/bin/../lib/gcc/arm-none-eabi/10.3.1/thumb/v7e-m+fp/hard/crti.o
[...]
Memory Configuration

Name             Origin             Length             Attributes
RAM              0x0000000020000000 0x0000000000018000 xrw
FLASH            0x0000000008000000 0x0000000000080000 xr
*default*        0x0000000000000000 0xffffffffffffffff

Linker script and memory map

LOAD /opt/st/stm32cubeide_1.11.2/plugins/com.st.stm32cube.ide.mcu.externaltools.gnu-tools-for-stm32.10.3-2021.10.linux64_1.0.100.202210260954/tools/bin/../lib/gcc/arm-none-eabi/10.3.1/thumb/v7e-m+fp/hard/crti.o
LOAD /opt/st/stm32cubeide_1.11.2/plugins/com.st.stm32cube.ide.mcu.externaltools.gnu-tools-for-stm32.10.3-2021.10.linux64_1.0.100.202210260954/tools/bin/../lib/gcc/arm-none-eabi/10.3.1/thumb/v7e-m+fp/hard/crtbegin.o
LOAD /opt/st/stm32cubeide_1.11.2/plugins/com.st.stm32cube.ide.mcu.externaltools.gnu-tools-for-stm32.10.3-2021.10.linux64_1.0.100.202210260954/tools/bin/../lib/gcc/arm-none-eabi/10.3.1/../../../../arm-none-eabi/lib/thumb/v7e-m+fp/hard/crt0.o
LOAD ./Core/Src/main.o
LOAD ./Core/Src/stm32f4xx_hal_msp.o
LOAD ./Core/Src/stm32f4xx_it.o
LOAD ./Core/Src/syscalls.o
LOAD ./Core/Src/sysmem.o
LOAD ./Core/Src/system_stm32f4xx.o
LOAD ./Core/Startup/startup_stm32f401ceux.o
LOAD ./Drivers/STM32F4xx_HAL_Driver/Src/stm32f4xx_hal.o
LOAD ./Drivers/STM32F4xx_HAL_Driver/Src/stm32f4xx_hal_cortex.o
LOAD ./Drivers/STM32F4xx_HAL_Driver/Src/stm32f4xx_hal_dma.o
LOAD ./Drivers/STM32F4xx_HAL_Driver/Src/stm32f4xx_hal_dma_ex.o
LOAD ./Drivers/STM32F4xx_HAL_Driver/Src/stm32f4xx_hal_exti.o
LOAD ./Drivers/STM32F4xx_HAL_Driver/Src/stm32f4xx_hal_flash.o
LOAD ./Drivers/STM32F4xx_HAL_Driver/Src/stm32f4xx_hal_flash_ex.o
LOAD ./Drivers/STM32F4xx_HAL_Driver/Src/stm32f4xx_hal_flash_ramfunc.o
LOAD ./Drivers/STM32F4xx_HAL_Driver/Src/stm32f4xx_hal_gpio.o
LOAD ./Drivers/STM32F4xx_HAL_Driver/Src/stm32f4xx_hal_i2c.o
LOAD ./Drivers/STM32F4xx_HAL_Driver/Src/stm32f4xx_hal_i2c_ex.o
LOAD ./Drivers/STM32F4xx_HAL_Driver/Src/stm32f4xx_hal_pwr.o
LOAD ./Drivers/STM32F4xx_HAL_Driver/Src/stm32f4xx_hal_pwr_ex.o
LOAD ./Drivers/STM32F4xx_HAL_Driver/Src/stm32f4xx_hal_rcc.o
LOAD ./Drivers/STM32F4xx_HAL_Driver/Src/stm32f4xx_hal_rcc_ex.o
LOAD ./Drivers/VL53L0X/core/src/vl53l0x_api.o
LOAD ./Drivers/VL53L0X/core/src/vl53l0x_api_calibration.o
LOAD ./Drivers/VL53L0X/core/src/vl53l0x_api_core.o
LOAD ./Drivers/VL53L0X/core/src/vl53l0x_api_ranging.o
LOAD ./Drivers/VL53L0X/core/src/vl53l0x_api_strings.o
LOAD ./Drivers/VL53L0X/platform/src/vl53l0x_platform.o
LOAD ./Drivers/VL53L0X/platform/src/vl53l0x_platform_log.o
START GROUP
LOAD /opt/st/stm32cubeide_1.11.2/plugins/com.st.stm32cube.ide.mcu.externaltools.gnu-tools-for-stm32.10.3-2021.10.linux64_1.0.100.202210260954/tools/bin/../lib/gcc/arm-none-eabi/10.3.1/../../../../arm-none-eabi/lib/thumb/v7e-m+fp/hard/libstdc++_nano.a
LOAD /opt/st/stm32cubeide_1.11.2/plugins/com.st.stm32cube.ide.mcu.externaltools.gnu-tools-for-stm32.10.3-2021.10.linux64_1.0.100.202210260954/tools/bin/../lib/gcc/arm-none-eabi/10.3.1/../../../../arm-none-eabi/lib/thumb/v7e-m+fp/hard/libsupc++_nano.a
END GROUP
LOAD /opt/st/stm32cubeide_1.11.2/plugins/com.st.stm32cube.ide.mcu.externaltools.gnu-tools-for-stm32.10.3-2021.10.linux64_1.0.100.202210260954/tools/bin/../lib/gcc/arm-none-eabi/10.3.1/../../../../arm-none-eabi/lib/thumb/v7e-m+fp/hard/libstdc++_nano.a
LOAD /opt/st/stm32cubeide_1.11.2/plugins/com.st.stm32cube.ide.mcu.externaltools.gnu-tools-for-stm32.10.3-2021.10.linux64_1.0.100.202210260954/tools/bin/../lib/gcc/arm-none-eabi/10.3.1/../../../../arm-none-eabi/lib/thumb/v7e-m+fp/hard/libm.a
LOAD /opt/st/stm32cubeide_1.11.2/plugins/com.st.stm32cube.ide.mcu.externaltools.gnu-tools-for-stm32.10.3-2021.10.linux64_1.0.100.202210260954/tools/bin/../lib/gcc/arm-none-eabi/10.3.1/../../../../arm-none-eabi/lib/thumb/v7e-m+fp/hard/libc_nano.a
START GROUP
LOAD /opt/st/stm32cubeide_1.11.2/plugins/com.st.stm32cube.ide.mcu.externaltools.gnu-tools-for-stm32.10.3-2021.10.linux64_1.0.100.202210260954/tools/bin/../lib/gcc/arm-none-eabi/10.3.1/thumb/v7e-m+fp/hard/libgcc.a
LOAD /opt/st/stm32cubeide_1.11.2/plugins/com.st.stm32cube.ide.mcu.externaltools.gnu-tools-for-stm32.10.3-2021.10.linux64_1.0.100.202210260954/tools/bin/../lib/gcc/arm-none-eabi/10.3.1/../../../../arm-none-eabi/lib/thumb/v7e-m+fp/hard/libc_nano.a
END GROUP
START GROUP
LOAD /opt/st/stm32cubeide_1.11.2/plugins/com.st.stm32cube.ide.mcu.externaltools.gnu-tools-for-stm32.10.3-2021.10.linux64_1.0.100.202210260954/tools/bin/../lib/gcc/arm-none-eabi/10.3.1/thumb/v7e-m+fp/hard/libgcc.a
LOAD /opt/st/stm32cubeide_1.11.2/plugins/com.st.stm32cube.ide.mcu.externaltools.gnu-tools-for-stm32.10.3-2021.10.linux64_1.0.100.202210260954/tools/bin/../lib/gcc/arm-none-eabi/10.3.1/../../../../arm-none-eabi/lib/thumb/v7e-m+fp/hard/libc_nano.a
LOAD /opt/st/stm32cubeide_1.11.2/plugins/com.st.stm32cube.ide.mcu.externaltools.gnu-tools-for-stm32.10.3-2021.10.linux64_1.0.100.202210260954/tools/bin/../lib/gcc/arm-none-eabi/10.3.1/../../../../arm-none-eabi/lib/thumb/v7e-m+fp/hard/libnosys.a
END GROUP
START GROUP
LOAD /opt/st/stm32cubeide_1.11.2/plugins/com.st.stm32cube.ide.mcu.externaltools.gnu-tools-for-stm32.10.3-2021.10.linux64_1.0.100.202210260954/tools/bin/../lib/gcc/arm-none-eabi/10.3.1/thumb/v7e-m+fp/hard/libgcc.a
LOAD /opt/st/stm32cubeide_1.11.2/plugins/com.st.stm32cube.ide.mcu.externaltools.gnu-tools-for-stm32.10.3-2021.10.linux64_1.0.100.202210260954/tools/bin/../lib/gcc/arm-none-eabi/10.3.1/../../../../arm-none-eabi/lib/thumb/v7e-m+fp/hard/libc_nano.a
LOAD /opt/st/stm32cubeide_1.11.2/plugins/com.st.stm32cube.ide.mcu.externaltools.gnu-tools-for-stm32.10.3-2021.10.linux64_1.0.100.202210260954/tools/bin/../lib/gcc/arm-none-eabi/10.3.1/../../../../arm-none-eabi/lib/thumb/v7e-m+fp/hard/libnosys.a
END GROUP
LOAD /opt/st/stm32cubeide_1.11.2/plugins/com.st.stm32cube.ide.mcu.externaltools.gnu-tools-for-stm32.10.3-2021.10.linux64_1.0.100.202210260954/tools/bin/../lib/gcc/arm-none-eabi/10.3.1/thumb/v7e-m+fp/hard/crtend.o
LOAD /opt/st/stm32cubeide_1.11.2/plugins/com.st.stm32cube.ide.mcu.externaltools.gnu-tools-for-stm32.10.3-2021.10.linux64_1.0.100.202210260954/tools/bin/../lib/gcc/arm-none-eabi/10.3.1/thumb/v7e-m+fp/hard/crtn.o
                0x0000000020018000                _estack = (ORIGIN (RAM) + LENGTH (RAM))
                0x0000000000000200                _Min_Heap_Size = 0x200
                0x0000000000000400                _Min_Stack_Size = 0x400

.isr_vector     0x0000000008000000      0x194
                0x0000000008000000                . = ALIGN (0x4)
 *(.isr_vector)
 .isr_vector    0x0000000008000000      0x194 ./Core/Startup/startup_stm32f401ceux.o
                0x0000000008000000                g_pfnVectors
                0x0000000008000194                . = ALIGN (0x4)

.text           0x0000000008000194     0x7710
                0x0000000008000194                . = ALIGN (0x4)
 *(.text)
 .text          0x0000000008000194       0x40 /opt/st/stm32cubeide_1.11.2/plugins/com.st.stm32cube.ide.mcu.externaltools.gnu-tools-for-stm32.10.3-2021.10.linux64_1.0.100.202210260954/tools/bin/../lib/gcc/arm-none-eabi/10.3.1/thumb/v7e-m+fp/hard/crtbegin.o
 .text          0x00000000080001d4       0x30 /opt/st/stm32cubeide_1.11.2/plugins/com.st.stm32cube.ide.mcu.externaltools.gnu-tools-for-stm32.10.3-2021.10.linux64_1.0.100.202210260954/tools/bin/../lib/gcc/arm-none-eabi/10.3.1/thumb/v7e-m+fp/hard/libgcc.a(_aeabi_uldivmod.o)
                0x00000000080001d4                __aeabi_uldivmod
 .text          0x0000000008000204      0x2d0 /opt/st/stm32cubeide_1.11.2/plugins/com.st.stm32cube.ide.mcu.externaltools.gnu-tools-for-stm32.10.3-2021.10.linux64_1.0.100.202210260954/tools/bin/../lib/gcc/arm-none-eabi/10.3.1/thumb/v7e-m+fp/hard/libgcc.a(_udivmoddi4.o)
                0x0000000008000204                __udivmoddi4
 .text          0x00000000080004d4        0x4 /opt/st/stm32cubeide_1.11.2/plugins/com.st.stm32cube.ide.mcu.externaltools.gnu-tools-for-stm32.10.3-2021.10.linux64_1.0.100.202210260954/tools/bin/../lib/gcc/arm-none-eabi/10.3.1/thumb/v7e-m+fp/hard/libgcc.a(_dvmd_tls.o)
                0x00000000080004d4                __aeabi_ldiv0
                0x00000000080004d4                __aeabi_idiv0
 *(.text*)
 .text.main     0x00000000080004d8      0x134 ./Core/Src/main.o
                0x00000000080004d8                main
 .text.SystemClock_Config
                0x000000000800060c       0xc0 ./Core/Src/main.o
                0x000000000800060c                SystemClock_Config
 .text.MX_I2C1_Init
                0x00000000080006cc       0x5c ./Core/Src/main.o
 .text.MX_GPIO_Init
                0x0000000008000728       0x34 ./Core/Src/main.o
 .text.Error_Handler
                0x000000000800075c        0xa ./Core/Src/main.o
                0x000000000800075c                Error_Handler
 *fill*         0x0000000008000766        0x2 
 .text.HAL_MspInit
                0x0000000008000768       0x50 ./Core/Src/stm32f4xx_hal_msp.o
                0x0000000008000768                HAL_MspInit
 .text.HAL_I2C_MspInit
                0x00000000080007b8       0x90 ./Core/Src/stm32f4xx_hal_msp.o
                0x00000000080007b8                HAL_I2C_MspInit
 .text.NMI_Handler
                0x0000000008000848        0x6 ./Core/Src/stm32f4xx_it.o
                0x0000000008000848                NMI_Handler
 .text.HardFault_Handler
                0x000000000800084e        0x6 ./Core/Src/stm32f4xx_it.o
                0x000000000800084e                HardFault_Handler
 .text.MemManage_Handler
                0x0000000008000854        0x6 ./Core/Src/stm32f4xx_it.o
                0x0000000008000854                MemManage_Handler
 .text.BusFault_Handler
                0x000000000800085a        0x6 ./Core/Src/stm32f4xx_it.o
                0x000000000800085a                BusFault_Handler
 .text.UsageFault_Handler
                0x0000000008000860        0x6 ./Core/Src/stm32f4xx_it.o
                0x0000000008000860                UsageFault_Handler
 .text.SVC_Handler
                0x0000000008000866        0xe ./Core/Src/stm32f4xx_it.o
                0x0000000008000866                SVC_Handler
 .text.DebugMon_Handler
                0x0000000008000874        0xe ./Core/Src/stm32f4xx_it.o
                0x0000000008000874                DebugMon_Handler
 .text.PendSV_Handler
                0x0000000008000882        0xe ./Core/Src/stm32f4xx_it.o
                0x0000000008000882                PendSV_Handler
 .text.SysTick_Handler
                0x0000000008000890        0xc ./Core/Src/stm32f4xx_it.o
                0x0000000008000890                SysTick_Handler
 .text.SystemInit
                0x000000000800089c       0x24 ./Core/Src/system_stm32f4xx.o
                0x000000000800089c                SystemInit
 .text.Reset_Handler
                0x00000000080008c0       0x50 ./Core/Startup/startup_stm32f401ceux.o
                0x00000000080008c0                Reset_Handler
 .text.Default_Handler
                0x0000000008000910        0x2 ./Core/Startup/startup_stm32f401ceux.o
                0x0000000008000910                RTC_Alarm_IRQHandler
                0x0000000008000910                EXTI2_IRQHandler
                0x0000000008000910                SPI4_IRQHandler
                0x0000000008000910                TIM1_CC_IRQHandler
                0x0000000008000910                DMA2_Stream5_IRQHandler
                0x0000000008000910                DMA1_Stream5_IRQHandler
                0x0000000008000910                PVD_IRQHandler
                0x0000000008000910                SDIO_IRQHandler
                0x0000000008000910                TAMP_STAMP_IRQHandler
                0x0000000008000910                EXTI3_IRQHandler
                0x0000000008000910                TIM1_UP_TIM10_IRQHandler
                0x0000000008000910                I2C3_ER_IRQHandler
                0x0000000008000910                EXTI0_IRQHandler
                0x0000000008000910                I2C2_EV_IRQHandler
                0x0000000008000910                DMA1_Stream2_IRQHandler
                0x0000000008000910                FPU_IRQHandler
                0x0000000008000910                DMA2_Stream2_IRQHandler
                0x0000000008000910                SPI1_IRQHandler
                0x0000000008000910                TIM1_BRK_TIM9_IRQHandler
                0x0000000008000910                DMA2_Stream3_IRQHandler
                0x0000000008000910                USART6_IRQHandler
                0x0000000008000910                DMA2_Stream0_IRQHandler
                0x0000000008000910                TIM4_IRQHandler
                0x0000000008000910                I2C1_EV_IRQHandler
                0x0000000008000910                DMA1_Stream6_IRQHandler
                0x0000000008000910                DMA1_Stream1_IRQHandler
                0x0000000008000910                TIM3_IRQHandler
                0x0000000008000910                RCC_IRQHandler
                0x0000000008000910                Default_Handler
                0x0000000008000910                EXTI15_10_IRQHandler
                0x0000000008000910                ADC_IRQHandler
                0x0000000008000910                DMA1_Stream7_IRQHandler
                0x0000000008000910                TIM5_IRQHandler
                0x0000000008000910                DMA2_Stream7_IRQHandler
                0x0000000008000910                I2C3_EV_IRQHandler
                0x0000000008000910                EXTI9_5_IRQHandler
                0x0000000008000910                RTC_WKUP_IRQHandler
                0x0000000008000910                SPI2_IRQHandler
                0x0000000008000910                DMA1_Stream0_IRQHandler
                0x0000000008000910                EXTI4_IRQHandler
                0x0000000008000910                WWDG_IRQHandler
                0x0000000008000910                TIM2_IRQHandler
                0x0000000008000910                OTG_FS_WKUP_IRQHandler
                0x0000000008000910                TIM1_TRG_COM_TIM11_IRQHandler
                0x0000000008000910                EXTI1_IRQHandler
                0x0000000008000910                USART2_IRQHandler
                0x0000000008000910                I2C2_ER_IRQHandler
                0x0000000008000910                DMA2_Stream1_IRQHandler
                0x0000000008000910                FLASH_IRQHandler
                0x0000000008000910                DMA2_Stream4_IRQHandler
                0x0000000008000910                USART1_IRQHandler
                0x0000000008000910                OTG_FS_IRQHandler
                0x0000000008000910                SPI3_IRQHandler
                0x0000000008000910                DMA1_Stream4_IRQHandler
                0x0000000008000910                I2C1_ER_IRQHandler
                0x0000000008000910                DMA2_Stream6_IRQHandler
                0x0000000008000910                DMA1_Stream3_IRQHandler
 *fill*         0x0000000008000912        0x2 
 .text.HAL_Init
                0x0000000008000914       0x44 ./Drivers/STM32F4xx_HAL_Driver/Src/stm32f4xx_hal.o
                0x0000000008000914                HAL_Init
 .text.HAL_InitTick
                0x0000000008000958       0x60 ./Drivers/STM32F4xx_HAL_Driver/Src/stm32f4xx_hal.o
                0x0000000008000958                HAL_InitTick
 .text.HAL_IncTick
                0x00000000080009b8       0x28 ./Drivers/STM32F4xx_HAL_Driver/Src/stm32f4xx_hal.o
                0x00000000080009b8                HAL_IncTick
 .text.HAL_GetTick
                0x00000000080009e0       0x18 ./Drivers/STM32F4xx_HAL_Driver/Src/stm32f4xx_hal.o
                0x00000000080009e0                HAL_GetTick
 .text.HAL_Delay
                0x00000000080009f8       0x48 ./Drivers/STM32F4xx_HAL_Driver/Src/stm32f4xx_hal.o
                0x00000000080009f8                HAL_Delay
 .text.__NVIC_SetPriorityGrouping
                0x0000000008000a40       0x48 ./Drivers/STM32F4xx_HAL_Driver/Src/stm32f4xx_hal_cortex.o
 .text.__NVIC_GetPriorityGrouping
                0x0000000008000a88       0x1c ./Drivers/STM32F4xx_HAL_Driver/Src/stm32f4xx_hal_cortex.o
 .text.__NVIC_SetPriority
                0x0000000008000aa4       0x54 ./Drivers/STM32F4xx_HAL_Driver/Src/stm32f4xx_hal_cortex.o
 .text.NVIC_EncodePriority
                0x0000000008000af8       0x66 ./Drivers/STM32F4xx_HAL_Driver/Src/stm32f4xx_hal_cortex.o
 *fill*         0x0000000008000b5e        0x2 
 .text.SysTick_Config
                0x0000000008000b60       0x44 ./Drivers/STM32F4xx_HAL_Driver/Src/stm32f4xx_hal_cortex.o
 .text.HAL_NVIC_SetPriorityGrouping
                0x0000000008000ba4       0x16 ./Drivers/STM32F4xx_HAL_Driver/Src/stm32f4xx_hal_cortex.o
                0x0000000008000ba4                HAL_NVIC_SetPriorityGrouping
 .text.HAL_NVIC_SetPriority
                0x0000000008000bba       0x38 ./Drivers/STM32F4xx_HAL_Driver/Src/stm32f4xx_hal_cortex.o
                0x0000000008000bba                HAL_NVIC_SetPriority
 .text.HAL_SYSTICK_Config
                0x0000000008000bf2       0x18 ./Drivers/STM32F4xx_HAL_Driver/Src/stm32f4xx_hal_cortex.o
                0x0000000008000bf2                HAL_SYSTICK_Config
 *fill*         0x0000000008000c0a        0x2 
 .text.HAL_GPIO_Init
                0x0000000008000c0c      0x308 ./Drivers/STM32F4xx_HAL_Driver/Src/stm32f4xx_hal_gpio.o
                0x0000000008000c0c                HAL_GPIO_Init
 .text.HAL_GPIO_WritePin
                0x0000000008000f14       0x32 ./Drivers/STM32F4xx_HAL_Driver/Src/stm32f4xx_hal_gpio.o
                0x0000000008000f14                HAL_GPIO_WritePin
 *fill*         0x0000000008000f46        0x2 
 .text.HAL_I2C_Init
                0x0000000008000f48      0x288 ./Drivers/STM32F4xx_HAL_Driver/Src/stm32f4xx_hal_i2c.o
                0x0000000008000f48                HAL_I2C_Init
 .text.HAL_I2C_Master_Transmit
                0x00000000080011d0      0x1fc ./Drivers/STM32F4xx_HAL_Driver/Src/stm32f4xx_hal_i2c.o
                0x00000000080011d0                HAL_I2C_Master_Transmit
 .text.HAL_I2C_Master_Receive
                0x00000000080013cc      0x44c ./Drivers/STM32F4xx_HAL_Driver/Src/stm32f4xx_hal_i2c.o
                0x00000000080013cc                HAL_I2C_Master_Receive
 .text.I2C_MasterRequestWrite
                0x0000000008001818      0x104 ./Drivers/STM32F4xx_HAL_Driver/Src/stm32f4xx_hal_i2c.o
 .text.I2C_MasterRequestRead
                0x000000000800191c      0x19c ./Drivers/STM32F4xx_HAL_Driver/Src/stm32f4xx_hal_i2c.o
 .text.I2C_WaitOnFlagUntilTimeout
                0x0000000008001ab8       0xae ./Drivers/STM32F4xx_HAL_Driver/Src/stm32f4xx_hal_i2c.o
 .text.I2C_WaitOnMasterAddressFlagUntilTimeout
                0x0000000008001b66       0xfe ./Drivers/STM32F4xx_HAL_Driver/Src/stm32f4xx_hal_i2c.o
 .text.I2C_WaitOnTXEFlagUntilTimeout
                0x0000000008001c64       0x82 ./Drivers/STM32F4xx_HAL_Driver/Src/stm32f4xx_hal_i2c.o
 .text.I2C_WaitOnBTFFlagUntilTimeout
                0x0000000008001ce6       0x82 ./Drivers/STM32F4xx_HAL_Driver/Src/stm32f4xx_hal_i2c.o
 .text.I2C_WaitOnRXNEFlagUntilTimeout
                0x0000000008001d68       0xac ./Drivers/STM32F4xx_HAL_Driver/Src/stm32f4xx_hal_i2c.o
 .text.I2C_IsAcknowledgeFailed
                0x0000000008001e14       0x5e ./Drivers/STM32F4xx_HAL_Driver/Src/stm32f4xx_hal_i2c.o
 *fill*         0x0000000008001e72        0x2 
 .text.HAL_RCC_OscConfig
                0x0000000008001e74      0x4f0 ./Drivers/STM32F4xx_HAL_Driver/Src/stm32f4xx_hal_rcc.o
                0x0000000008001e74                HAL_RCC_OscConfig
 .text.HAL_RCC_ClockConfig
                0x0000000008002364      0x1cc ./Drivers/STM32F4xx_HAL_Driver/Src/stm32f4xx_hal_rcc.o
                0x0000000008002364                HAL_RCC_ClockConfig
 .text.HAL_RCC_GetSysClockFreq
                0x0000000008002530      0x18c ./Drivers/STM32F4xx_HAL_Driver/Src/stm32f4xx_hal_rcc.o
                0x0000000008002530                HAL_RCC_GetSysClockFreq
 .text.HAL_RCC_GetHCLKFreq
                0x00000000080026bc       0x18 ./Drivers/STM32F4xx_HAL_Driver/Src/stm32f4xx_hal_rcc.o
                0x00000000080026bc                HAL_RCC_GetHCLKFreq
 .text.HAL_RCC_GetPCLK1Freq
                0x00000000080026d4       0x28 ./Drivers/STM32F4xx_HAL_Driver/Src/stm32f4xx_hal_rcc.o
                0x00000000080026d4                HAL_RCC_GetPCLK1Freq
 .text.VL53L0X_GetOffsetCalibrationDataMicroMeter
                0x00000000080026fc       0x26 ./Drivers/VL53L0X/core/src/vl53l0x_api.o
                0x00000000080026fc                VL53L0X_GetOffsetCalibrationDataMicroMeter
 *fill*         0x0000000008002722        0x2 
 .text.VL53L0X_DataInit
                0x0000000008002724      0x30c ./Drivers/VL53L0X/core/src/vl53l0x_api.o
                0x0000000008002724                VL53L0X_DataInit
 .text.VL53L0X_StaticInit
                0x0000000008002a30      0x308 ./Drivers/VL53L0X/core/src/vl53l0x_api.o
                0x0000000008002a30                VL53L0X_StaticInit
 .text.VL53L0X_WaitDeviceBooted
                0x0000000008002d38       0x1c ./Drivers/VL53L0X/core/src/vl53l0x_api.o
                0x0000000008002d38                VL53L0X_WaitDeviceBooted
 .text.VL53L0X_GetDeviceParameters
                0x0000000008002d54      0x16a ./Drivers/VL53L0X/core/src/vl53l0x_api.o
                0x0000000008002d54                VL53L0X_GetDeviceParameters
 *fill*         0x0000000008002ebe        0x2 
 .text.VL53L0X_SetDeviceMode
                0x0000000008002ec0       0x58 ./Drivers/VL53L0X/core/src/vl53l0x_api.o
                0x0000000008002ec0                VL53L0X_SetDeviceMode
 .text.VL53L0X_GetDeviceMode
                0x0000000008002f18       0x26 ./Drivers/VL53L0X/core/src/vl53l0x_api.o
                0x0000000008002f18                VL53L0X_GetDeviceMode
 .text.VL53L0X_GetFractionEnable
                0x0000000008002f3e       0x3e ./Drivers/VL53L0X/core/src/vl53l0x_api.o
                0x0000000008002f3e                VL53L0X_GetFractionEnable
 .text.VL53L0X_SetMeasurementTimingBudgetMicroSeconds
                0x0000000008002f7c       0x26 ./Drivers/VL53L0X/core/src/vl53l0x_api.o
                0x0000000008002f7c                VL53L0X_SetMeasurementTimingBudgetMicroSeconds
 .text.VL53L0X_GetMeasurementTimingBudgetMicroSeconds
                0x0000000008002fa2       0x26 ./Drivers/VL53L0X/core/src/vl53l0x_api.o
                0x0000000008002fa2                VL53L0X_GetMeasurementTimingBudgetMicroSeconds
 .text.VL53L0X_SetVcselPulsePeriod
                0x0000000008002fc8       0x30 ./Drivers/VL53L0X/core/src/vl53l0x_api.o
                0x0000000008002fc8                VL53L0X_SetVcselPulsePeriod
 .text.VL53L0X_GetVcselPulsePeriod
                0x0000000008002ff8       0x2e ./Drivers/VL53L0X/core/src/vl53l0x_api.o
                0x0000000008002ff8                VL53L0X_GetVcselPulsePeriod
 *fill*         0x0000000008003026        0x2 
 .text.VL53L0X_SetSequenceStepEnable
                0x0000000008003028      0x144 ./Drivers/VL53L0X/core/src/vl53l0x_api.o
                0x0000000008003028                VL53L0X_SetSequenceStepEnable
 .text.sequence_step_enabled
                0x000000000800316c       0xa4 ./Drivers/VL53L0X/core/src/vl53l0x_api.o
                0x000000000800316c                sequence_step_enabled
 .text.VL53L0X_GetSequenceStepEnables
                0x0000000008003210       0xb0 ./Drivers/VL53L0X/core/src/vl53l0x_api.o
                0x0000000008003210                VL53L0X_GetSequenceStepEnables
 .text.VL53L0X_GetInterMeasurementPeriodMilliSeconds
                0x00000000080032c0       0x68 ./Drivers/VL53L0X/core/src/vl53l0x_api.o
                0x00000000080032c0                VL53L0X_GetInterMeasurementPeriodMilliSeconds
 .text.VL53L0X_GetXTalkCompensationEnable
                0x0000000008003328       0x2a ./Drivers/VL53L0X/core/src/vl53l0x_api.o
                0x0000000008003328                VL53L0X_GetXTalkCompensationEnable
 .text.VL53L0X_GetXTalkCompensationRateMegaCps
                0x0000000008003352       0x66 ./Drivers/VL53L0X/core/src/vl53l0x_api.o
                0x0000000008003352                VL53L0X_GetXTalkCompensationRateMegaCps
 .text.VL53L0X_SetLimitCheckEnable
                0x00000000080033b8      0x118 ./Drivers/VL53L0X/core/src/vl53l0x_api.o
                0x00000000080033b8                VL53L0X_SetLimitCheckEnable
 .text.VL53L0X_GetLimitCheckEnable
                0x00000000080034d0       0x46 ./Drivers/VL53L0X/core/src/vl53l0x_api.o
                0x00000000080034d0                VL53L0X_GetLimitCheckEnable
 *fill*         0x0000000008003516        0x2 
 .text.VL53L0X_SetLimitCheckValue
                0x0000000008003518       0xc4 ./Drivers/VL53L0X/core/src/vl53l0x_api.o
                0x0000000008003518                VL53L0X_SetLimitCheckValue
 .text.VL53L0X_GetLimitCheckValue
                0x00000000080035dc      0x11c ./Drivers/VL53L0X/core/src/vl53l0x_api.o
                0x00000000080035dc                VL53L0X_GetLimitCheckValue
 .text.VL53L0X_GetWrapAroundCheckEnable
                0x00000000080036f8       0x64 ./Drivers/VL53L0X/core/src/vl53l0x_api.o
                0x00000000080036f8                VL53L0X_GetWrapAroundCheckEnable
 .text.VL53L0X_PerformSingleMeasurement
                0x000000000800375c       0x68 ./Drivers/VL53L0X/core/src/vl53l0x_api.o
                0x000000000800375c                VL53L0X_PerformSingleMeasurement
 .text.VL53L0X_PerformRefCalibration
                0x00000000080037c4       0x2c ./Drivers/VL53L0X/core/src/vl53l0x_api.o
                0x00000000080037c4                VL53L0X_PerformRefCalibration
 .text.VL53L0X_CheckAndLoadInterruptSettings
                0x00000000080037f0      0x1e4 ./Drivers/VL53L0X/core/src/vl53l0x_api.o
                0x00000000080037f0                VL53L0X_CheckAndLoadInterruptSettings
 .text.VL53L0X_StartMeasurement
                0x00000000080039d4      0x184 ./Drivers/VL53L0X/core/src/vl53l0x_api.o
                0x00000000080039d4                VL53L0X_StartMeasurement
 .text.VL53L0X_GetMeasurementDataReady
                0x0000000008003b58       0x80 ./Drivers/VL53L0X/core/src/vl53l0x_api.o
                0x0000000008003b58                VL53L0X_GetMeasurementDataReady
 .text.VL53L0X_GetRangingMeasurementData
                0x0000000008003bd8      0x248 ./Drivers/VL53L0X/core/src/vl53l0x_api.o
                0x0000000008003bd8                VL53L0X_GetRangingMeasurementData
 .text.VL53L0X_PerformSingleRangingMeasurement
                0x0000000008003e20       0x60 ./Drivers/VL53L0X/core/src/vl53l0x_api.o
                0x0000000008003e20                VL53L0X_PerformSingleRangingMeasurement
 .text.VL53L0X_SetGpioConfig
                0x0000000008003e80      0x248 ./Drivers/VL53L0X/core/src/vl53l0x_api.o
                0x0000000008003e80                VL53L0X_SetGpioConfig
 .text.VL53L0X_GetInterruptThresholds
                0x00000000080040c8       0x6c ./Drivers/VL53L0X/core/src/vl53l0x_api.o
                0x00000000080040c8                VL53L0X_GetInterruptThresholds
 .text.VL53L0X_ClearInterruptMask
                0x0000000008004134       0x80 ./Drivers/VL53L0X/core/src/vl53l0x_api.o
                0x0000000008004134                VL53L0X_ClearInterruptMask
 .text.VL53L0X_GetInterruptMaskStatus
                0x00000000080041b4       0x44 ./Drivers/VL53L0X/core/src/vl53l0x_api.o
                0x00000000080041b4                VL53L0X_GetInterruptMaskStatus
 .text.VL53L0X_PerformRefSpadManagement
                0x00000000080041f8       0x2a ./Drivers/VL53L0X/core/src/vl53l0x_api.o
                0x00000000080041f8                VL53L0X_PerformRefSpadManagement
 .text.VL53L0X_get_offset_calibration_data_micro_meter
                0x0000000008004222       0x7e ./Drivers/VL53L0X/core/src/vl53l0x_api_calibration.o
                0x0000000008004222                VL53L0X_get_offset_calibration_data_micro_meter
 .text.get_next_good_spad
                0x00000000080042a0       0xbc ./Drivers/VL53L0X/core/src/vl53l0x_api_calibration.o
                0x00000000080042a0                get_next_good_spad
 .text.is_aperture
                0x000000000800435c       0x34 ./Drivers/VL53L0X/core/src/vl53l0x_api_calibration.o
                0x000000000800435c                is_aperture
 .text.enable_spad_bit
                0x0000000008004390       0x70 ./Drivers/VL53L0X/core/src/vl53l0x_api_calibration.o
                0x0000000008004390                enable_spad_bit
 .text.set_ref_spad_map
                0x0000000008004400       0x26 ./Drivers/VL53L0X/core/src/vl53l0x_api_calibration.o
                0x0000000008004400                set_ref_spad_map
 .text.get_ref_spad_map
                0x0000000008004426       0x26 ./Drivers/VL53L0X/core/src/vl53l0x_api_calibration.o
                0x0000000008004426                get_ref_spad_map
 .text.enable_ref_spads
                0x000000000800444c       0xf8 ./Drivers/VL53L0X/core/src/vl53l0x_api_calibration.o
                0x000000000800444c                enable_ref_spads
 .text.perform_ref_signal_measurement
                0x0000000008004544       0xd4 ./Drivers/VL53L0X/core/src/vl53l0x_api_calibration.o
                0x0000000008004544                perform_ref_signal_measurement
 .text.VL53L0X_perform_ref_spad_management
                0x0000000008004618      0x418 ./Drivers/VL53L0X/core/src/vl53l0x_api_calibration.o
                0x0000000008004618                VL53L0X_perform_ref_spad_management
 .text.VL53L0X_set_reference_spads
                0x0000000008004a30      0x14a ./Drivers/VL53L0X/core/src/vl53l0x_api_calibration.o
                0x0000000008004a30                VL53L0X_set_reference_spads
 .text.VL53L0X_perform_single_ref_calibration
                0x0000000008004b7a       0x76 ./Drivers/VL53L0X/core/src/vl53l0x_api_calibration.o
                0x0000000008004b7a                VL53L0X_perform_single_ref_calibration
 .text.VL53L0X_ref_calibration_io
                0x0000000008004bf0      0x132 ./Drivers/VL53L0X/core/src/vl53l0x_api_calibration.o
                0x0000000008004bf0                VL53L0X_ref_calibration_io
 .text.VL53L0X_perform_vhv_calibration
                0x0000000008004d22       0xce ./Drivers/VL53L0X/core/src/vl53l0x_api_calibration.o
                0x0000000008004d22                VL53L0X_perform_vhv_calibration
 .text.VL53L0X_perform_phase_calibration
                0x0000000008004df0       0xca ./Drivers/VL53L0X/core/src/vl53l0x_api_calibration.o
                0x0000000008004df0                VL53L0X_perform_phase_calibration
 .text.VL53L0X_perform_ref_calibration
                0x0000000008004eba       0x7a ./Drivers/VL53L0X/core/src/vl53l0x_api_calibration.o
                0x0000000008004eba                VL53L0X_perform_ref_calibration
 .text.VL53L0X_measurement_poll_for_completion
                0x0000000008004f34       0x60 ./Drivers/VL53L0X/core/src/vl53l0x_api_core.o
                0x0000000008004f34                VL53L0X_measurement_poll_for_completion
 .text.VL53L0X_decode_vcsel_period
                0x0000000008004f94       0x26 ./Drivers/VL53L0X/core/src/vl53l0x_api_core.o
                0x0000000008004f94                VL53L0X_decode_vcsel_period
 .text.VL53L0X_encode_vcsel_period
                0x0000000008004fba       0x26 ./Drivers/VL53L0X/core/src/vl53l0x_api_core.o
                0x0000000008004fba                VL53L0X_encode_vcsel_period
 .text.VL53L0X_isqrt
                0x0000000008004fe0       0x68 ./Drivers/VL53L0X/core/src/vl53l0x_api_core.o
                0x0000000008004fe0                VL53L0X_isqrt
 .text.VL53L0X_device_read_strobe
                0x0000000008005048       0x86 ./Drivers/VL53L0X/core/src/vl53l0x_api_core.o
                0x0000000008005048                VL53L0X_device_read_strobe
 .text.VL53L0X_get_info_from_device
                0x00000000080050ce      0x99c ./Drivers/VL53L0X/core/src/vl53l0x_api_core.o
                0x00000000080050ce                VL53L0X_get_info_from_device
 .text.VL53L0X_calc_macro_period_ps
                0x0000000008005a6a       0x3c ./Drivers/VL53L0X/core/src/vl53l0x_api_core.o
                0x0000000008005a6a                VL53L0X_calc_macro_period_ps
 .text.VL53L0X_encode_timeout
                0x0000000008005aa6       0x58 ./Drivers/VL53L0X/core/src/vl53l0x_api_core.o
                0x0000000008005aa6                VL53L0X_encode_timeout
 .text.VL53L0X_decode_timeout
                0x0000000008005afe       0x2c ./Drivers/VL53L0X/core/src/vl53l0x_api_core.o
                0x0000000008005afe                VL53L0X_decode_timeout
 *fill*         0x0000000008005b2a        0x2 
 .text.VL53L0X_calc_timeout_mclks
                0x0000000008005b2c       0x54 ./Drivers/VL53L0X/core/src/vl53l0x_api_core.o
                0x0000000008005b2c                VL53L0X_calc_timeout_mclks
 .text.VL53L0X_calc_timeout_us
                0x0000000008005b80       0x54 ./Drivers/VL53L0X/core/src/vl53l0x_api_core.o
                0x0000000008005b80                VL53L0X_calc_timeout_us
 .text.get_sequence_step_timeout
                0x0000000008005bd4      0x1c2 ./Drivers/VL53L0X/core/src/vl53l0x_api_core.o
                0x0000000008005bd4                get_sequence_step_timeout
 .text.set_sequence_step_timeout
                0x0000000008005d96      0x1e4 ./Drivers/VL53L0X/core/src/vl53l0x_api_core.o
                0x0000000008005d96                set_sequence_step_timeout
 .text.VL53L0X_set_vcsel_pulse_period
                0x0000000008005f7a      0x512 ./Drivers/VL53L0X/core/src/vl53l0x_api_core.o
                0x0000000008005f7a                VL53L0X_set_vcsel_pulse_period
 .text.VL53L0X_get_vcsel_pulse_period
                0x000000000800648c       0x6e ./Drivers/VL53L0X/core/src/vl53l0x_api_core.o
                0x000000000800648c                VL53L0X_get_vcsel_pulse_period
 .text.VL53L0X_set_measurement_timing_budget_micro_seconds
                0x00000000080064fa      0x1a6 ./Drivers/VL53L0X/core/src/vl53l0x_api_core.o
                0x00000000080064fa                VL53L0X_set_measurement_timing_budget_micro_seconds
 .text.VL53L0X_get_measurement_timing_budget_micro_seconds
                0x00000000080066a0      0x162 ./Drivers/VL53L0X/core/src/vl53l0x_api_core.o
                0x00000000080066a0                VL53L0X_get_measurement_timing_budget_micro_seconds
 *fill*         0x0000000008006802        0x2 
 .text.VL53L0X_load_tuning_settings
                0x0000000008006804      0x1c4 ./Drivers/VL53L0X/core/src/vl53l0x_api_core.o
                0x0000000008006804                VL53L0X_load_tuning_settings
 .text.VL53L0X_get_total_xtalk_rate
                0x00000000080069c8       0x5e ./Drivers/VL53L0X/core/src/vl53l0x_api_core.o
                0x00000000080069c8                VL53L0X_get_total_xtalk_rate
 .text.VL53L0X_get_total_signal_rate
                0x0000000008006a26       0x4a ./Drivers/VL53L0X/core/src/vl53l0x_api_core.o
                0x0000000008006a26                VL53L0X_get_total_signal_rate
 .text.get_dmax_lut_points
                0x0000000008006a70       0x8e ./Drivers/VL53L0X/core/src/vl53l0x_api_core.o
                0x0000000008006a70                get_dmax_lut_points
 .text.VL53L0X_calc_dmax
                0x0000000008006afe      0x14c ./Drivers/VL53L0X/core/src/vl53l0x_api_core.o
                0x0000000008006afe                VL53L0X_calc_dmax
 *fill*         0x0000000008006c4a        0x2 
 .text.VL53L0X_calc_sigma_estimate
                0x0000000008006c4c      0x45c ./Drivers/VL53L0X/core/src/vl53l0x_api_core.o
                0x0000000008006c4c                VL53L0X_calc_sigma_estimate
 .text.VL53L0X_get_pal_range_status
                0x00000000080070a8      0x3c4 ./Drivers/VL53L0X/core/src/vl53l0x_api_core.o
                0x00000000080070a8                VL53L0X_get_pal_range_status
 .text._I2CWrite
                0x000000000800746c       0x3e ./Drivers/VL53L0X/platform/src/vl53l0x_platform.o
                0x000000000800746c                _I2CWrite
 .text._I2CRead
                0x00000000080074aa       0x44 ./Drivers/VL53L0X/platform/src/vl53l0x_platform.o
                0x00000000080074aa                _I2CRead
 *fill*         0x00000000080074ee        0x2 
 .text.VL53L0X_WriteMulti
                0x00000000080074f0       0x60 ./Drivers/VL53L0X/platform/src/vl53l0x_platform.o
                0x00000000080074f0                VL53L0X_WriteMulti
 .text.VL53L0X_ReadMulti
                0x0000000008007550       0x56 ./Drivers/VL53L0X/platform/src/vl53l0x_platform.o
                0x0000000008007550                VL53L0X_ReadMulti
 *fill*         0x00000000080075a6        0x2 
 .text.VL53L0X_WrByte
                0x00000000080075a8       0x48 ./Drivers/VL53L0X/platform/src/vl53l0x_platform.o
                0x00000000080075a8                VL53L0X_WrByte
 .text.VL53L0X_WrWord
                0x00000000080075f0       0x54 ./Drivers/VL53L0X/platform/src/vl53l0x_platform.o
                0x00000000080075f0                VL53L0X_WrWord
 .text.VL53L0X_UpdateByte
                0x0000000008007644       0x68 ./Drivers/VL53L0X/platform/src/vl53l0x_platform.o
                0x0000000008007644                VL53L0X_UpdateByte
 .text.VL53L0X_RdByte
                0x00000000080076ac       0x54 ./Drivers/VL53L0X/platform/src/vl53l0x_platform.o
                0x00000000080076ac                VL53L0X_RdByte
 .text.VL53L0X_RdWord
                0x0000000008007700       0x70 ./Drivers/VL53L0X/platform/src/vl53l0x_platform.o
                0x0000000008007700                VL53L0X_RdWord
 .text.VL53L0X_RdDWord
                0x0000000008007770       0x78 ./Drivers/VL53L0X/platform/src/vl53l0x_platform.o
                0x0000000008007770                VL53L0X_RdDWord
 .text.VL53L0X_PollingDelay
                0x00000000080077e8       0x1e ./Drivers/VL53L0X/platform/src/vl53l0x_platform.o
                0x00000000080077e8                VL53L0X_PollingDelay
 *fill*         0x0000000008007806        0x2 
 .text.__libc_init_array
                0x0000000008007808       0x48 /opt/st/stm32cubeide_1.11.2/plugins/com.st.stm32cube.ide.mcu.externaltools.gnu-tools-for-stm32.10.3-2021.10.linux64_1.0.100.202210260954/tools/bin/../lib/gcc/arm-none-eabi/10.3.1/../../../../arm-none-eabi/lib/thumb/v7e-m+fp/hard/libc_nano.a(lib_a-init.o)
                0x0000000008007808                __libc_init_array
 .text.memcpy   0x0000000008007850       0x1c /opt/st/stm32cubeide_1.11.2/plugins/com.st.stm32cube.ide.mcu.externaltools.gnu-tools-for-stm32.10.3-2021.10.linux64_1.0.100.202210260954/tools/bin/../lib/gcc/arm-none-eabi/10.3.1/../../../../arm-none-eabi/lib/thumb/v7e-m+fp/hard/libc_nano.a(lib_a-memcpy-stub.o)
                0x0000000008007850                memcpy
 .text.memset   0x000000000800786c       0x10 /opt/st/stm32cubeide_1.11.2/plugins/com.st.stm32cube.ide.mcu.externaltools.gnu-tools-for-stm32.10.3-2021.10.linux64_1.0.100.202210260954/tools/bin/../lib/gcc/arm-none-eabi/10.3.1/../../../../arm-none-eabi/lib/thumb/v7e-m+fp/hard/libc_nano.a(lib_a-memset.o)
                0x000000000800786c                memset
 .text.strcpy   0x000000000800787c       0x10 /opt/st/stm32cubeide_1.11.2/plugins/com.st.stm32cube.ide.mcu.externaltools.gnu-tools-for-stm32.10.3-2021.10.linux64_1.0.100.202210260954/tools/bin/../lib/gcc/arm-none-eabi/10.3.1/../../../../arm-none-eabi/lib/thumb/v7e-m+fp/hard/libc_nano.a(lib_a-strcpy.o)
                0x000000000800787c                strcpy
 *(.glue_7)
 .glue_7        0x000000000800788c        0x0 linker stubs
 *(.glue_7t)
 .glue_7t       0x000000000800788c        0x0 linker stubs
 *(.eh_frame)
 .eh_frame      0x000000000800788c        0x0 /opt/st/stm32cubeide_1.11.2/plugins/com.st.stm32cube.ide.mcu.externaltools.gnu-tools-for-stm32.10.3-2021.10.linux64_1.0.100.202210260954/tools/bin/../lib/gcc/arm-none-eabi/10.3.1/thumb/v7e-m+fp/hard/crtbegin.o
 *(.init)
 .init          0x000000000800788c        0x4 /opt/st/stm32cubeide_1.11.2/plugins/com.st.stm32cube.ide.mcu.externaltools.gnu-tools-for-stm32.10.3-2021.10.linux64_1.0.100.202210260954/tools/bin/../lib/gcc/arm-none-eabi/10.3.1/thumb/v7e-m+fp/hard/crti.o
                0x000000000800788c                _init
 .init          0x0000000008007890        0x8 /opt/st/stm32cubeide_1.11.2/plugins/com.st.stm32cube.ide.mcu.externaltools.gnu-tools-for-stm32.10.3-2021.10.linux64_1.0.100.202210260954/tools/bin/../lib/gcc/arm-none-eabi/10.3.1/thumb/v7e-m+fp/hard/crtn.o
 *(.fini)
 .fini          0x0000000008007898        0x4 /opt/st/stm32cubeide_1.11.2/plugins/com.st.stm32cube.ide.mcu.externaltools.gnu-tools-for-stm32.10.3-2021.10.linux64_1.0.100.202210260954/tools/bin/../lib/gcc/arm-none-eabi/10.3.1/thumb/v7e-m+fp/hard/crti.o
                0x0000000008007898                _fini
 .fini          0x000000000800789c        0x8 /opt/st/stm32cubeide_1.11.2/plugins/com.st.stm32cube.ide.mcu.externaltools.gnu-tools-for-stm32.10.3-2021.10.linux64_1.0.100.202210260954/tools/bin/../lib/gcc/arm-none-eabi/10.3.1/thumb/v7e-m+fp/hard/crtn.o
                0x00000000080078a4                . = ALIGN (0x4)
                0x00000000080078a4                _etext = .

.vfp11_veneer   0x00000000080078a4        0x0
 .vfp11_veneer  0x00000000080078a4        0x0 linker stubs

.v4_bx          0x00000000080078a4        0x0
 .v4_bx         0x00000000080078a4        0x0 linker stubs

.iplt           0x00000000080078a4        0x0
 .iplt          0x00000000080078a4        0x0 /opt/st/stm32cubeide_1.11.2/plugins/com.st.stm32cube.ide.mcu.externaltools.gnu-tools-for-stm32.10.3-2021.10.linux64_1.0.100.202210260954/tools/bin/../lib/gcc/arm-none-eabi/10.3.1/thumb/v7e-m+fp/hard/crtbegin.o

.rodata         0x00000000080078a4       0x18
                0x00000000080078a4                . = ALIGN (0x4)
 *(.rodata)
 *(.rodata*)
 .rodata.AHBPrescTable
                0x00000000080078a4       0x10 ./Core/Src/system_stm32f4xx.o
                0x00000000080078a4                AHBPrescTable
 .rodata.APBPrescTable
                0x00000000080078b4        0x8 ./Core/Src/system_stm32f4xx.o
                0x00000000080078b4                APBPrescTable
                0x00000000080078bc                . = ALIGN (0x4)

.ARM.extab      0x00000000080078bc        0x0
                0x00000000080078bc                . = ALIGN (0x4)
 *(.ARM.extab* .gnu.linkonce.armextab.*)
                0x00000000080078bc                . = ALIGN (0x4)

.ARM            0x00000000080078bc        0x8
                0x00000000080078bc                . = ALIGN (0x4)
                0x00000000080078bc                __exidx_start = .
 *(.ARM.exidx*)
 .ARM.exidx     0x00000000080078bc        0x8 /opt/st/stm32cubeide_1.11.2/plugins/com.st.stm32cube.ide.mcu.externaltools.gnu-tools-for-stm32.10.3-2021.10.linux64_1.0.100.202210260954/tools/bin/../lib/gcc/arm-none-eabi/10.3.1/thumb/v7e-m+fp/hard/libgcc.a(_udivmoddi4.o)
                0x00000000080078c4                __exidx_end = .
                0x00000000080078c4                . = ALIGN (0x4)

.rel.dyn        0x00000000080078c4        0x0
 .rel.iplt      0x00000000080078c4        0x0 /opt/st/stm32cubeide_1.11.2/plugins/com.st.stm32cube.ide.mcu.externaltools.gnu-tools-for-stm32.10.3-2021.10.linux64_1.0.100.202210260954/tools/bin/../lib/gcc/arm-none-eabi/10.3.1/thumb/v7e-m+fp/hard/crtbegin.o

.preinit_array  0x00000000080078c4        0x0
                0x00000000080078c4                . = ALIGN (0x4)
                0x00000000080078c4                PROVIDE (__preinit_array_start = .)
 *(.preinit_array*)
                0x00000000080078c4                PROVIDE (__preinit_array_end = .)
                0x00000000080078c4                . = ALIGN (0x4)

.init_array     0x00000000080078c4        0x4
                0x00000000080078c4                . = ALIGN (0x4)
                0x00000000080078c4                PROVIDE (__init_array_start = .)
 *(SORT_BY_NAME(.init_array.*))
 *(.init_array*)
 .init_array    0x00000000080078c4        0x4 /opt/st/stm32cubeide_1.11.2/plugins/com.st.stm32cube.ide.mcu.externaltools.gnu-tools-for-stm32.10.3-2021.10.linux64_1.0.100.202210260954/tools/bin/../lib/gcc/arm-none-eabi/10.3.1/thumb/v7e-m+fp/hard/crtbegin.o
                0x00000000080078c8                PROVIDE (__init_array_end = .)
                0x00000000080078c8                . = ALIGN (0x4)

.fini_array     0x00000000080078c8        0x4
                0x00000000080078c8                . = ALIGN (0x4)
                [!provide]                        PROVIDE (__fini_array_start = .)
 *(SORT_BY_NAME(.fini_array.*))
 *(.fini_array*)
 .fini_array    0x00000000080078c8        0x4 /opt/st/stm32cubeide_1.11.2/plugins/com.st.stm32cube.ide.mcu.externaltools.gnu-tools-for-stm32.10.3-2021.10.linux64_1.0.100.202210260954/tools/bin/../lib/gcc/arm-none-eabi/10.3.1/thumb/v7e-m+fp/hard/crtbegin.o
                [!provide]                        PROVIDE (__fini_array_end = .)
                0x00000000080078cc                . = ALIGN (0x4)
                0x00000000080078cc                _sidata = LOADADDR (.data)

.data           0x0000000020000000      0x2d0 load address 0x00000000080078cc
                0x0000000020000000                . = ALIGN (0x4)
                0x0000000020000000                _sdata = .
 *(.data)
 *(.data*)
 .data.Dev      0x0000000020000000        0x4 ./Core/Src/main.o
                0x0000000020000000                Dev
 .data.adress   0x0000000020000004        0x1 ./Core/Src/main.o
                0x0000000020000004                adress
 *fill*         0x0000000020000005        0x3 
 .data.SystemCoreClock
                0x0000000020000008        0x4 ./Core/Src/system_stm32f4xx.o
                0x0000000020000008                SystemCoreClock
 .data.uwTickPrio
                0x000000002000000c        0x4 ./Drivers/STM32F4xx_HAL_Driver/Src/stm32f4xx_hal.o
                0x000000002000000c                uwTickPrio
 .data.uwTickFreq
                0x0000000020000010        0x1 ./Drivers/STM32F4xx_HAL_Driver/Src/stm32f4xx_hal.o
                0x0000000020000010                uwTickFreq
 *fill*         0x0000000020000011        0x3 
 .data.InterruptThresholdSettings
                0x0000000020000014      0x1b6 ./Drivers/VL53L0X/core/src/vl53l0x_api.o
                0x0000000020000014                InterruptThresholdSettings
 *fill*         0x00000000200001ca        0x2 
 .data.DefaultTuningSettings
                0x00000000200001cc       0xf3 ./Drivers/VL53L0X/core/src/vl53l0x_api.o
                0x00000000200001cc                DefaultTuningSettings
 *fill*         0x00000000200002bf        0x1 
 .data.refArrayQuadrants
                0x00000000200002c0       0x10 ./Drivers/VL53L0X/core/src/vl53l0x_api_calibration.o
                0x00000000200002c0                refArrayQuadrants
 *(.RamFunc)
 *(.RamFunc*)
                0x00000000200002d0                . = ALIGN (0x4)
                0x00000000200002d0                _edata = .

.igot.plt       0x00000000200002d0        0x0 load address 0x0000000008007b9c
 .igot.plt      0x00000000200002d0        0x0 /opt/st/stm32cubeide_1.11.2/plugins/com.st.stm32cube.ide.mcu.externaltools.gnu-tools-for-stm32.10.3-2021.10.linux64_1.0.100.202210260954/tools/bin/../lib/gcc/arm-none-eabi/10.3.1/thumb/v7e-m+fp/hard/crtbegin.o
                0x00000000200002d0                . = ALIGN (0x4)

.bss            0x00000000200002d0      0x288 load address 0x0000000008007b9c
                0x00000000200002d0                _sbss = .
                0x00000000200002d0                __bss_start__ = _sbss
 *(.bss)
 .bss           0x00000000200002d0       0x1c /opt/st/stm32cubeide_1.11.2/plugins/com.st.stm32cube.ide.mcu.externaltools.gnu-tools-for-stm32.10.3-2021.10.linux64_1.0.100.202210260954/tools/bin/../lib/gcc/arm-none-eabi/10.3.1/thumb/v7e-m+fp/hard/crtbegin.o
 *(.bss*)
 .bss.hi2c1     0x00000000200002ec       0x54 ./Core/Src/main.o
                0x00000000200002ec                hi2c1
 .bss.RangingData
                0x0000000020000340       0x1c ./Core/Src/main.o
                0x0000000020000340                RangingData
 .bss.vl53l0x_c
                0x000000002000035c      0x1b4 ./Core/Src/main.o
                0x000000002000035c                vl53l0x_c
 .bss.mm        0x0000000020000510        0x2 ./Core/Src/main.o
                0x0000000020000510                mm
 *fill*         0x0000000020000512        0x2 
 .bss.uwTick    0x0000000020000514        0x4 ./Drivers/STM32F4xx_HAL_Driver/Src/stm32f4xx_hal.o
                0x0000000020000514                uwTick
 .bss._I2CBuffer
                0x0000000020000518       0x40 ./Drivers/VL53L0X/platform/src/vl53l0x_platform.o
                0x0000000020000518                _I2CBuffer
 *(COMMON)
                0x0000000020000558                . = ALIGN (0x4)
                0x0000000020000558                _ebss = .
                0x0000000020000558                __bss_end__ = _ebss

._user_heap_stack
                0x0000000020000558      0x600 load address 0x0000000008007b9c
                0x0000000020000558                . = ALIGN (0x8)
                [!provide]                        PROVIDE (end = .)
                0x0000000020000558                PROVIDE (_end = .)
                0x0000000020000758                . = (. + _Min_Heap_Size)
 *fill*         0x0000000020000558      0x200 
                0x0000000020000b58                . = (. + _Min_Stack_Size)
 *fill*         0x0000000020000758      0x400 
                0x0000000020000b58                . = ALIGN (0x8)

/DISCARD/
 libc.a(*)
 libm.a(*)
 libgcc.a(*)

.ARM.attributes
                0x0000000000000000       0x30
 *(.ARM.attributes)
 .ARM.attributes
                0x0000000000000000       0x1e /opt/st/stm32cubeide_1.11.2/plugins/com.st.stm32cube.ide.mcu.externaltools.gnu-tools-for-stm32.10.3-2021.10.linux64_1.0.100.202210260954/tools/bin/../lib/gcc/arm-none-eabi/10.3.1/thumb/v7e-m+fp/hard/crti.o
 .ARM.attributes
                0x000000000000001e       0x34 /opt/st/stm32cubeide_1.11.2/plugins/com.st.stm32cube.ide.mcu.externaltools.gnu-tools-for-stm32.10.3-2021.10.linux64_1.0.100.202210260954/tools/bin/../lib/gcc/arm-none-eabi/10.3.1/thumb/v7e-m+fp/hard/crtbegin.o
 .ARM.attributes
                0x0000000000000052       0x34 ./Core/Src/main.o
 .ARM.attributes
                0x0000000000000086       0x34 ./Core/Src/stm32f4xx_hal_msp.o
 .ARM.attributes
                0x00000000000000ba       0x34 ./Core/Src/stm32f4xx_it.o
 .ARM.attributes
                0x00000000000000ee       0x34 ./Core/Src/system_stm32f4xx.o
 .ARM.attributes
                0x0000000000000122       0x21 ./Core/Startup/startup_stm32f401ceux.o
 .ARM.attributes
                0x0000000000000143       0x34 ./Drivers/STM32F4xx_HAL_Driver/Src/stm32f4xx_hal.o
 .ARM.attributes
                0x0000000000000177       0x34 ./Drivers/STM32F4xx_HAL_Driver/Src/stm32f4xx_hal_cortex.o
 .ARM.attributes
                0x00000000000001ab       0x34 ./Drivers/STM32F4xx_HAL_Driver/Src/stm32f4xx_hal_gpio.o
 .ARM.attributes
                0x00000000000001df       0x34 ./Drivers/STM32F4xx_HAL_Driver/Src/stm32f4xx_hal_i2c.o
 .ARM.attributes
                0x0000000000000213       0x34 ./Drivers/STM32F4xx_HAL_Driver/Src/stm32f4xx_hal_rcc.o
 .ARM.attributes
                0x0000000000000247       0x34 ./Drivers/VL53L0X/core/src/vl53l0x_api.o
 .ARM.attributes
                0x000000000000027b       0x34 ./Drivers/VL53L0X/core/src/vl53l0x_api_calibration.o
 .ARM.attributes
                0x00000000000002af       0x34 ./Drivers/VL53L0X/core/src/vl53l0x_api_core.o
 .ARM.attributes
                0x00000000000002e3       0x34 ./Drivers/VL53L0X/platform/src/vl53l0x_platform.o
 .ARM.attributes
                0x0000000000000317       0x34 /opt/st/stm32cubeide_1.11.2/plugins/com.st.stm32cube.ide.mcu.externaltools.gnu-tools-for-stm32.10.3-2021.10.linux64_1.0.100.202210260954/tools/bin/../lib/gcc/arm-none-eabi/10.3.1/../../../../arm-none-eabi/lib/thumb/v7e-m+fp/hard/libc_nano.a(lib_a-init.o)
 .ARM.attributes
                0x000000000000034b       0x34 /opt/st/stm32cubeide_1.11.2/plugins/com.st.stm32cube.ide.mcu.externaltools.gnu-tools-for-stm32.10.3-2021.10.linux64_1.0.100.202210260954/tools/bin/../lib/gcc/arm-none-eabi/10.3.1/../../../../arm-none-eabi/lib/thumb/v7e-m+fp/hard/libc_nano.a(lib_a-memcpy-stub.o)
 .ARM.attributes
                0x000000000000037f       0x34 /opt/st/stm32cubeide_1.11.2/plugins/com.st.stm32cube.ide.mcu.externaltools.gnu-tools-for-stm32.10.3-2021.10.linux64_1.0.100.202210260954/tools/bin/../lib/gcc/arm-none-eabi/10.3.1/../../../../arm-none-eabi/lib/thumb/v7e-m+fp/hard/libc_nano.a(lib_a-memset.o)
 .ARM.attributes
                0x00000000000003b3       0x34 /opt/st/stm32cubeide_1.11.2/plugins/com.st.stm32cube.ide.mcu.externaltools.gnu-tools-for-stm32.10.3-2021.10.linux64_1.0.100.202210260954/tools/bin/../lib/gcc/arm-none-eabi/10.3.1/../../../../arm-none-eabi/lib/thumb/v7e-m+fp/hard/libc_nano.a(lib_a-strcpy.o)
 .ARM.attributes
                0x00000000000003e7       0x1e /opt/st/stm32cubeide_1.11.2/plugins/com.st.stm32cube.ide.mcu.externaltools.gnu-tools-for-stm32.10.3-2021.10.linux64_1.0.100.202210260954/tools/bin/../lib/gcc/arm-none-eabi/10.3.1/thumb/v7e-m+fp/hard/libgcc.a(_aeabi_uldivmod.o)
 .ARM.attributes
                0x0000000000000405       0x34 /opt/st/stm32cubeide_1.11.2/plugins/com.st.stm32cube.ide.mcu.externaltools.gnu-tools-for-stm32.10.3-2021.10.linux64_1.0.100.202210260954/tools/bin/../lib/gcc/arm-none-eabi/10.3.1/thumb/v7e-m+fp/hard/libgcc.a(_udivmoddi4.o)
 .ARM.attributes
                0x0000000000000439       0x1e /opt/st/stm32cubeide_1.11.2/plugins/com.st.stm32cube.ide.mcu.externaltools.gnu-tools-for-stm32.10.3-2021.10.linux64_1.0.100.202210260954/tools/bin/../lib/gcc/arm-none-eabi/10.3.1/thumb/v7e-m+fp/hard/libgcc.a(_dvmd_tls.o)
 .ARM.attributes
                0x0000000000000457       0x1e /opt/st/stm32cubeide_1.11.2/plugins/com.st.stm32cube.ide.mcu.externaltools.gnu-tools-for-stm32.10.3-2021.10.linux64_1.0.100.202210260954/tools/bin/../lib/gcc/arm-none-eabi/10.3.1/thumb/v7e-m+fp/hard/crtn.o
OUTPUT(BuczekSumowskiSTM32Project.elf elf32-littlearm)
LOAD linker stubs
LOAD /opt/st/stm32cubeide_1.11.2/plugins/com.st.stm32cube.ide.mcu.externaltools.gnu-tools-for-stm32.10.3-2021.10.linux64_1.0.100.202210260954/tools/bin/../lib/gcc/arm-none-eabi/10.3.1/../../../../arm-none-eabi/lib/thumb/v7e-m+fp/hard/libc.a
LOAD /opt/st/stm32cubeide_1.11.2/plugins/com.st.stm32cube.ide.mcu.externaltools.gnu-tools-for-stm32.10.3-2021.10.linux64_1.0.100.202210260954/tools/bin/../lib/gcc/arm-none-eabi/10.3.1/../../../../arm-none-eabi/lib/thumb/v7e-m+fp/hard/libm.a
LOAD /opt/st/stm32cubeide_1.11.2/plugins/com.st.stm32cube.ide.mcu.externaltools.gnu-tools-for-stm32.10.3-2021.10.linux64_1.0.100.202210260954/tools/bin/../lib/gcc/arm-none-eabi/10.3.1/thumb/v7e-m+fp/hard/libgcc.a

.debug_info     0x0000000000000000     0xfedf
 .debug_info    0x0000000000000000     0x152c ./Core/Src/main.o
 .debug_info    0x000000000000152c      0xa0b ./Core/Src/stm32f4xx_hal_msp.o
 .debug_info    0x0000000000001f37      0x121 ./Core/Src/stm32f4xx_it.o
 .debug_info    0x0000000000002058      0x54f ./Core/Src/system_stm32f4xx.o
 .debug_info    0x00000000000025a7       0x22 ./Core/Startup/startup_stm32f401ceux.o
 .debug_info    0x00000000000025c9      0x906 ./Drivers/STM32F4xx_HAL_Driver/Src/stm32f4xx_hal.o
 .debug_info    0x0000000000002ecf      0xd85 ./Drivers/STM32F4xx_HAL_Driver/Src/stm32f4xx_hal_cortex.o
 .debug_info    0x0000000000003c54      0x78e ./Drivers/STM32F4xx_HAL_Driver/Src/stm32f4xx_hal_gpio.o
 .debug_info    0x00000000000043e2     0x260f ./Drivers/STM32F4xx_HAL_Driver/Src/stm32f4xx_hal_i2c.o
 .debug_info    0x00000000000069f1      0x98c ./Drivers/STM32F4xx_HAL_Driver/Src/stm32f4xx_hal_rcc.o
 .debug_info    0x000000000000737d     0x3773 ./Drivers/VL53L0X/core/src/vl53l0x_api.o
 .debug_info    0x000000000000aaf0     0x1e5e ./Drivers/VL53L0X/core/src/vl53l0x_api_calibration.o
 .debug_info    0x000000000000c94e     0x22db ./Drivers/VL53L0X/core/src/vl53l0x_api_core.o
 .debug_info    0x000000000000ec29     0x12b6 ./Drivers/VL53L0X/platform/src/vl53l0x_platform.o

.debug_abbrev   0x0000000000000000     0x1cae
 .debug_abbrev  0x0000000000000000      0x2dd ./Core/Src/main.o
 .debug_abbrev  0x00000000000002dd      0x194 ./Core/Src/stm32f4xx_hal_msp.o
 .debug_abbrev  0x0000000000000471       0x74 ./Core/Src/stm32f4xx_it.o
 .debug_abbrev  0x00000000000004e5      0x116 ./Core/Src/system_stm32f4xx.o
 .debug_abbrev  0x00000000000005fb       0x12 ./Core/Startup/startup_stm32f401ceux.o
 .debug_abbrev  0x000000000000060d      0x23e ./Drivers/STM32F4xx_HAL_Driver/Src/stm32f4xx_hal.o
 .debug_abbrev  0x000000000000084b      0x316 ./Drivers/STM32F4xx_HAL_Driver/Src/stm32f4xx_hal_cortex.o
 .debug_abbrev  0x0000000000000b61      0x1c4 ./Drivers/STM32F4xx_HAL_Driver/Src/stm32f4xx_hal_gpio.o
 .debug_abbrev  0x0000000000000d25      0x2a8 ./Drivers/STM32F4xx_HAL_Driver/Src/stm32f4xx_hal_i2c.o
 .debug_abbrev  0x0000000000000fcd      0x2aa ./Drivers/STM32F4xx_HAL_Driver/Src/stm32f4xx_hal_rcc.o
 .debug_abbrev  0x0000000000001277      0x2a9 ./Drivers/VL53L0X/core/src/vl53l0x_api.o
 .debug_abbrev  0x0000000000001520      0x29e ./Drivers/VL53L0X/core/src/vl53l0x_api_calibration.o
 .debug_abbrev  0x00000000000017be      0x2b5 ./Drivers/VL53L0X/core/src/vl53l0x_api_core.o
 .debug_abbrev  0x0000000000001a73      0x23b ./Drivers/VL53L0X/platform/src/vl53l0x_platform.o

.debug_aranges  0x0000000000000000      0xc00
 .debug_aranges
                0x0000000000000000       0x48 ./Core/Src/main.o
 .debug_aranges
                0x0000000000000048       0x30 ./Core/Src/stm32f4xx_hal_msp.o
 .debug_aranges
                0x0000000000000078       0x60 ./Core/Src/stm32f4xx_it.o
 .debug_aranges
                0x00000000000000d8       0x28 ./Core/Src/system_stm32f4xx.o
 .debug_aranges
                0x0000000000000100       0x28 ./Core/Startup/startup_stm32f401ceux.o
 .debug_aranges
                0x0000000000000128       0xf0 ./Drivers/STM32F4xx_HAL_Driver/Src/stm32f4xx_hal.o
 .debug_aranges
                0x0000000000000218      0x118 ./Drivers/STM32F4xx_HAL_Driver/Src/stm32f4xx_hal_cortex.o
 .debug_aranges
                0x0000000000000330       0x58 ./Drivers/STM32F4xx_HAL_Driver/Src/stm32f4xx_hal_gpio.o
 .debug_aranges
                0x0000000000000388      0x2a0 ./Drivers/STM32F4xx_HAL_Driver/Src/stm32f4xx_hal_i2c.o
 .debug_aranges
                0x0000000000000628       0x88 ./Drivers/STM32F4xx_HAL_Driver/Src/stm32f4xx_hal_rcc.o
 .debug_aranges
                0x00000000000006b0      0x320 ./Drivers/VL53L0X/core/src/vl53l0x_api.o
 .debug_aranges
                0x00000000000009d0       0xd0 ./Drivers/VL53L0X/core/src/vl53l0x_api_calibration.o
 .debug_aranges
                0x0000000000000aa0       0xe8 ./Drivers/VL53L0X/core/src/vl53l0x_api_core.o
 .debug_aranges
                0x0000000000000b88       0x78 ./Drivers/VL53L0X/platform/src/vl53l0x_platform.o

.debug_ranges   0x0000000000000000      0xb40
 .debug_ranges  0x0000000000000000       0x38 ./Core/Src/main.o
 .debug_ranges  0x0000000000000038       0x20 ./Core/Src/stm32f4xx_hal_msp.o
 .debug_ranges  0x0000000000000058       0x50 ./Core/Src/stm32f4xx_it.o
 .debug_ranges  0x00000000000000a8       0x18 ./Core/Src/system_stm32f4xx.o
 .debug_ranges  0x00000000000000c0       0x20 ./Core/Startup/startup_stm32f401ceux.o
 .debug_ranges  0x00000000000000e0       0xe0 ./Drivers/STM32F4xx_HAL_Driver/Src/stm32f4xx_hal.o
 .debug_ranges  0x00000000000001c0      0x108 ./Drivers/STM32F4xx_HAL_Driver/Src/stm32f4xx_hal_cortex.o
 .debug_ranges  0x00000000000002c8       0x48 ./Drivers/STM32F4xx_HAL_Driver/Src/stm32f4xx_hal_gpio.o
 .debug_ranges  0x0000000000000310      0x2a8 ./Drivers/STM32F4xx_HAL_Driver/Src/stm32f4xx_hal_i2c.o
 .debug_ranges  0x00000000000005b8       0x78 ./Drivers/STM32F4xx_HAL_Driver/Src/stm32f4xx_hal_rcc.o
 .debug_ranges  0x0000000000000630      0x310 ./Drivers/VL53L0X/core/src/vl53l0x_api.o
 .debug_ranges  0x0000000000000940       0xc0 ./Drivers/VL53L0X/core/src/vl53l0x_api_calibration.o
 .debug_ranges  0x0000000000000a00       0xd8 ./Drivers/VL53L0X/core/src/vl53l0x_api_core.o
 .debug_ranges  0x0000000000000ad8       0x68 ./Drivers/VL53L0X/platform/src/vl53l0x_platform.o

.debug_macro    0x0000000000000000    0x16c57
 .debug_macro   0x0000000000000000      0x3da ./Core/Src/main.o
 .debug_macro   0x00000000000003da      0xa78 ./Core/Src/main.o
 .debug_macro   0x0000000000000e52      0x295 ./Core/Src/main.o
 .debug_macro   0x00000000000010e7       0x2e ./Core/Src/main.o
 .debug_macro   0x0000000000001115       0x28 ./Core/Src/main.o
 .debug_macro   0x000000000000113d       0x22 ./Core/Src/main.o
 .debug_macro   0x000000000000115f       0x8e ./Core/Src/main.o
 .debug_macro   0x00000000000011ed       0x51 ./Core/Src/main.o
 .debug_macro   0x000000000000123e      0x103 ./Core/Src/main.o
 .debug_macro   0x0000000000001341       0x6a ./Core/Src/main.o
 .debug_macro   0x00000000000013ab      0x1df ./Core/Src/main.o
 .debug_macro   0x000000000000158a       0x1c ./Core/Src/main.o
 .debug_macro   0x00000000000015a6       0x22 ./Core/Src/main.o
 .debug_macro   0x00000000000015c8       0xd9 ./Core/Src/main.o
 .debug_macro   0x00000000000016a1     0x102d ./Core/Src/main.o
 .debug_macro   0x00000000000026ce      0x11f ./Core/Src/main.o
 .debug_macro   0x00000000000027ed     0xb86c ./Core/Src/main.o
 .debug_macro   0x000000000000e059       0x6d ./Core/Src/main.o
 .debug_macro   0x000000000000e0c6     0x367e ./Core/Src/main.o
 .debug_macro   0x0000000000011744      0x174 ./Core/Src/main.o
 .debug_macro   0x00000000000118b8       0x5c ./Core/Src/main.o
 .debug_macro   0x0000000000011914      0x416 ./Core/Src/main.o
 .debug_macro   0x0000000000011d2a      0x9fe ./Core/Src/main.o
 .debug_macro   0x0000000000012728      0x115 ./Core/Src/main.o
 .debug_macro   0x000000000001283d       0xf8 ./Core/Src/main.o
 .debug_macro   0x0000000000012935       0xa5 ./Core/Src/main.o
 .debug_macro   0x00000000000129da      0x15f ./Core/Src/main.o
 .debug_macro   0x0000000000012b39      0x287 ./Core/Src/main.o
 .debug_macro   0x0000000000012dc0       0x5f ./Core/Src/main.o
 .debug_macro   0x0000000000012e1f      0x236 ./Core/Src/main.o
 .debug_macro   0x0000000000013055      0x132 ./Core/Src/main.o
 .debug_macro   0x0000000000013187      0x264 ./Core/Src/main.o
 .debug_macro   0x00000000000133eb       0x2e ./Core/Src/main.o
 .debug_macro   0x0000000000013419      0x1b5 ./Core/Src/main.o
 .debug_macro   0x00000000000135ce       0x22 ./Core/Src/main.o
 .debug_macro   0x00000000000135f0       0xd6 ./Core/Src/main.o
 .debug_macro   0x00000000000136c6      0x11a ./Core/Src/main.o
 .debug_macro   0x00000000000137e0       0x85 ./Core/Src/main.o
 .debug_macro   0x0000000000013865       0x89 ./Core/Src/main.o
 .debug_macro   0x00000000000138ee      0x126 ./Core/Src/main.o
 .debug_macro   0x0000000000013a14       0x76 ./Core/Src/main.o
 .debug_macro   0x0000000000013a8a      0x29c ./Core/Src/main.o
 .debug_macro   0x0000000000013d26      0x20a ./Core/Src/main.o
 .debug_macro   0x0000000000013f30       0x52 ./Core/Src/main.o
 .debug_macro   0x0000000000013f82       0x1e ./Core/Src/main.o
 .debug_macro   0x0000000000013fa0       0x3c ./Core/Src/main.o
 .debug_macro   0x0000000000013fdc       0x34 ./Core/Src/main.o
 .debug_macro   0x0000000000014010       0x16 ./Core/Src/main.o
 .debug_macro   0x0000000000014026       0x35 ./Core/Src/main.o
 .debug_macro   0x000000000001405b      0x341 ./Core/Src/main.o
 .debug_macro   0x000000000001439c       0x10 ./Core/Src/main.o
 .debug_macro   0x00000000000143ac       0x16 ./Core/Src/main.o
 .debug_macro   0x00000000000143c2       0x43 ./Core/Src/main.o
 .debug_macro   0x0000000000014405       0x34 ./Core/Src/main.o
 .debug_macro   0x0000000000014439       0x10 ./Core/Src/main.o
 .debug_macro   0x0000000000014449       0x58 ./Core/Src/main.o
 .debug_macro   0x00000000000144a1       0x71 ./Core/Src/main.o
 .debug_macro   0x0000000000014512       0x1c ./Core/Src/main.o
 .debug_macro   0x000000000001452e      0x12a ./Core/Src/main.o
 .debug_macro   0x0000000000014658       0x10 ./Core/Src/main.o
 .debug_macro   0x0000000000014668       0x1c ./Core/Src/main.o
 .debug_macro   0x0000000000014684       0x52 ./Core/Src/main.o
 .debug_macro   0x00000000000146d6       0x22 ./Core/Src/main.o
 .debug_macro   0x00000000000146f8       0x10 ./Core/Src/main.o
 .debug_macro   0x0000000000014708       0x52 ./Core/Src/main.o
 .debug_macro   0x000000000001475a       0xd5 ./Core/Src/main.o
 .debug_macro   0x000000000001482f       0x1c ./Core/Src/main.o
 .debug_macro   0x000000000001484b       0x3d ./Core/Src/main.o
 .debug_macro   0x0000000000014888       0x16 ./Core/Src/main.o
 .debug_macro   0x000000000001489e      0x145 ./Core/Src/main.o
 .debug_macro   0x00000000000149e3       0x16 ./Core/Src/main.o
 .debug_macro   0x00000000000149f9       0x20 ./Core/Src/main.o
 .debug_macro   0x0000000000014a19       0x2e ./Core/Src/main.o
 .debug_macro   0x0000000000014a47       0x17 ./Core/Src/main.o
 .debug_macro   0x0000000000014a5e      0x1d2 ./Core/Src/main.o
 .debug_macro   0x0000000000014c30      0x1d3 ./Core/Src/stm32f4xx_hal_msp.o
 .debug_macro   0x0000000000014e03      0x1dd ./Core/Src/stm32f4xx_it.o
 .debug_macro   0x0000000000014fe0      0x1c9 ./Core/Src/system_stm32f4xx.o
 .debug_macro   0x00000000000151a9      0x229 ./Drivers/STM32F4xx_HAL_Driver/Src/stm32f4xx_hal.o
 .debug_macro   0x00000000000153d2      0x1c9 ./Drivers/STM32F4xx_HAL_Driver/Src/stm32f4xx_hal_cortex.o
 .debug_macro   0x000000000001559b      0x1cf ./Drivers/STM32F4xx_HAL_Driver/Src/stm32f4xx_hal_gpio.o
 .debug_macro   0x000000000001576a      0x210 ./Drivers/STM32F4xx_HAL_Driver/Src/stm32f4xx_hal_i2c.o
 .debug_macro   0x000000000001597a      0x1ed ./Drivers/STM32F4xx_HAL_Driver/Src/stm32f4xx_hal_rcc.o
 .debug_macro   0x0000000000015b67      0x442 ./Drivers/VL53L0X/core/src/vl53l0x_api.o
 .debug_macro   0x0000000000015fa9       0x56 ./Drivers/VL53L0X/core/src/vl53l0x_api.o
 .debug_macro   0x0000000000015fff      0x43c ./Drivers/VL53L0X/core/src/vl53l0x_api_calibration.o
 .debug_macro   0x000000000001643b      0x42a ./Drivers/VL53L0X/core/src/vl53l0x_api_core.o
 .debug_macro   0x0000000000016865      0x3f2 ./Drivers/VL53L0X/platform/src/vl53l0x_platform.o

.debug_line     0x0000000000000000     0xeaf5
 .debug_line    0x0000000000000000      0xd27 ./Core/Src/main.o
 .debug_line    0x0000000000000d27      0x6d5 ./Core/Src/stm32f4xx_hal_msp.o
 .debug_line    0x00000000000013fc      0x74a ./Core/Src/stm32f4xx_it.o
 .debug_line    0x0000000000001b46      0x709 ./Core/Src/system_stm32f4xx.o
 .debug_line    0x000000000000224f       0x88 ./Core/Startup/startup_stm32f401ceux.o
 .debug_line    0x00000000000022d7      0x96f ./Drivers/STM32F4xx_HAL_Driver/Src/stm32f4xx_hal.o
 .debug_line    0x0000000000002c46      0xc1e ./Drivers/STM32F4xx_HAL_Driver/Src/stm32f4xx_hal_cortex.o
 .debug_line    0x0000000000003864      0xaa7 ./Drivers/STM32F4xx_HAL_Driver/Src/stm32f4xx_hal_gpio.o
 .debug_line    0x000000000000430b     0x3924 ./Drivers/STM32F4xx_HAL_Driver/Src/stm32f4xx_hal_i2c.o
 .debug_line    0x0000000000007c2f      0xce9 ./Drivers/STM32F4xx_HAL_Driver/Src/stm32f4xx_hal_rcc.o
 .debug_line    0x0000000000008918     0x2312 ./Drivers/VL53L0X/core/src/vl53l0x_api.o
 .debug_line    0x000000000000ac2a     0x1578 ./Drivers/VL53L0X/core/src/vl53l0x_api_calibration.o
 .debug_line    0x000000000000c1a2     0x1c48 ./Drivers/VL53L0X/core/src/vl53l0x_api_core.o
 .debug_line    0x000000000000ddea      0xd0b ./Drivers/VL53L0X/platform/src/vl53l0x_platform.o

.debug_str      0x0000000000000000    0x8b545
 .debug_str     0x0000000000000000    0x86ca1 ./Core/Src/main.o
                                      0x87119 (size before relaxing)
 .debug_str     0x0000000000086ca1       0xa1 ./Core/Src/stm32f4xx_hal_msp.o
                                      0x7f034 (size before relaxing)
 .debug_str     0x0000000000086d42       0xc9 ./Core/Src/stm32f4xx_it.o
                                      0x7ea05 (size before relaxing)
 .debug_str     0x0000000000086e0b       0xdb ./Core/Src/system_stm32f4xx.o
                                      0x7eb41 (size before relaxing)
 .debug_str     0x0000000000086ee6       0x36 ./Core/Startup/startup_stm32f401ceux.o
                                         0x89 (size before relaxing)
 .debug_str     0x0000000000086f1c      0x9ae ./Drivers/STM32F4xx_HAL_Driver/Src/stm32f4xx_hal.o
                                      0x7f563 (size before relaxing)
 .debug_str     0x00000000000878ca      0x34a ./Drivers/STM32F4xx_HAL_Driver/Src/stm32f4xx_hal_cortex.o
                                      0x7f284 (size before relaxing)
 .debug_str     0x0000000000087c14      0x121 ./Drivers/STM32F4xx_HAL_Driver/Src/stm32f4xx_hal_gpio.o
                                      0x7ecbc (size before relaxing)
 .debug_str     0x0000000000087d35      0xaee ./Drivers/STM32F4xx_HAL_Driver/Src/stm32f4xx_hal_i2c.o
                                      0x7faff (size before relaxing)
 .debug_str     0x0000000000088823      0x213 ./Drivers/STM32F4xx_HAL_Driver/Src/stm32f4xx_hal_rcc.o
                                      0x7ef75 (size before relaxing)
 .debug_str     0x0000000000088a36     0x18c9 ./Drivers/VL53L0X/core/src/vl53l0x_api.o
                                      0x8880f (size before relaxing)
 .debug_str     0x000000000008a2ff      0x67a ./Drivers/VL53L0X/core/src/vl53l0x_api_calibration.o
                                      0x87941 (size before relaxing)
 .debug_str     0x000000000008a979      0xac0 ./Drivers/VL53L0X/core/src/vl53l0x_api_core.o
                                      0x87dfa (size before relaxing)
 .debug_str     0x000000000008b439      0x10c ./Drivers/VL53L0X/platform/src/vl53l0x_platform.o
                                      0x86e13 (size before relaxing)

.comment        0x0000000000000000       0x50
 .comment       0x0000000000000000       0x50 ./Core/Src/main.o
                                         0x51 (size before relaxing)
 .comment       0x0000000000000050       0x51 ./Core/Src/stm32f4xx_hal_msp.o
 .comment       0x0000000000000050       0x51 ./Core/Src/stm32f4xx_it.o
 .comment       0x0000000000000050       0x51 ./Core/Src/system_stm32f4xx.o
 .comment       0x0000000000000050       0x51 ./Drivers/STM32F4xx_HAL_Driver/Src/stm32f4xx_hal.o
 .comment       0x0000000000000050       0x51 ./Drivers/STM32F4xx_HAL_Driver/Src/stm32f4xx_hal_cortex.o
 .comment       0x0000000000000050       0x51 ./Drivers/STM32F4xx_HAL_Driver/Src/stm32f4xx_hal_gpio.o
 .comment       0x0000000000000050       0x51 ./Drivers/STM32F4xx_HAL_Driver/Src/stm32f4xx_hal_i2c.o
 .comment       0x0000000000000050       0x51 ./Drivers/STM32F4xx_HAL_Driver/Src/stm32f4xx_hal_rcc.o
 .comment       0x0000000000000050       0x51 ./Drivers/VL53L0X/core/src/vl53l0x_api.o
 .comment       0x0000000000000050       0x51 ./Drivers/VL53L0X/core/src/vl53l0x_api_calibration.o
 .comment       0x0000000000000050       0x51 ./Drivers/VL53L0X/core/src/vl53l0x_api_core.o
 .comment       0x0000000000000050       0x51 ./Drivers/VL53L0X/platform/src/vl53l0x_platform.o

.debug_frame    0x0000000000000000     0x32b4
 .debug_frame   0x0000000000000000       0xd4 ./Core/Src/main.o
 .debug_frame   0x00000000000000d4       0x80 ./Core/Src/stm32f4xx_hal_msp.o
 .debug_frame   0x0000000000000154      0x104 ./Core/Src/stm32f4xx_it.o
 .debug_frame   0x0000000000000258       0x58 ./Core/Src/system_stm32f4xx.o
 .debug_frame   0x00000000000002b0      0x374 ./Drivers/STM32F4xx_HAL_Driver/Src/stm32f4xx_hal.o
 .debug_frame   0x0000000000000624      0x498 ./Drivers/STM32F4xx_HAL_Driver/Src/stm32f4xx_hal_cortex.o
 .debug_frame   0x0000000000000abc      0x14c ./Drivers/STM32F4xx_HAL_Driver/Src/stm32f4xx_hal_gpio.o
 .debug_frame   0x0000000000000c08      0xc5c ./Drivers/STM32F4xx_HAL_Driver/Src/stm32f4xx_hal_i2c.o
 .debug_frame   0x0000000000001864      0x1f4 ./Drivers/STM32F4xx_HAL_Driver/Src/stm32f4xx_hal_rcc.o
 .debug_frame   0x0000000000001a58      0xe40 ./Drivers/VL53L0X/core/src/vl53l0x_api.o
 .debug_frame   0x0000000000002898      0x374 ./Drivers/VL53L0X/core/src/vl53l0x_api_calibration.o
 .debug_frame   0x0000000000002c0c      0x3f4 ./Drivers/VL53L0X/core/src/vl53l0x_api_core.o
 .debug_frame   0x0000000000003000      0x1c0 ./Drivers/VL53L0X/platform/src/vl53l0x_platform.o
 .debug_frame   0x00000000000031c0       0x2c /opt/st/stm32cubeide_1.11.2/plugins/com.st.stm32cube.ide.mcu.externaltools.gnu-tools-for-stm32.10.3-2021.10.linux64_1.0.100.202210260954/tools/bin/../lib/gcc/arm-none-eabi/10.3.1/../../../../arm-none-eabi/lib/thumb/v7e-m+fp/hard/libc_nano.a(lib_a-init.o)
 .debug_frame   0x00000000000031ec       0x28 /opt/st/stm32cubeide_1.11.2/plugins/com.st.stm32cube.ide.mcu.externaltools.gnu-tools-for-stm32.10.3-2021.10.linux64_1.0.100.202210260954/tools/bin/../lib/gcc/arm-none-eabi/10.3.1/../../../../arm-none-eabi/lib/thumb/v7e-m+fp/hard/libc_nano.a(lib_a-memcpy-stub.o)
 .debug_frame   0x0000000000003214       0x20 /opt/st/stm32cubeide_1.11.2/plugins/com.st.stm32cube.ide.mcu.externaltools.gnu-tools-for-stm32.10.3-2021.10.linux64_1.0.100.202210260954/tools/bin/../lib/gcc/arm-none-eabi/10.3.1/../../../../arm-none-eabi/lib/thumb/v7e-m+fp/hard/libc_nano.a(lib_a-memset.o)
 .debug_frame   0x0000000000003234       0x20 /opt/st/stm32cubeide_1.11.2/plugins/com.st.stm32cube.ide.mcu.externaltools.gnu-tools-for-stm32.10.3-2021.10.linux64_1.0.100.202210260954/tools/bin/../lib/gcc/arm-none-eabi/10.3.1/../../../../arm-none-eabi/lib/thumb/v7e-m+fp/hard/libc_nano.a(lib_a-strcpy.o)
 .debug_frame   0x0000000000003254       0x2c /opt/st/stm32cubeide_1.11.2/plugins/com.st.stm32cube.ide.mcu.externaltools.gnu-tools-for-stm32.10.3-2021.10.linux64_1.0.100.202210260954/tools/bin/../lib/gcc/arm-none-eabi/10.3.1/thumb/v7e-m+fp/hard/libgcc.a(_aeabi_uldivmod.o)
 .debug_frame   0x0000000000003280       0x34 /opt/st/stm32cubeide_1.11.2/plugins/com.st.stm32cube.ide.mcu.externaltools.gnu-tools-for-stm32.10.3-2021.10.linux64_1.0.100.202210260954/tools/bin/../lib/gcc/arm-none-eabi/10.3.1/thumb/v7e-m+fp/hard/libgcc.a(_udivmoddi4.o)
