../Drivers/VL53L0X/core/src/vl53l0x_api_core.c:45:15:VL53L0X_reverse_bytes	40	static
../Drivers/VL53L0X/core/src/vl53l0x_api_core.c:62:15:VL53L0X_measurement_poll_for_completion	32	static
../Drivers/VL53L0X/core/src/vl53l0x_api_core.c:95:9:VL53L0X_decode_vcsel_period	24	static
../Drivers/VL53L0X/core/src/vl53l0x_api_core.c:109:9:VL53L0X_encode_vcsel_period	24	static
../Drivers/VL53L0X/core/src/vl53l0x_api_core.c:124:10:VL53L0X_isqrt	24	static
../Drivers/VL53L0X/core/src/vl53l0x_api_core.c:157:10:VL53L0X_quadrature_sum	24	static
../Drivers/VL53L0X/core/src/vl53l0x_api_core.c:180:15:VL53L0X_device_read_strobe	32	static
../Drivers/VL53L0X/core/src/vl53l0x_api_core.c:215:15:VL53L0X_get_info_from_device	104	static
../Drivers/VL53L0X/core/src/vl53l0x_api_core.c:483:10:VL53L0X_calc_macro_period_ps	32	static
../Drivers/VL53L0X/core/src/vl53l0x_api_core.c:505:10:VL53L0X_encode_timeout	32	static
../Drivers/VL53L0X/core/src/vl53l0x_api_core.c:531:10:VL53L0X_decode_timeout	24	static
../Drivers/VL53L0X/core/src/vl53l0x_api_core.c:547:10:VL53L0X_calc_timeout_mclks	40	static
../Drivers/VL53L0X/core/src/vl53l0x_api_core.c:566:10:VL53L0X_calc_timeout_us	32	static
../Drivers/VL53L0X/core/src/vl53l0x_api_core.c:584:15:get_sequence_step_timeout	56	static
../Drivers/VL53L0X/core/src/vl53l0x_api_core.c:694:15:set_sequence_step_timeout	48	static
../Drivers/VL53L0X/core/src/vl53l0x_api_core.c:839:15:VL53L0X_set_vcsel_pulse_period	48	static
../Drivers/VL53L0X/core/src/vl53l0x_api_core.c:1089:15:VL53L0X_get_vcsel_pulse_period	32	static
../Drivers/VL53L0X/core/src/vl53l0x_api_core.c:1119:15:VL53L0X_set_measurement_timing_budget_micro_seconds	72	static
../Drivers/VL53L0X/core/src/vl53l0x_api_core.c:1264:15:VL53L0X_get_measurement_timing_budget_micro_seconds	72	static
../Drivers/VL53L0X/core/src/vl53l0x_api_core.c:1356:15:VL53L0X_load_tuning_settings	40	static
../Drivers/VL53L0X/core/src/vl53l0x_api_core.c:1442:15:VL53L0X_get_total_xtalk_rate	40	static
../Drivers/VL53L0X/core/src/vl53l0x_api_core.c:1478:15:VL53L0X_get_total_signal_rate	32	static
../Drivers/VL53L0X/core/src/vl53l0x_api_core.c:1499:15:get_dmax_lut_points	24	static
../Drivers/VL53L0X/core/src/vl53l0x_api_core.c:1530:15:VL53L0X_calc_dmax	248	static
../Drivers/VL53L0X/core/src/vl53l0x_api_core.c:1584:15:VL53L0X_calc_sigma_estimate	200	static
../Drivers/VL53L0X/core/src/vl53l0x_api_core.c:1898:15:VL53L0X_get_pal_range_status	72	static
