../Core/Src/main.c:135:10:readLaserSensor	16	static
../Core/Src/main.c:144:6:readFromAllLasers	8	static
../Core/Src/main.c:151:6:readIRSensor	16	static
../Core/Src/main.c:163:6:readFromAllIRs	8	static
../Core/Src/main.c:170:6:runMotor	48	static
../Core/Src/main.c:210:6:goDirection	16	static
../Core/Src/main.c:243:5:main	8	static
../Core/Src/main.c:332:6:SystemClock_Config	72	static
../Core/Src/main.c:369:13:MX_I2C1_Init	8	static
../Core/Src/main.c:403:13:MX_TIM1_Init	96	static
../Core/Src/main.c:482:13:MX_GPIO_Init	40	static
../Core/Src/main.c:545:6:initLasers	16	static
../Core/Src/main.c:596:6:Error_Handler	4	static,ignoring_inline_asm
