Archive member included to satisfy reference by file (symbol)

/opt/st/stm32cubeide_1.11.2/plugins/com.st.stm32cube.ide.mcu.externaltools.gnu-tools-for-stm32.10.3-2021.10.linux64_1.0.100.202210260954/tools/bin/../lib/gcc/arm-none-eabi/10.3.1/../../../../arm-none-eabi/lib/thumb/v7-m/nofp/libc_nano.a(lib_a-errno.o)
                              ./Core/Src/syscalls.o (__errno)
/opt/st/stm32cubeide_1.11.2/plugins/com.st.stm32cube.ide.mcu.externaltools.gnu-tools-for-stm32.10.3-2021.10.linux64_1.0.100.202210260954/tools/bin/../lib/gcc/arm-none-eabi/10.3.1/../../../../arm-none-eabi/lib/thumb/v7-m/nofp/libc_nano.a(lib_a-exit.o)
                              /opt/st/stm32cubeide_1.11.2/plugins/com.st.stm32cube.ide.mcu.externaltools.gnu-tools-for-stm32.10.3-2021.10.linux64_1.0.100.202210260954/tools/bin/../lib/gcc/arm-none-eabi/10.3.1/../../../../arm-none-eabi/lib/thumb/v7-m/nofp/crt0.o (exit)
/opt/st/stm32cubeide_1.11.2/plugins/com.st.stm32cube.ide.mcu.externaltools.gnu-tools-for-stm32.10.3-2021.10.linux64_1.0.100.202210260954/tools/bin/../lib/gcc/arm-none-eabi/10.3.1/../../../../arm-none-eabi/lib/thumb/v7-m/nofp/libc_nano.a(lib_a-impure.o)
                              /opt/st/stm32cubeide_1.11.2/plugins/com.st.stm32cube.ide.mcu.externaltools.gnu-tools-for-stm32.10.3-2021.10.linux64_1.0.100.202210260954/tools/bin/../lib/gcc/arm-none-eabi/10.3.1/../../../../arm-none-eabi/lib/thumb/v7-m/nofp/libc_nano.a(lib_a-exit.o) (_global_impure_ptr)
/opt/st/stm32cubeide_1.11.2/plugins/com.st.stm32cube.ide.mcu.externaltools.gnu-tools-for-stm32.10.3-2021.10.linux64_1.0.100.202210260954/tools/bin/../lib/gcc/arm-none-eabi/10.3.1/../../../../arm-none-eabi/lib/thumb/v7-m/nofp/libc_nano.a(lib_a-init.o)
                              /opt/st/stm32cubeide_1.11.2/plugins/com.st.stm32cube.ide.mcu.externaltools.gnu-tools-for-stm32.10.3-2021.10.linux64_1.0.100.202210260954/tools/bin/../lib/gcc/arm-none-eabi/10.3.1/../../../../arm-none-eabi/lib/thumb/v7-m/nofp/crt0.o (__libc_init_array)
/opt/st/stm32cubeide_1.11.2/plugins/com.st.stm32cube.ide.mcu.externaltools.gnu-tools-for-stm32.10.3-2021.10.linux64_1.0.100.202210260954/tools/bin/../lib/gcc/arm-none-eabi/10.3.1/../../../../arm-none-eabi/lib/thumb/v7-m/nofp/libc_nano.a(lib_a-memcpy-stub.o)
                              ./Drivers/VL53L0X/core/src/vl53l0x_api.o (memcpy)
/opt/st/stm32cubeide_1.11.2/plugins/com.st.stm32cube.ide.mcu.externaltools.gnu-tools-for-stm32.10.3-2021.10.linux64_1.0.100.202210260954/tools/bin/../lib/gcc/arm-none-eabi/10.3.1/../../../../arm-none-eabi/lib/thumb/v7-m/nofp/libc_nano.a(lib_a-memset.o)
                              /opt/st/stm32cubeide_1.11.2/plugins/com.st.stm32cube.ide.mcu.externaltools.gnu-tools-for-stm32.10.3-2021.10.linux64_1.0.100.202210260954/tools/bin/../lib/gcc/arm-none-eabi/10.3.1/../../../../arm-none-eabi/lib/thumb/v7-m/nofp/crt0.o (memset)
/opt/st/stm32cubeide_1.11.2/plugins/com.st.stm32cube.ide.mcu.externaltools.gnu-tools-for-stm32.10.3-2021.10.linux64_1.0.100.202210260954/tools/bin/../lib/gcc/arm-none-eabi/10.3.1/../../../../arm-none-eabi/lib/thumb/v7-m/nofp/libc_nano.a(lib_a-strcpy.o)
                              ./Drivers/VL53L0X/core/src/vl53l0x_api_core.o (strcpy)
/opt/st/stm32cubeide_1.11.2/plugins/com.st.stm32cube.ide.mcu.externaltools.gnu-tools-for-stm32.10.3-2021.10.linux64_1.0.100.202210260954/tools/bin/../lib/gcc/arm-none-eabi/10.3.1/thumb/v7-m/nofp/libgcc.a(_arm_mulsf3.o)
                              ./Core/Src/main.o (__aeabi_fmul)
/opt/st/stm32cubeide_1.11.2/plugins/com.st.stm32cube.ide.mcu.externaltools.gnu-tools-for-stm32.10.3-2021.10.linux64_1.0.100.202210260954/tools/bin/../lib/gcc/arm-none-eabi/10.3.1/thumb/v7-m/nofp/libgcc.a(_arm_addsubsf3.o)
                              ./Core/Src/main.o (__aeabi_ui2f)
/opt/st/stm32cubeide_1.11.2/plugins/com.st.stm32cube.ide.mcu.externaltools.gnu-tools-for-stm32.10.3-2021.10.linux64_1.0.100.202210260954/tools/bin/../lib/gcc/arm-none-eabi/10.3.1/thumb/v7-m/nofp/libgcc.a(_arm_fixsfsi.o)
                              ./Core/Src/main.o (__aeabi_f2iz)

Discarded input sections

 .text          0x0000000000000000        0x0 /opt/st/stm32cubeide_1.11.2/plugins/com.st.stm32cube.ide.mcu.externaltools.gnu-tools-for-stm32.10.3-2021.10.linux64_1.0.100.202210260954/tools/bin/../lib/gcc/arm-none-eabi/10.3.1/thumb/v7-m/nofp/crti.o
 .data          0x0000000000000000        0x0 /opt/st/stm32cubeide_1.11.2/plugins/com.st.stm32cube.ide.mcu.externaltools.gnu-tools-for-stm32.10.3-2021.10.linux64_1.0.100.202210260954/tools/bin/../lib/gcc/arm-none-eabi/10.3.1/thumb/v7-m/nofp/crti.o
 .bss           0x0000000000000000        0x0 /opt/st/stm32cubeide_1.11.2/plugins/com.st.stm32cube.ide.mcu.externaltools.gnu-tools-for-stm32.10.3-2021.10.linux64_1.0.100.202210260954/tools/bin/../lib/gcc/arm-none-eabi/10.3.1/thumb/v7-m/nofp/crti.o
[...]
Memory Configuration

Name             Origin             Length             Attributes
RAM              0x0000000020000000 0x0000000000005000 xrw
FLASH            0x0000000008000000 0x0000000000010000 xr
*default*        0x0000000000000000 0xffffffffffffffff

Linker script and memory map

LOAD /opt/st/stm32cubeide_1.11.2/plugins/com.st.stm32cube.ide.mcu.externaltools.gnu-tools-for-stm32.10.3-2021.10.linux64_1.0.100.202210260954/tools/bin/../lib/gcc/arm-none-eabi/10.3.1/thumb/v7-m/nofp/crti.o
LOAD /opt/st/stm32cubeide_1.11.2/plugins/com.st.stm32cube.ide.mcu.externaltools.gnu-tools-for-stm32.10.3-2021.10.linux64_1.0.100.202210260954/tools/bin/../lib/gcc/arm-none-eabi/10.3.1/thumb/v7-m/nofp/crtbegin.o
LOAD /opt/st/stm32cubeide_1.11.2/plugins/com.st.stm32cube.ide.mcu.externaltools.gnu-tools-for-stm32.10.3-2021.10.linux64_1.0.100.202210260954/tools/bin/../lib/gcc/arm-none-eabi/10.3.1/../../../../arm-none-eabi/lib/thumb/v7-m/nofp/crt0.o
LOAD ./Core/Src/main.o
LOAD ./Core/Src/stm32f1xx_hal_msp.o
LOAD ./Core/Src/stm32f1xx_it.o
LOAD ./Core/Src/syscalls.o
LOAD ./Core/Src/sysmem.o
LOAD ./Core/Src/system_stm32f1xx.o
LOAD ./Core/Startup/startup_stm32f103c8tx.o
LOAD ./Drivers/STM32F1xx_HAL_Driver/Src/stm32f1xx_hal.o
LOAD ./Drivers/STM32F1xx_HAL_Driver/Src/stm32f1xx_hal_cortex.o
LOAD ./Drivers/STM32F1xx_HAL_Driver/Src/stm32f1xx_hal_dma.o
LOAD ./Drivers/STM32F1xx_HAL_Driver/Src/stm32f1xx_hal_exti.o
LOAD ./Drivers/STM32F1xx_HAL_Driver/Src/stm32f1xx_hal_flash.o
LOAD ./Drivers/STM32F1xx_HAL_Driver/Src/stm32f1xx_hal_flash_ex.o
LOAD ./Drivers/STM32F1xx_HAL_Driver/Src/stm32f1xx_hal_gpio.o
LOAD ./Drivers/STM32F1xx_HAL_Driver/Src/stm32f1xx_hal_gpio_ex.o
LOAD ./Drivers/STM32F1xx_HAL_Driver/Src/stm32f1xx_hal_i2c.o
LOAD ./Drivers/STM32F1xx_HAL_Driver/Src/stm32f1xx_hal_pwr.o
LOAD ./Drivers/STM32F1xx_HAL_Driver/Src/stm32f1xx_hal_rcc.o
LOAD ./Drivers/STM32F1xx_HAL_Driver/Src/stm32f1xx_hal_rcc_ex.o
LOAD ./Drivers/STM32F1xx_HAL_Driver/Src/stm32f1xx_hal_tim.o
LOAD ./Drivers/STM32F1xx_HAL_Driver/Src/stm32f1xx_hal_tim_ex.o
LOAD ./Drivers/VL53L0X/core/src/vl53l0x_api.o
LOAD ./Drivers/VL53L0X/core/src/vl53l0x_api_calibration.o
LOAD ./Drivers/VL53L0X/core/src/vl53l0x_api_core.o
LOAD ./Drivers/VL53L0X/core/src/vl53l0x_api_ranging.o
LOAD ./Drivers/VL53L0X/core/src/vl53l0x_api_strings.o
LOAD ./Drivers/VL53L0X/platform/src/vl53l0x_platform.o
LOAD ./Drivers/VL53L0X/platform/src/vl53l0x_platform_log.o
START GROUP
LOAD /opt/st/stm32cubeide_1.11.2/plugins/com.st.stm32cube.ide.mcu.externaltools.gnu-tools-for-stm32.10.3-2021.10.linux64_1.0.100.202210260954/tools/bin/../lib/gcc/arm-none-eabi/10.3.1/../../../../arm-none-eabi/lib/thumb/v7-m/nofp/libstdc++_nano.a
LOAD /opt/st/stm32cubeide_1.11.2/plugins/com.st.stm32cube.ide.mcu.externaltools.gnu-tools-for-stm32.10.3-2021.10.linux64_1.0.100.202210260954/tools/bin/../lib/gcc/arm-none-eabi/10.3.1/../../../../arm-none-eabi/lib/thumb/v7-m/nofp/libsupc++_nano.a
END GROUP
LOAD /opt/st/stm32cubeide_1.11.2/plugins/com.st.stm32cube.ide.mcu.externaltools.gnu-tools-for-stm32.10.3-2021.10.linux64_1.0.100.202210260954/tools/bin/../lib/gcc/arm-none-eabi/10.3.1/../../../../arm-none-eabi/lib/thumb/v7-m/nofp/libstdc++_nano.a
LOAD /opt/st/stm32cubeide_1.11.2/plugins/com.st.stm32cube.ide.mcu.externaltools.gnu-tools-for-stm32.10.3-2021.10.linux64_1.0.100.202210260954/tools/bin/../lib/gcc/arm-none-eabi/10.3.1/../../../../arm-none-eabi/lib/thumb/v7-m/nofp/libm.a
LOAD /opt/st/stm32cubeide_1.11.2/plugins/com.st.stm32cube.ide.mcu.externaltools.gnu-tools-for-stm32.10.3-2021.10.linux64_1.0.100.202210260954/tools/bin/../lib/gcc/arm-none-eabi/10.3.1/../../../../arm-none-eabi/lib/thumb/v7-m/nofp/libc_nano.a
START GROUP
LOAD /opt/st/stm32cubeide_1.11.2/plugins/com.st.stm32cube.ide.mcu.externaltools.gnu-tools-for-stm32.10.3-2021.10.linux64_1.0.100.202210260954/tools/bin/../lib/gcc/arm-none-eabi/10.3.1/thumb/v7-m/nofp/libgcc.a
LOAD /opt/st/stm32cubeide_1.11.2/plugins/com.st.stm32cube.ide.mcu.externaltools.gnu-tools-for-stm32.10.3-2021.10.linux64_1.0.100.202210260954/tools/bin/../lib/gcc/arm-none-eabi/10.3.1/../../../../arm-none-eabi/lib/thumb/v7-m/nofp/libc_nano.a
END GROUP
START GROUP
LOAD /opt/st/stm32cubeide_1.11.2/plugins/com.st.stm32cube.ide.mcu.externaltools.gnu-tools-for-stm32.10.3-2021.10.linux64_1.0.100.202210260954/tools/bin/../lib/gcc/arm-none-eabi/10.3.1/thumb/v7-m/nofp/libgcc.a
LOAD /opt/st/stm32cubeide_1.11.2/plugins/com.st.stm32cube.ide.mcu.externaltools.gnu-tools-for-stm32.10.3-2021.10.linux64_1.0.100.202210260954/tools/bin/../lib/gcc/arm-none-eabi/10.3.1/../../../../arm-none-eabi/lib/thumb/v7-m/nofp/libc_nano.a
LOAD /opt/st/stm32cubeide_1.11.2/plugins/com.st.stm32cube.ide.mcu.externaltools.gnu-tools-for-stm32.10.3-2021.10.linux64_1.0.100.202210260954/tools/bin/../lib/gcc/arm-none-eabi/10.3.1/../../../../arm-none-eabi/lib/thumb/v7-m/nofp/libnosys.a
END GROUP
START GROUP
LOAD /opt/st/stm32cubeide_1.11.2/plugins/com.st.stm32cube.ide.mcu.externaltools.gnu-tools-for-stm32.10.3-2021.10.linux64_1.0.100.202210260954/tools/bin/../lib/gcc/arm-none-eabi/10.3.1/thumb/v7-m/nofp/libgcc.a
LOAD /opt/st/stm32cubeide_1.11.2/plugins/com.st.stm32cube.ide.mcu.externaltools.gnu-tools-for-stm32.10.3-2021.10.linux64_1.0.100.202210260954/tools/bin/../lib/gcc/arm-none-eabi/10.3.1/../../../../arm-none-eabi/lib/thumb/v7-m/nofp/libc_nano.a
LOAD /opt/st/stm32cubeide_1.11.2/plugins/com.st.stm32cube.ide.mcu.externaltools.gnu-tools-for-stm32.10.3-2021.10.linux64_1.0.100.202210260954/tools/bin/../lib/gcc/arm-none-eabi/10.3.1/../../../../arm-none-eabi/lib/thumb/v7-m/nofp/libnosys.a
END GROUP
LOAD /opt/st/stm32cubeide_1.11.2/plugins/com.st.stm32cube.ide.mcu.externaltools.gnu-tools-for-stm32.10.3-2021.10.linux64_1.0.100.202210260954/tools/bin/../lib/gcc/arm-none-eabi/10.3.1/thumb/v7-m/nofp/crtend.o
LOAD /opt/st/stm32cubeide_1.11.2/plugins/com.st.stm32cube.ide.mcu.externaltools.gnu-tools-for-stm32.10.3-2021.10.linux64_1.0.100.202210260954/tools/bin/../lib/gcc/arm-none-eabi/10.3.1/thumb/v7-m/nofp/crtn.o
                0x0000000020005000                _estack = (ORIGIN (RAM) + LENGTH (RAM))
                0x0000000000000200                _Min_Heap_Size = 0x200
                0x0000000000000400                _Min_Stack_Size = 0x400

.isr_vector     0x0000000008000000      0x10c
                0x0000000008000000                . = ALIGN (0x4)
 *(.isr_vector)
 .isr_vector    0x0000000008000000      0x10c ./Core/Startup/startup_stm32f103c8tx.o
                0x0000000008000000                g_pfnVectors
                0x000000000800010c                . = ALIGN (0x4)

.text           0x000000000800010c     0x8730
                0x000000000800010c                . = ALIGN (0x4)
 *(.text)
 .text          0x000000000800010c       0x40 /opt/st/stm32cubeide_1.11.2/plugins/com.st.stm32cube.ide.mcu.externaltools.gnu-tools-for-stm32.10.3-2021.10.linux64_1.0.100.202210260954/tools/bin/../lib/gcc/arm-none-eabi/10.3.1/thumb/v7-m/nofp/crtbegin.o
 .text          0x000000000800014c      0x168 /opt/st/stm32cubeide_1.11.2/plugins/com.st.stm32cube.ide.mcu.externaltools.gnu-tools-for-stm32.10.3-2021.10.linux64_1.0.100.202210260954/tools/bin/../lib/gcc/arm-none-eabi/10.3.1/thumb/v7-m/nofp/libgcc.a(_arm_mulsf3.o)
                0x000000000800014c                __mulsf3
                0x000000000800014c                __aeabi_fmul
 .text          0x00000000080002b4      0x21c /opt/st/stm32cubeide_1.11.2/plugins/com.st.stm32cube.ide.mcu.externaltools.gnu-tools-for-stm32.10.3-2021.10.linux64_1.0.100.202210260954/tools/bin/../lib/gcc/arm-none-eabi/10.3.1/thumb/v7-m/nofp/libgcc.a(_arm_addsubsf3.o)
                0x00000000080002b4                __aeabi_frsub
                0x00000000080002bc                __subsf3
                0x00000000080002bc                __aeabi_fsub
                0x00000000080002c0                __aeabi_fadd
                0x00000000080002c0                __addsf3
                0x0000000008000420                __aeabi_ui2f
                0x0000000008000420                __floatunsisf
                0x0000000008000428                __aeabi_i2f
                0x0000000008000428                __floatsisf
                0x0000000008000444                __floatundisf
                0x0000000008000444                __aeabi_ul2f
                0x0000000008000454                __floatdisf
                0x0000000008000454                __aeabi_l2f
 .text          0x00000000080004d0       0x4c /opt/st/stm32cubeide_1.11.2/plugins/com.st.stm32cube.ide.mcu.externaltools.gnu-tools-for-stm32.10.3-2021.10.linux64_1.0.100.202210260954/tools/bin/../lib/gcc/arm-none-eabi/10.3.1/thumb/v7-m/nofp/libgcc.a(_arm_fixsfsi.o)
                0x00000000080004d0                __fixsfsi
                0x00000000080004d0                __aeabi_f2iz
 *(.text*)
 .text.runMotor
                0x000000000800051c       0xd0 ./Core/Src/main.o
                0x000000000800051c                runMotor
 .text.main     0x00000000080005ec       0x50 ./Core/Src/main.o
                0x00000000080005ec                main
 .text.SystemClock_Config
                0x000000000800063c       0x76 ./Core/Src/main.o
                0x000000000800063c                SystemClock_Config
 *fill*         0x00000000080006b2        0x2 
 .text.MX_I2C1_Init
                0x00000000080006b4       0x5c ./Core/Src/main.o
 .text.MX_TIM1_Init
                0x0000000008000710      0x158 ./Core/Src/main.o
 .text.MX_GPIO_Init
                0x0000000008000868      0x128 ./Core/Src/main.o
 .text.initLasers
                0x0000000008000990       0xfc ./Core/Src/main.o
                0x0000000008000990                initLasers
 .text.Error_Handler
                0x0000000008000a8c        0xa ./Core/Src/main.o
                0x0000000008000a8c                Error_Handler
 *fill*         0x0000000008000a96        0x2 
 .text.HAL_MspInit
                0x0000000008000a98       0x44 ./Core/Src/stm32f1xx_hal_msp.o
                0x0000000008000a98                HAL_MspInit
 .text.HAL_I2C_MspInit
                0x0000000008000adc       0xa0 ./Core/Src/stm32f1xx_hal_msp.o
                0x0000000008000adc                HAL_I2C_MspInit
 .text.HAL_TIM_Base_MspInit
                0x0000000008000b7c       0x3c ./Core/Src/stm32f1xx_hal_msp.o
                0x0000000008000b7c                HAL_TIM_Base_MspInit
 .text.HAL_TIM_MspPostInit
                0x0000000008000bb8       0x68 ./Core/Src/stm32f1xx_hal_msp.o
                0x0000000008000bb8                HAL_TIM_MspPostInit
 .text.NMI_Handler
                0x0000000008000c20        0x6 ./Core/Src/stm32f1xx_it.o
                0x0000000008000c20                NMI_Handler
 .text.HardFault_Handler
                0x0000000008000c26        0x6 ./Core/Src/stm32f1xx_it.o
                0x0000000008000c26                HardFault_Handler
 .text.MemManage_Handler
                0x0000000008000c2c        0x6 ./Core/Src/stm32f1xx_it.o
                0x0000000008000c2c                MemManage_Handler
 .text.BusFault_Handler
                0x0000000008000c32        0x6 ./Core/Src/stm32f1xx_it.o
                0x0000000008000c32                BusFault_Handler
 .text.UsageFault_Handler
                0x0000000008000c38        0x6 ./Core/Src/stm32f1xx_it.o
                0x0000000008000c38                UsageFault_Handler
 .text.SVC_Handler
                0x0000000008000c3e        0xc ./Core/Src/stm32f1xx_it.o
                0x0000000008000c3e                SVC_Handler
 .text.DebugMon_Handler
                0x0000000008000c4a        0xc ./Core/Src/stm32f1xx_it.o
                0x0000000008000c4a                DebugMon_Handler
 .text.PendSV_Handler
                0x0000000008000c56        0xc ./Core/Src/stm32f1xx_it.o
                0x0000000008000c56                PendSV_Handler
 .text.SysTick_Handler
                0x0000000008000c62        0xc ./Core/Src/stm32f1xx_it.o
                0x0000000008000c62                SysTick_Handler
 .text.SystemInit
                0x0000000008000c6e        0xc ./Core/Src/system_stm32f1xx.o
                0x0000000008000c6e                SystemInit
 *fill*         0x0000000008000c7a        0x2 
 .text.Reset_Handler
                0x0000000008000c7c       0x48 ./Core/Startup/startup_stm32f103c8tx.o
                0x0000000008000c7c                Reset_Handler
 .text.Default_Handler
                0x0000000008000cc4        0x2 ./Core/Startup/startup_stm32f103c8tx.o
                0x0000000008000cc4                RTC_Alarm_IRQHandler
                0x0000000008000cc4                EXTI2_IRQHandler
                0x0000000008000cc4                TIM1_CC_IRQHandler
                0x0000000008000cc4                PVD_IRQHandler
                0x0000000008000cc4                EXTI3_IRQHandler
                0x0000000008000cc4                EXTI0_IRQHandler
                0x0000000008000cc4                I2C2_EV_IRQHandler
                0x0000000008000cc4                ADC1_2_IRQHandler
                0x0000000008000cc4                SPI1_IRQHandler
                0x0000000008000cc4                TAMPER_IRQHandler
                0x0000000008000cc4                DMA1_Channel4_IRQHandler
                0x0000000008000cc4                USART3_IRQHandler
                0x0000000008000cc4                RTC_IRQHandler
                0x0000000008000cc4                DMA1_Channel7_IRQHandler
                0x0000000008000cc4                CAN1_RX1_IRQHandler
                0x0000000008000cc4                TIM4_IRQHandler
                0x0000000008000cc4                I2C1_EV_IRQHandler
                0x0000000008000cc4                DMA1_Channel6_IRQHandler
                0x0000000008000cc4                TIM3_IRQHandler
                0x0000000008000cc4                RCC_IRQHandler
                0x0000000008000cc4                TIM1_TRG_COM_IRQHandler
                0x0000000008000cc4                DMA1_Channel1_IRQHandler
                0x0000000008000cc4                Default_Handler
                0x0000000008000cc4                EXTI15_10_IRQHandler
                0x0000000008000cc4                EXTI9_5_IRQHandler
                0x0000000008000cc4                SPI2_IRQHandler
                0x0000000008000cc4                DMA1_Channel5_IRQHandler
                0x0000000008000cc4                EXTI4_IRQHandler
                0x0000000008000cc4                USB_LP_CAN1_RX0_IRQHandler
                0x0000000008000cc4                USB_HP_CAN1_TX_IRQHandler
                0x0000000008000cc4                DMA1_Channel3_IRQHandler
                0x0000000008000cc4                TIM1_UP_IRQHandler
                0x0000000008000cc4                WWDG_IRQHandler
                0x0000000008000cc4                TIM2_IRQHandler
                0x0000000008000cc4                TIM1_BRK_IRQHandler
                0x0000000008000cc4                EXTI1_IRQHandler
                0x0000000008000cc4                USART2_IRQHandler
                0x0000000008000cc4                I2C2_ER_IRQHandler
                0x0000000008000cc4                DMA1_Channel2_IRQHandler
                0x0000000008000cc4                CAN1_SCE_IRQHandler
                0x0000000008000cc4                FLASH_IRQHandler
                0x0000000008000cc4                USART1_IRQHandler
                0x0000000008000cc4                I2C1_ER_IRQHandler
                0x0000000008000cc4                USBWakeUp_IRQHandler
 *fill*         0x0000000008000cc6        0x2 
 .text.HAL_Init
                0x0000000008000cc8       0x2c ./Drivers/STM32F1xx_HAL_Driver/Src/stm32f1xx_hal.o
                0x0000000008000cc8                HAL_Init
 .text.HAL_InitTick
                0x0000000008000cf4       0x60 ./Drivers/STM32F1xx_HAL_Driver/Src/stm32f1xx_hal.o
                0x0000000008000cf4                HAL_InitTick
 .text.HAL_IncTick
                0x0000000008000d54       0x24 ./Drivers/STM32F1xx_HAL_Driver/Src/stm32f1xx_hal.o
                0x0000000008000d54                HAL_IncTick
 .text.HAL_GetTick
                0x0000000008000d78       0x14 ./Drivers/STM32F1xx_HAL_Driver/Src/stm32f1xx_hal.o
                0x0000000008000d78                HAL_GetTick
 .text.HAL_Delay
                0x0000000008000d8c       0x48 ./Drivers/STM32F1xx_HAL_Driver/Src/stm32f1xx_hal.o
                0x0000000008000d8c                HAL_Delay
 .text.__NVIC_SetPriorityGrouping
                0x0000000008000dd4       0x48 ./Drivers/STM32F1xx_HAL_Driver/Src/stm32f1xx_hal_cortex.o
 .text.__NVIC_GetPriorityGrouping
                0x0000000008000e1c       0x1c ./Drivers/STM32F1xx_HAL_Driver/Src/stm32f1xx_hal_cortex.o
 .text.__NVIC_SetPriority
                0x0000000008000e38       0x54 ./Drivers/STM32F1xx_HAL_Driver/Src/stm32f1xx_hal_cortex.o
 .text.NVIC_EncodePriority
                0x0000000008000e8c       0x64 ./Drivers/STM32F1xx_HAL_Driver/Src/stm32f1xx_hal_cortex.o
 .text.SysTick_Config
                0x0000000008000ef0       0x44 ./Drivers/STM32F1xx_HAL_Driver/Src/stm32f1xx_hal_cortex.o
 .text.HAL_NVIC_SetPriorityGrouping
                0x0000000008000f34       0x16 ./Drivers/STM32F1xx_HAL_Driver/Src/stm32f1xx_hal_cortex.o
                0x0000000008000f34                HAL_NVIC_SetPriorityGrouping
 .text.HAL_NVIC_SetPriority
                0x0000000008000f4a       0x38 ./Drivers/STM32F1xx_HAL_Driver/Src/stm32f1xx_hal_cortex.o
                0x0000000008000f4a                HAL_NVIC_SetPriority
 .text.HAL_SYSTICK_Config
                0x0000000008000f82       0x18 ./Drivers/STM32F1xx_HAL_Driver/Src/stm32f1xx_hal_cortex.o
                0x0000000008000f82                HAL_SYSTICK_Config
 *fill*         0x0000000008000f9a        0x2 
 .text.HAL_GPIO_Init
                0x0000000008000f9c      0x308 ./Drivers/STM32F1xx_HAL_Driver/Src/stm32f1xx_hal_gpio.o
                0x0000000008000f9c                HAL_GPIO_Init
 .text.HAL_GPIO_WritePin
                0x00000000080012a4       0x30 ./Drivers/STM32F1xx_HAL_Driver/Src/stm32f1xx_hal_gpio.o
                0x00000000080012a4                HAL_GPIO_WritePin
 .text.HAL_I2C_Init
                0x00000000080012d4      0x288 ./Drivers/STM32F1xx_HAL_Driver/Src/stm32f1xx_hal_i2c.o
                0x00000000080012d4                HAL_I2C_Init
 .text.HAL_I2C_Master_Transmit
                0x000000000800155c      0x1fc ./Drivers/STM32F1xx_HAL_Driver/Src/stm32f1xx_hal_i2c.o
                0x000000000800155c                HAL_I2C_Master_Transmit
 .text.HAL_I2C_Master_Receive
                0x0000000008001758      0x4c0 ./Drivers/STM32F1xx_HAL_Driver/Src/stm32f1xx_hal_i2c.o
                0x0000000008001758                HAL_I2C_Master_Receive
 .text.I2C_MasterRequestWrite
                0x0000000008001c18      0x104 ./Drivers/STM32F1xx_HAL_Driver/Src/stm32f1xx_hal_i2c.o
 .text.I2C_MasterRequestRead
                0x0000000008001d1c      0x19c ./Drivers/STM32F1xx_HAL_Driver/Src/stm32f1xx_hal_i2c.o
 .text.I2C_WaitOnFlagUntilTimeout
                0x0000000008001eb8       0xae ./Drivers/STM32F1xx_HAL_Driver/Src/stm32f1xx_hal_i2c.o
 .text.I2C_WaitOnMasterAddressFlagUntilTimeout
                0x0000000008001f66       0xfe ./Drivers/STM32F1xx_HAL_Driver/Src/stm32f1xx_hal_i2c.o
 .text.I2C_WaitOnTXEFlagUntilTimeout
                0x0000000008002064       0x82 ./Drivers/STM32F1xx_HAL_Driver/Src/stm32f1xx_hal_i2c.o
 .text.I2C_WaitOnBTFFlagUntilTimeout
                0x00000000080020e6       0x82 ./Drivers/STM32F1xx_HAL_Driver/Src/stm32f1xx_hal_i2c.o
 .text.I2C_WaitOnRXNEFlagUntilTimeout
                0x0000000008002168       0xac ./Drivers/STM32F1xx_HAL_Driver/Src/stm32f1xx_hal_i2c.o
 .text.I2C_IsAcknowledgeFailed
                0x0000000008002214       0x5c ./Drivers/STM32F1xx_HAL_Driver/Src/stm32f1xx_hal_i2c.o
 .text.HAL_RCC_OscConfig
                0x0000000008002270      0x504 ./Drivers/STM32F1xx_HAL_Driver/Src/stm32f1xx_hal_rcc.o
                0x0000000008002270                HAL_RCC_OscConfig
 .text.HAL_RCC_ClockConfig
                0x0000000008002774      0x1d4 ./Drivers/STM32F1xx_HAL_Driver/Src/stm32f1xx_hal_rcc.o
                0x0000000008002774                HAL_RCC_ClockConfig
 .text.HAL_RCC_GetSysClockFreq
                0x0000000008002948       0xbc ./Drivers/STM32F1xx_HAL_Driver/Src/stm32f1xx_hal_rcc.o
                0x0000000008002948                HAL_RCC_GetSysClockFreq
 .text.HAL_RCC_GetHCLKFreq
                0x0000000008002a04       0x14 ./Drivers/STM32F1xx_HAL_Driver/Src/stm32f1xx_hal_rcc.o
                0x0000000008002a04                HAL_RCC_GetHCLKFreq
 .text.HAL_RCC_GetPCLK1Freq
                0x0000000008002a18       0x28 ./Drivers/STM32F1xx_HAL_Driver/Src/stm32f1xx_hal_rcc.o
                0x0000000008002a18                HAL_RCC_GetPCLK1Freq
 .text.RCC_Delay
                0x0000000008002a40       0x3c ./Drivers/STM32F1xx_HAL_Driver/Src/stm32f1xx_hal_rcc.o
 .text.HAL_TIM_Base_Init
                0x0000000008002a7c       0x9e ./Drivers/STM32F1xx_HAL_Driver/Src/stm32f1xx_hal_tim.o
                0x0000000008002a7c                HAL_TIM_Base_Init
 .text.HAL_TIM_PWM_Init
                0x0000000008002b1a       0x9e ./Drivers/STM32F1xx_HAL_Driver/Src/stm32f1xx_hal_tim.o
                0x0000000008002b1a                HAL_TIM_PWM_Init
 .text.HAL_TIM_PWM_MspInit
                0x0000000008002bb8       0x12 ./Drivers/STM32F1xx_HAL_Driver/Src/stm32f1xx_hal_tim.o
                0x0000000008002bb8                HAL_TIM_PWM_MspInit
 *fill*         0x0000000008002bca        0x2 
 .text.HAL_TIM_PWM_Start
                0x0000000008002bcc      0x144 ./Drivers/STM32F1xx_HAL_Driver/Src/stm32f1xx_hal_tim.o
                0x0000000008002bcc                HAL_TIM_PWM_Start
 .text.HAL_TIM_PWM_ConfigChannel
                0x0000000008002d10      0x17c ./Drivers/STM32F1xx_HAL_Driver/Src/stm32f1xx_hal_tim.o
                0x0000000008002d10                HAL_TIM_PWM_ConfigChannel
 .text.HAL_TIM_ConfigClockSource
                0x0000000008002e8c      0x188 ./Drivers/STM32F1xx_HAL_Driver/Src/stm32f1xx_hal_tim.o
                0x0000000008002e8c                HAL_TIM_ConfigClockSource
 .text.TIM_Base_SetConfig
                0x0000000008003014       0xc4 ./Drivers/STM32F1xx_HAL_Driver/Src/stm32f1xx_hal_tim.o
                0x0000000008003014                TIM_Base_SetConfig
 .text.TIM_OC1_SetConfig
                0x00000000080030d8       0xcc ./Drivers/STM32F1xx_HAL_Driver/Src/stm32f1xx_hal_tim.o
 .text.TIM_OC2_SetConfig
                0x00000000080031a4       0xd4 ./Drivers/STM32F1xx_HAL_Driver/Src/stm32f1xx_hal_tim.o
                0x00000000080031a4                TIM_OC2_SetConfig
 .text.TIM_OC3_SetConfig
                0x0000000008003278       0xd4 ./Drivers/STM32F1xx_HAL_Driver/Src/stm32f1xx_hal_tim.o
 .text.TIM_OC4_SetConfig
                0x000000000800334c       0x9c ./Drivers/STM32F1xx_HAL_Driver/Src/stm32f1xx_hal_tim.o
 .text.TIM_TI1_ConfigInputStage
                0x00000000080033e8       0x5c ./Drivers/STM32F1xx_HAL_Driver/Src/stm32f1xx_hal_tim.o
 .text.TIM_TI2_ConfigInputStage
                0x0000000008003444       0x5e ./Drivers/STM32F1xx_HAL_Driver/Src/stm32f1xx_hal_tim.o
 .text.TIM_ITRx_SetConfig
                0x00000000080034a2       0x34 ./Drivers/STM32F1xx_HAL_Driver/Src/stm32f1xx_hal_tim.o
 .text.TIM_ETR_SetConfig
                0x00000000080034d6       0x3e ./Drivers/STM32F1xx_HAL_Driver/Src/stm32f1xx_hal_tim.o
                0x00000000080034d6                TIM_ETR_SetConfig
 .text.TIM_CCxChannelCmd
                0x0000000008003514       0x48 ./Drivers/STM32F1xx_HAL_Driver/Src/stm32f1xx_hal_tim.o
                0x0000000008003514                TIM_CCxChannelCmd
 .text.HAL_TIMEx_MasterConfigSynchronization
                0x000000000800355c       0xbc ./Drivers/STM32F1xx_HAL_Driver/Src/stm32f1xx_hal_tim_ex.o
                0x000000000800355c                HAL_TIMEx_MasterConfigSynchronization
 .text.HAL_TIMEx_ConfigBreakDeadTime
                0x0000000008003618       0xa2 ./Drivers/STM32F1xx_HAL_Driver/Src/stm32f1xx_hal_tim_ex.o
                0x0000000008003618                HAL_TIMEx_ConfigBreakDeadTime
 .text.VL53L0X_GetOffsetCalibrationDataMicroMeter
                0x00000000080036ba       0x26 ./Drivers/VL53L0X/core/src/vl53l0x_api.o
                0x00000000080036ba                VL53L0X_GetOffsetCalibrationDataMicroMeter
 .text.VL53L0X_DataInit
                0x00000000080036e0      0x30c ./Drivers/VL53L0X/core/src/vl53l0x_api.o
                0x00000000080036e0                VL53L0X_DataInit
 .text.VL53L0X_StaticInit
                0x00000000080039ec      0x308 ./Drivers/VL53L0X/core/src/vl53l0x_api.o
                0x00000000080039ec                VL53L0X_StaticInit
 .text.VL53L0X_WaitDeviceBooted
                0x0000000008003cf4       0x1a ./Drivers/VL53L0X/core/src/vl53l0x_api.o
                0x0000000008003cf4                VL53L0X_WaitDeviceBooted
 .text.VL53L0X_GetDeviceParameters
                0x0000000008003d0e      0x16a ./Drivers/VL53L0X/core/src/vl53l0x_api.o
                0x0000000008003d0e                VL53L0X_GetDeviceParameters
 .text.VL53L0X_SetDeviceMode
                0x0000000008003e78       0x54 ./Drivers/VL53L0X/core/src/vl53l0x_api.o
                0x0000000008003e78                VL53L0X_SetDeviceMode
 .text.VL53L0X_GetDeviceMode
                0x0000000008003ecc       0x24 ./Drivers/VL53L0X/core/src/vl53l0x_api.o
                0x0000000008003ecc                VL53L0X_GetDeviceMode
 .text.VL53L0X_GetFractionEnable
                0x0000000008003ef0       0x3e ./Drivers/VL53L0X/core/src/vl53l0x_api.o
                0x0000000008003ef0                VL53L0X_GetFractionEnable
 .text.VL53L0X_SetMeasurementTimingBudgetMicroSeconds
                0x0000000008003f2e       0x26 ./Drivers/VL53L0X/core/src/vl53l0x_api.o
                0x0000000008003f2e                VL53L0X_SetMeasurementTimingBudgetMicroSeconds
 .text.VL53L0X_GetMeasurementTimingBudgetMicroSeconds
                0x0000000008003f54       0x26 ./Drivers/VL53L0X/core/src/vl53l0x_api.o
                0x0000000008003f54                VL53L0X_GetMeasurementTimingBudgetMicroSeconds
 .text.VL53L0X_SetVcselPulsePeriod
                0x0000000008003f7a       0x30 ./Drivers/VL53L0X/core/src/vl53l0x_api.o
                0x0000000008003f7a                VL53L0X_SetVcselPulsePeriod
 .text.VL53L0X_GetVcselPulsePeriod
                0x0000000008003faa       0x2e ./Drivers/VL53L0X/core/src/vl53l0x_api.o
                0x0000000008003faa                VL53L0X_GetVcselPulsePeriod
 .text.VL53L0X_SetSequenceStepEnable
                0x0000000008003fd8      0x144 ./Drivers/VL53L0X/core/src/vl53l0x_api.o
                0x0000000008003fd8                VL53L0X_SetSequenceStepEnable
 .text.sequence_step_enabled
                0x000000000800411c       0xa4 ./Drivers/VL53L0X/core/src/vl53l0x_api.o
                0x000000000800411c                sequence_step_enabled
 .text.VL53L0X_GetSequenceStepEnables
                0x00000000080041c0       0xb0 ./Drivers/VL53L0X/core/src/vl53l0x_api.o
                0x00000000080041c0                VL53L0X_GetSequenceStepEnables
 .text.VL53L0X_GetInterMeasurementPeriodMilliSeconds
                0x0000000008004270       0x68 ./Drivers/VL53L0X/core/src/vl53l0x_api.o
                0x0000000008004270                VL53L0X_GetInterMeasurementPeriodMilliSeconds
 .text.VL53L0X_GetXTalkCompensationEnable
                0x00000000080042d8       0x28 ./Drivers/VL53L0X/core/src/vl53l0x_api.o
                0x00000000080042d8                VL53L0X_GetXTalkCompensationEnable
 .text.VL53L0X_GetXTalkCompensationRateMegaCps
                0x0000000008004300       0x66 ./Drivers/VL53L0X/core/src/vl53l0x_api.o
                0x0000000008004300                VL53L0X_GetXTalkCompensationRateMegaCps
 *fill*         0x0000000008004366        0x2 
 .text.VL53L0X_SetLimitCheckEnable
                0x0000000008004368      0x118 ./Drivers/VL53L0X/core/src/vl53l0x_api.o
                0x0000000008004368                VL53L0X_SetLimitCheckEnable
 .text.VL53L0X_GetLimitCheckEnable
                0x0000000008004480       0x44 ./Drivers/VL53L0X/core/src/vl53l0x_api.o
                0x0000000008004480                VL53L0X_GetLimitCheckEnable
 .text.VL53L0X_SetLimitCheckValue
                0x00000000080044c4       0xc4 ./Drivers/VL53L0X/core/src/vl53l0x_api.o
                0x00000000080044c4                VL53L0X_SetLimitCheckValue
 .text.VL53L0X_GetLimitCheckValue
                0x0000000008004588      0x11c ./Drivers/VL53L0X/core/src/vl53l0x_api.o
                0x0000000008004588                VL53L0X_GetLimitCheckValue
 .text.VL53L0X_GetWrapAroundCheckEnable
                0x00000000080046a4       0x64 ./Drivers/VL53L0X/core/src/vl53l0x_api.o
                0x00000000080046a4                VL53L0X_GetWrapAroundCheckEnable
 .text.VL53L0X_PerformSingleMeasurement
                0x0000000008004708       0x68 ./Drivers/VL53L0X/core/src/vl53l0x_api.o
                0x0000000008004708                VL53L0X_PerformSingleMeasurement
 .text.VL53L0X_PerformRefCalibration
                0x0000000008004770       0x2c ./Drivers/VL53L0X/core/src/vl53l0x_api.o
                0x0000000008004770                VL53L0X_PerformRefCalibration
 .text.VL53L0X_CheckAndLoadInterruptSettings
                0x000000000800479c      0x1e4 ./Drivers/VL53L0X/core/src/vl53l0x_api.o
                0x000000000800479c                VL53L0X_CheckAndLoadInterruptSettings
 .text.VL53L0X_StartMeasurement
                0x0000000008004980      0x184 ./Drivers/VL53L0X/core/src/vl53l0x_api.o
                0x0000000008004980                VL53L0X_StartMeasurement
 .text.VL53L0X_GetMeasurementDataReady
                0x0000000008004b04       0x80 ./Drivers/VL53L0X/core/src/vl53l0x_api.o
                0x0000000008004b04                VL53L0X_GetMeasurementDataReady
 .text.VL53L0X_GetRangingMeasurementData
                0x0000000008004b84      0x248 ./Drivers/VL53L0X/core/src/vl53l0x_api.o
                0x0000000008004b84                VL53L0X_GetRangingMeasurementData
 .text.VL53L0X_PerformSingleRangingMeasurement
                0x0000000008004dcc       0x60 ./Drivers/VL53L0X/core/src/vl53l0x_api.o
                0x0000000008004dcc                VL53L0X_PerformSingleRangingMeasurement
 .text.VL53L0X_SetGpioConfig
                0x0000000008004e2c      0x248 ./Drivers/VL53L0X/core/src/vl53l0x_api.o
                0x0000000008004e2c                VL53L0X_SetGpioConfig
 .text.VL53L0X_GetInterruptThresholds
                0x0000000008005074       0x6c ./Drivers/VL53L0X/core/src/vl53l0x_api.o
                0x0000000008005074                VL53L0X_GetInterruptThresholds
 .text.VL53L0X_ClearInterruptMask
                0x00000000080050e0       0x80 ./Drivers/VL53L0X/core/src/vl53l0x_api.o
                0x00000000080050e0                VL53L0X_ClearInterruptMask
 .text.VL53L0X_GetInterruptMaskStatus
                0x0000000008005160       0x44 ./Drivers/VL53L0X/core/src/vl53l0x_api.o
                0x0000000008005160                VL53L0X_GetInterruptMaskStatus
 .text.VL53L0X_PerformRefSpadManagement
                0x00000000080051a4       0x2a ./Drivers/VL53L0X/core/src/vl53l0x_api.o
                0x00000000080051a4                VL53L0X_PerformRefSpadManagement
 .text.VL53L0X_get_offset_calibration_data_micro_meter
                0x00000000080051ce       0x7e ./Drivers/VL53L0X/core/src/vl53l0x_api_calibration.o
                0x00000000080051ce                VL53L0X_get_offset_calibration_data_micro_meter
 .text.get_next_good_spad
                0x000000000800524c       0xba ./Drivers/VL53L0X/core/src/vl53l0x_api_calibration.o
                0x000000000800524c                get_next_good_spad
 *fill*         0x0000000008005306        0x2 
 .text.is_aperture
                0x0000000008005308       0x34 ./Drivers/VL53L0X/core/src/vl53l0x_api_calibration.o
                0x0000000008005308                is_aperture
 .text.enable_spad_bit
                0x000000000800533c       0x6e ./Drivers/VL53L0X/core/src/vl53l0x_api_calibration.o
                0x000000000800533c                enable_spad_bit
 .text.set_ref_spad_map
                0x00000000080053aa       0x26 ./Drivers/VL53L0X/core/src/vl53l0x_api_calibration.o
                0x00000000080053aa                set_ref_spad_map
 .text.get_ref_spad_map
                0x00000000080053d0       0x26 ./Drivers/VL53L0X/core/src/vl53l0x_api_calibration.o
                0x00000000080053d0                get_ref_spad_map
 .text.enable_ref_spads
                0x00000000080053f6       0xf8 ./Drivers/VL53L0X/core/src/vl53l0x_api_calibration.o
                0x00000000080053f6                enable_ref_spads
 .text.perform_ref_signal_measurement
                0x00000000080054ee       0xd4 ./Drivers/VL53L0X/core/src/vl53l0x_api_calibration.o
                0x00000000080054ee                perform_ref_signal_measurement
 .text.VL53L0X_perform_ref_spad_management
                0x00000000080055c2      0x418 ./Drivers/VL53L0X/core/src/vl53l0x_api_calibration.o
                0x00000000080055c2                VL53L0X_perform_ref_spad_management
 .text.VL53L0X_set_reference_spads
                0x00000000080059da      0x14a ./Drivers/VL53L0X/core/src/vl53l0x_api_calibration.o
                0x00000000080059da                VL53L0X_set_reference_spads
 .text.VL53L0X_perform_single_ref_calibration
                0x0000000008005b24       0x76 ./Drivers/VL53L0X/core/src/vl53l0x_api_calibration.o
                0x0000000008005b24                VL53L0X_perform_single_ref_calibration
 .text.VL53L0X_ref_calibration_io
                0x0000000008005b9a      0x132 ./Drivers/VL53L0X/core/src/vl53l0x_api_calibration.o
                0x0000000008005b9a                VL53L0X_ref_calibration_io
 .text.VL53L0X_perform_vhv_calibration
                0x0000000008005ccc       0xce ./Drivers/VL53L0X/core/src/vl53l0x_api_calibration.o
                0x0000000008005ccc                VL53L0X_perform_vhv_calibration
 .text.VL53L0X_perform_phase_calibration
                0x0000000008005d9a       0xca ./Drivers/VL53L0X/core/src/vl53l0x_api_calibration.o
                0x0000000008005d9a                VL53L0X_perform_phase_calibration
 .text.VL53L0X_perform_ref_calibration
                0x0000000008005e64       0x7a ./Drivers/VL53L0X/core/src/vl53l0x_api_calibration.o
                0x0000000008005e64                VL53L0X_perform_ref_calibration
 .text.VL53L0X_measurement_poll_for_completion
                0x0000000008005ede       0x60 ./Drivers/VL53L0X/core/src/vl53l0x_api_core.o
                0x0000000008005ede                VL53L0X_measurement_poll_for_completion
 .text.VL53L0X_decode_vcsel_period
                0x0000000008005f3e       0x24 ./Drivers/VL53L0X/core/src/vl53l0x_api_core.o
                0x0000000008005f3e                VL53L0X_decode_vcsel_period
 .text.VL53L0X_encode_vcsel_period
                0x0000000008005f62       0x24 ./Drivers/VL53L0X/core/src/vl53l0x_api_core.o
                0x0000000008005f62                VL53L0X_encode_vcsel_period
 .text.VL53L0X_isqrt
                0x0000000008005f86       0x66 ./Drivers/VL53L0X/core/src/vl53l0x_api_core.o
                0x0000000008005f86                VL53L0X_isqrt
 .text.VL53L0X_device_read_strobe
                0x0000000008005fec       0x86 ./Drivers/VL53L0X/core/src/vl53l0x_api_core.o
                0x0000000008005fec                VL53L0X_device_read_strobe
 .text.VL53L0X_get_info_from_device
                0x0000000008006072      0x99c ./Drivers/VL53L0X/core/src/vl53l0x_api_core.o
                0x0000000008006072                VL53L0X_get_info_from_device
 .text.VL53L0X_calc_macro_period_ps
                0x0000000008006a0e       0x3a ./Drivers/VL53L0X/core/src/vl53l0x_api_core.o
                0x0000000008006a0e                VL53L0X_calc_macro_period_ps
 .text.VL53L0X_encode_timeout
                0x0000000008006a48       0x56 ./Drivers/VL53L0X/core/src/vl53l0x_api_core.o
                0x0000000008006a48                VL53L0X_encode_timeout
 .text.VL53L0X_decode_timeout
                0x0000000008006a9e       0x2a ./Drivers/VL53L0X/core/src/vl53l0x_api_core.o
                0x0000000008006a9e                VL53L0X_decode_timeout
 .text.VL53L0X_calc_timeout_mclks
                0x0000000008006ac8       0x54 ./Drivers/VL53L0X/core/src/vl53l0x_api_core.o
                0x0000000008006ac8                VL53L0X_calc_timeout_mclks
 .text.VL53L0X_calc_timeout_us
                0x0000000008006b1c       0x54 ./Drivers/VL53L0X/core/src/vl53l0x_api_core.o
                0x0000000008006b1c                VL53L0X_calc_timeout_us
 .text.get_sequence_step_timeout
                0x0000000008006b70      0x1c2 ./Drivers/VL53L0X/core/src/vl53l0x_api_core.o
                0x0000000008006b70                get_sequence_step_timeout
 .text.set_sequence_step_timeout
                0x0000000008006d32      0x1e4 ./Drivers/VL53L0X/core/src/vl53l0x_api_core.o
                0x0000000008006d32                set_sequence_step_timeout
 .text.VL53L0X_set_vcsel_pulse_period
                0x0000000008006f16      0x512 ./Drivers/VL53L0X/core/src/vl53l0x_api_core.o
                0x0000000008006f16                VL53L0X_set_vcsel_pulse_period
 .text.VL53L0X_get_vcsel_pulse_period
                0x0000000008007428       0x6e ./Drivers/VL53L0X/core/src/vl53l0x_api_core.o
                0x0000000008007428                VL53L0X_get_vcsel_pulse_period
 .text.VL53L0X_set_measurement_timing_budget_micro_seconds
                0x0000000008007496      0x1a6 ./Drivers/VL53L0X/core/src/vl53l0x_api_core.o
                0x0000000008007496                VL53L0X_set_measurement_timing_budget_micro_seconds
 .text.VL53L0X_get_measurement_timing_budget_micro_seconds
                0x000000000800763c      0x162 ./Drivers/VL53L0X/core/src/vl53l0x_api_core.o
                0x000000000800763c                VL53L0X_get_measurement_timing_budget_micro_seconds
 *fill*         0x000000000800779e        0x2 
 .text.VL53L0X_load_tuning_settings
                0x00000000080077a0      0x1c4 ./Drivers/VL53L0X/core/src/vl53l0x_api_core.o
                0x00000000080077a0                VL53L0X_load_tuning_settings
 .text.VL53L0X_get_total_xtalk_rate
                0x0000000008007964       0x5e ./Drivers/VL53L0X/core/src/vl53l0x_api_core.o
                0x0000000008007964                VL53L0X_get_total_xtalk_rate
 .text.VL53L0X_get_total_signal_rate
                0x00000000080079c2       0x4a ./Drivers/VL53L0X/core/src/vl53l0x_api_core.o
                0x00000000080079c2                VL53L0X_get_total_signal_rate
 .text.get_dmax_lut_points
                0x0000000008007a0c       0x8c ./Drivers/VL53L0X/core/src/vl53l0x_api_core.o
                0x0000000008007a0c                get_dmax_lut_points
 .text.VL53L0X_calc_dmax
                0x0000000008007a98      0x14c ./Drivers/VL53L0X/core/src/vl53l0x_api_core.o
                0x0000000008007a98                VL53L0X_calc_dmax
 .text.VL53L0X_calc_sigma_estimate
                0x0000000008007be4      0x45c ./Drivers/VL53L0X/core/src/vl53l0x_api_core.o
                0x0000000008007be4                VL53L0X_calc_sigma_estimate
 .text.VL53L0X_get_pal_range_status
                0x0000000008008040      0x3c4 ./Drivers/VL53L0X/core/src/vl53l0x_api_core.o
                0x0000000008008040                VL53L0X_get_pal_range_status
 .text._I2CWrite
                0x0000000008008404       0x3e ./Drivers/VL53L0X/platform/src/vl53l0x_platform.o
                0x0000000008008404                _I2CWrite
 .text._I2CRead
                0x0000000008008442       0x44 ./Drivers/VL53L0X/platform/src/vl53l0x_platform.o
                0x0000000008008442                _I2CRead
 *fill*         0x0000000008008486        0x2 
 .text.VL53L0X_WriteMulti
                0x0000000008008488       0x60 ./Drivers/VL53L0X/platform/src/vl53l0x_platform.o
                0x0000000008008488                VL53L0X_WriteMulti
 .text.VL53L0X_ReadMulti
                0x00000000080084e8       0x56 ./Drivers/VL53L0X/platform/src/vl53l0x_platform.o
                0x00000000080084e8                VL53L0X_ReadMulti
 *fill*         0x000000000800853e        0x2 
 .text.VL53L0X_WrByte
                0x0000000008008540       0x48 ./Drivers/VL53L0X/platform/src/vl53l0x_platform.o
                0x0000000008008540                VL53L0X_WrByte
 .text.VL53L0X_WrWord
                0x0000000008008588       0x54 ./Drivers/VL53L0X/platform/src/vl53l0x_platform.o
                0x0000000008008588                VL53L0X_WrWord
 .text.VL53L0X_UpdateByte
                0x00000000080085dc       0x68 ./Drivers/VL53L0X/platform/src/vl53l0x_platform.o
                0x00000000080085dc                VL53L0X_UpdateByte
 .text.VL53L0X_RdByte
                0x0000000008008644       0x54 ./Drivers/VL53L0X/platform/src/vl53l0x_platform.o
                0x0000000008008644                VL53L0X_RdByte
 .text.VL53L0X_RdWord
                0x0000000008008698       0x70 ./Drivers/VL53L0X/platform/src/vl53l0x_platform.o
                0x0000000008008698                VL53L0X_RdWord
 .text.VL53L0X_RdDWord
                0x0000000008008708       0x78 ./Drivers/VL53L0X/platform/src/vl53l0x_platform.o
                0x0000000008008708                VL53L0X_RdDWord
 .text.VL53L0X_PollingDelay
                0x0000000008008780       0x1e ./Drivers/VL53L0X/platform/src/vl53l0x_platform.o
                0x0000000008008780                VL53L0X_PollingDelay
 *fill*         0x000000000800879e        0x2 
 .text.__libc_init_array
                0x00000000080087a0       0x48 /opt/st/stm32cubeide_1.11.2/plugins/com.st.stm32cube.ide.mcu.externaltools.gnu-tools-for-stm32.10.3-2021.10.linux64_1.0.100.202210260954/tools/bin/../lib/gcc/arm-none-eabi/10.3.1/../../../../arm-none-eabi/lib/thumb/v7-m/nofp/libc_nano.a(lib_a-init.o)
                0x00000000080087a0                __libc_init_array
 .text.memcpy   0x00000000080087e8       0x1c /opt/st/stm32cubeide_1.11.2/plugins/com.st.stm32cube.ide.mcu.externaltools.gnu-tools-for-stm32.10.3-2021.10.linux64_1.0.100.202210260954/tools/bin/../lib/gcc/arm-none-eabi/10.3.1/../../../../arm-none-eabi/lib/thumb/v7-m/nofp/libc_nano.a(lib_a-memcpy-stub.o)
                0x00000000080087e8                memcpy
 .text.memset   0x0000000008008804       0x10 /opt/st/stm32cubeide_1.11.2/plugins/com.st.stm32cube.ide.mcu.externaltools.gnu-tools-for-stm32.10.3-2021.10.linux64_1.0.100.202210260954/tools/bin/../lib/gcc/arm-none-eabi/10.3.1/../../../../arm-none-eabi/lib/thumb/v7-m/nofp/libc_nano.a(lib_a-memset.o)
                0x0000000008008804                memset
 .text.strcpy   0x0000000008008814       0x10 /opt/st/stm32cubeide_1.11.2/plugins/com.st.stm32cube.ide.mcu.externaltools.gnu-tools-for-stm32.10.3-2021.10.linux64_1.0.100.202210260954/tools/bin/../lib/gcc/arm-none-eabi/10.3.1/../../../../arm-none-eabi/lib/thumb/v7-m/nofp/libc_nano.a(lib_a-strcpy.o)
                0x0000000008008814                strcpy
 *(.glue_7)
 .glue_7        0x0000000008008824        0x0 linker stubs
 *(.glue_7t)
 .glue_7t       0x0000000008008824        0x0 linker stubs
 *(.eh_frame)
 .eh_frame      0x0000000008008824        0x0 /opt/st/stm32cubeide_1.11.2/plugins/com.st.stm32cube.ide.mcu.externaltools.gnu-tools-for-stm32.10.3-2021.10.linux64_1.0.100.202210260954/tools/bin/../lib/gcc/arm-none-eabi/10.3.1/thumb/v7-m/nofp/crtbegin.o
 *(.init)
 .init          0x0000000008008824        0x4 /opt/st/stm32cubeide_1.11.2/plugins/com.st.stm32cube.ide.mcu.externaltools.gnu-tools-for-stm32.10.3-2021.10.linux64_1.0.100.202210260954/tools/bin/../lib/gcc/arm-none-eabi/10.3.1/thumb/v7-m/nofp/crti.o
                0x0000000008008824                _init
 .init          0x0000000008008828        0x8 /opt/st/stm32cubeide_1.11.2/plugins/com.st.stm32cube.ide.mcu.externaltools.gnu-tools-for-stm32.10.3-2021.10.linux64_1.0.100.202210260954/tools/bin/../lib/gcc/arm-none-eabi/10.3.1/thumb/v7-m/nofp/crtn.o
 *(.fini)
 .fini          0x0000000008008830        0x4 /opt/st/stm32cubeide_1.11.2/plugins/com.st.stm32cube.ide.mcu.externaltools.gnu-tools-for-stm32.10.3-2021.10.linux64_1.0.100.202210260954/tools/bin/../lib/gcc/arm-none-eabi/10.3.1/thumb/v7-m/nofp/crti.o
                0x0000000008008830                _fini
 .fini          0x0000000008008834        0x8 /opt/st/stm32cubeide_1.11.2/plugins/com.st.stm32cube.ide.mcu.externaltools.gnu-tools-for-stm32.10.3-2021.10.linux64_1.0.100.202210260954/tools/bin/../lib/gcc/arm-none-eabi/10.3.1/thumb/v7-m/nofp/crtn.o
                0x000000000800883c                . = ALIGN (0x4)
                0x000000000800883c                _etext = .

.vfp11_veneer   0x000000000800883c        0x0
 .vfp11_veneer  0x000000000800883c        0x0 linker stubs

.v4_bx          0x000000000800883c        0x0
 .v4_bx         0x000000000800883c        0x0 linker stubs

.iplt           0x000000000800883c        0x0
 .iplt          0x000000000800883c        0x0 /opt/st/stm32cubeide_1.11.2/plugins/com.st.stm32cube.ide.mcu.externaltools.gnu-tools-for-stm32.10.3-2021.10.linux64_1.0.100.202210260954/tools/bin/../lib/gcc/arm-none-eabi/10.3.1/thumb/v7-m/nofp/crtbegin.o

.rodata         0x000000000800883c       0x28
                0x000000000800883c                . = ALIGN (0x4)
 *(.rodata)
 .rodata        0x000000000800883c       0x10 ./Drivers/STM32F1xx_HAL_Driver/Src/stm32f1xx_hal_rcc.o
 *(.rodata*)
 .rodata.AHBPrescTable
                0x000000000800884c       0x10 ./Core/Src/system_stm32f1xx.o
                0x000000000800884c                AHBPrescTable
 .rodata.APBPrescTable
                0x000000000800885c        0x8 ./Core/Src/system_stm32f1xx.o
                0x000000000800885c                APBPrescTable
                0x0000000008008864                . = ALIGN (0x4)

.rel.dyn        0x0000000008008864        0x0
 .rel.iplt      0x0000000008008864        0x0 /opt/st/stm32cubeide_1.11.2/plugins/com.st.stm32cube.ide.mcu.externaltools.gnu-tools-for-stm32.10.3-2021.10.linux64_1.0.100.202210260954/tools/bin/../lib/gcc/arm-none-eabi/10.3.1/thumb/v7-m/nofp/crtbegin.o

.ARM.extab      0x0000000008008864        0x0
                0x0000000008008864                . = ALIGN (0x4)
 *(.ARM.extab* .gnu.linkonce.armextab.*)
                0x0000000008008864                . = ALIGN (0x4)

.ARM            0x0000000008008864        0x0
                0x0000000008008864                . = ALIGN (0x4)
                0x0000000008008864                __exidx_start = .
 *(.ARM.exidx*)
                0x0000000008008864                __exidx_end = .
                0x0000000008008864                . = ALIGN (0x4)

.preinit_array  0x0000000008008864        0x0
                0x0000000008008864                . = ALIGN (0x4)
                0x0000000008008864                PROVIDE (__preinit_array_start = .)
 *(.preinit_array*)
                0x0000000008008864                PROVIDE (__preinit_array_end = .)
                0x0000000008008864                . = ALIGN (0x4)

.init_array     0x0000000008008864        0x4
                0x0000000008008864                . = ALIGN (0x4)
                0x0000000008008864                PROVIDE (__init_array_start = .)
 *(SORT_BY_NAME(.init_array.*))
 *(.init_array*)
 .init_array    0x0000000008008864        0x4 /opt/st/stm32cubeide_1.11.2/plugins/com.st.stm32cube.ide.mcu.externaltools.gnu-tools-for-stm32.10.3-2021.10.linux64_1.0.100.202210260954/tools/bin/../lib/gcc/arm-none-eabi/10.3.1/thumb/v7-m/nofp/crtbegin.o
                0x0000000008008868                PROVIDE (__init_array_end = .)
                0x0000000008008868                . = ALIGN (0x4)

.fini_array     0x0000000008008868        0x4
                0x0000000008008868                . = ALIGN (0x4)
                [!provide]                        PROVIDE (__fini_array_start = .)
 *(SORT_BY_NAME(.fini_array.*))
 *(.fini_array*)
 .fini_array    0x0000000008008868        0x4 /opt/st/stm32cubeide_1.11.2/plugins/com.st.stm32cube.ide.mcu.externaltools.gnu-tools-for-stm32.10.3-2021.10.linux64_1.0.100.202210260954/tools/bin/../lib/gcc/arm-none-eabi/10.3.1/thumb/v7-m/nofp/crtbegin.o
                [!provide]                        PROVIDE (__fini_array_end = .)
                0x000000000800886c                . = ALIGN (0x4)
                0x000000000800886c                _sidata = LOADADDR (.data)

.data           0x0000000020000000      0x2cc load address 0x000000000800886c
                0x0000000020000000                . = ALIGN (0x4)
                0x0000000020000000                _sdata = .
 *(.data)
 *(.data*)
 .data.Dev      0x0000000020000000        0x4 ./Core/Src/main.o
                0x0000000020000000                Dev
 .data.SystemCoreClock
                0x0000000020000004        0x4 ./Core/Src/system_stm32f1xx.o
                0x0000000020000004                SystemCoreClock
 .data.uwTickPrio
                0x0000000020000008        0x4 ./Drivers/STM32F1xx_HAL_Driver/Src/stm32f1xx_hal.o
                0x0000000020000008                uwTickPrio
 .data.uwTickFreq
                0x000000002000000c        0x1 ./Drivers/STM32F1xx_HAL_Driver/Src/stm32f1xx_hal.o
                0x000000002000000c                uwTickFreq
 *fill*         0x000000002000000d        0x3 
 .data.DefaultTuningSettings
                0x0000000020000010       0xf3 ./Drivers/VL53L0X/core/src/vl53l0x_api.o
                0x0000000020000010                DefaultTuningSettings
 *fill*         0x0000000020000103        0x1 
 .data.InterruptThresholdSettings
                0x0000000020000104      0x1b6 ./Drivers/VL53L0X/core/src/vl53l0x_api.o
                0x0000000020000104                InterruptThresholdSettings
 *fill*         0x00000000200002ba        0x2 
 .data.refArrayQuadrants
                0x00000000200002bc       0x10 ./Drivers/VL53L0X/core/src/vl53l0x_api_calibration.o
                0x00000000200002bc                refArrayQuadrants
 *(.RamFunc)
 *(.RamFunc*)
                0x00000000200002cc                . = ALIGN (0x4)
                0x00000000200002cc                _edata = .

.igot.plt       0x00000000200002cc        0x0 load address 0x0000000008008b38
 .igot.plt      0x00000000200002cc        0x0 /opt/st/stm32cubeide_1.11.2/plugins/com.st.stm32cube.ide.mcu.externaltools.gnu-tools-for-stm32.10.3-2021.10.linux64_1.0.100.202210260954/tools/bin/../lib/gcc/arm-none-eabi/10.3.1/thumb/v7-m/nofp/crtbegin.o
                0x00000000200002cc                . = ALIGN (0x4)

.bss            0x00000000200002cc      0x2b0 load address 0x0000000008008b38
                0x00000000200002cc                _sbss = .
                0x00000000200002cc                __bss_start__ = _sbss
 *(.bss)
 .bss           0x00000000200002cc       0x1c /opt/st/stm32cubeide_1.11.2/plugins/com.st.stm32cube.ide.mcu.externaltools.gnu-tools-for-stm32.10.3-2021.10.linux64_1.0.100.202210260954/tools/bin/../lib/gcc/arm-none-eabi/10.3.1/thumb/v7-m/nofp/crtbegin.o
 *(.bss*)
 .bss.hi2c1     0x00000000200002e8       0x54 ./Core/Src/main.o
                0x00000000200002e8                hi2c1
 .bss.htim1     0x000000002000033c       0x48 ./Core/Src/main.o
                0x000000002000033c                htim1
 .bss.vl53l0x_c
                0x0000000020000384      0x1b4 ./Core/Src/main.o
                0x0000000020000384                vl53l0x_c
 .bss.uwTick    0x0000000020000538        0x4 ./Drivers/STM32F1xx_HAL_Driver/Src/stm32f1xx_hal.o
                0x0000000020000538                uwTick
 .bss._I2CBuffer
                0x000000002000053c       0x40 ./Drivers/VL53L0X/platform/src/vl53l0x_platform.o
                0x000000002000053c                _I2CBuffer
 *(COMMON)
                0x000000002000057c                . = ALIGN (0x4)
                0x000000002000057c                _ebss = .
                0x000000002000057c                __bss_end__ = _ebss

._user_heap_stack
                0x000000002000057c      0x604 load address 0x0000000008008b38
                0x0000000020000580                . = ALIGN (0x8)
 *fill*         0x000000002000057c        0x4 
                [!provide]                        PROVIDE (end = .)
                0x0000000020000580                PROVIDE (_end = .)
                0x0000000020000780                . = (. + _Min_Heap_Size)
 *fill*         0x0000000020000580      0x200 
                0x0000000020000b80                . = (. + _Min_Stack_Size)
 *fill*         0x0000000020000780      0x400 
                0x0000000020000b80                . = ALIGN (0x8)

/DISCARD/
 libc.a(*)
 libm.a(*)
 libgcc.a(*)

.ARM.attributes
                0x0000000000000000       0x29
 *(.ARM.attributes)
 .ARM.attributes
                0x0000000000000000       0x1d /opt/st/stm32cubeide_1.11.2/plugins/com.st.stm32cube.ide.mcu.externaltools.gnu-tools-for-stm32.10.3-2021.10.linux64_1.0.100.202210260954/tools/bin/../lib/gcc/arm-none-eabi/10.3.1/thumb/v7-m/nofp/crti.o
 .ARM.attributes
                0x000000000000001d       0x2d /opt/st/stm32cubeide_1.11.2/plugins/com.st.stm32cube.ide.mcu.externaltools.gnu-tools-for-stm32.10.3-2021.10.linux64_1.0.100.202210260954/tools/bin/../lib/gcc/arm-none-eabi/10.3.1/thumb/v7-m/nofp/crtbegin.o
 .ARM.attributes
                0x000000000000004a       0x2d ./Core/Src/main.o
 .ARM.attributes
                0x0000000000000077       0x2d ./Core/Src/stm32f1xx_hal_msp.o
 .ARM.attributes
                0x00000000000000a4       0x2d ./Core/Src/stm32f1xx_it.o
 .ARM.attributes
                0x00000000000000d1       0x2d ./Core/Src/system_stm32f1xx.o
 .ARM.attributes
                0x00000000000000fe       0x21 ./Core/Startup/startup_stm32f103c8tx.o
 .ARM.attributes
                0x000000000000011f       0x2d ./Drivers/STM32F1xx_HAL_Driver/Src/stm32f1xx_hal.o
 .ARM.attributes
                0x000000000000014c       0x2d ./Drivers/STM32F1xx_HAL_Driver/Src/stm32f1xx_hal_cortex.o
 .ARM.attributes
                0x0000000000000179       0x2d ./Drivers/STM32F1xx_HAL_Driver/Src/stm32f1xx_hal_gpio.o
 .ARM.attributes
                0x00000000000001a6       0x2d ./Drivers/STM32F1xx_HAL_Driver/Src/stm32f1xx_hal_i2c.o
 .ARM.attributes
                0x00000000000001d3       0x2d ./Drivers/STM32F1xx_HAL_Driver/Src/stm32f1xx_hal_rcc.o
 .ARM.attributes
                0x0000000000000200       0x2d ./Drivers/STM32F1xx_HAL_Driver/Src/stm32f1xx_hal_tim.o
 .ARM.attributes
                0x000000000000022d       0x2d ./Drivers/STM32F1xx_HAL_Driver/Src/stm32f1xx_hal_tim_ex.o
 .ARM.attributes
                0x000000000000025a       0x2d ./Drivers/VL53L0X/core/src/vl53l0x_api.o
 .ARM.attributes
                0x0000000000000287       0x2d ./Drivers/VL53L0X/core/src/vl53l0x_api_calibration.o
 .ARM.attributes
                0x00000000000002b4       0x2d ./Drivers/VL53L0X/core/src/vl53l0x_api_core.o
 .ARM.attributes
                0x00000000000002e1       0x2d ./Drivers/VL53L0X/platform/src/vl53l0x_platform.o
 .ARM.attributes
                0x000000000000030e       0x2d /opt/st/stm32cubeide_1.11.2/plugins/com.st.stm32cube.ide.mcu.externaltools.gnu-tools-for-stm32.10.3-2021.10.linux64_1.0.100.202210260954/tools/bin/../lib/gcc/arm-none-eabi/10.3.1/../../../../arm-none-eabi/lib/thumb/v7-m/nofp/libc_nano.a(lib_a-init.o)
 .ARM.attributes
                0x000000000000033b       0x2d /opt/st/stm32cubeide_1.11.2/plugins/com.st.stm32cube.ide.mcu.externaltools.gnu-tools-for-stm32.10.3-2021.10.linux64_1.0.100.202210260954/tools/bin/../lib/gcc/arm-none-eabi/10.3.1/../../../../arm-none-eabi/lib/thumb/v7-m/nofp/libc_nano.a(lib_a-memcpy-stub.o)
 .ARM.attributes
                0x0000000000000368       0x2d /opt/st/stm32cubeide_1.11.2/plugins/com.st.stm32cube.ide.mcu.externaltools.gnu-tools-for-stm32.10.3-2021.10.linux64_1.0.100.202210260954/tools/bin/../lib/gcc/arm-none-eabi/10.3.1/../../../../arm-none-eabi/lib/thumb/v7-m/nofp/libc_nano.a(lib_a-memset.o)
 .ARM.attributes
                0x0000000000000395       0x2d /opt/st/stm32cubeide_1.11.2/plugins/com.st.stm32cube.ide.mcu.externaltools.gnu-tools-for-stm32.10.3-2021.10.linux64_1.0.100.202210260954/tools/bin/../lib/gcc/arm-none-eabi/10.3.1/../../../../arm-none-eabi/lib/thumb/v7-m/nofp/libc_nano.a(lib_a-strcpy.o)
 .ARM.attributes
                0x00000000000003c2       0x1d /opt/st/stm32cubeide_1.11.2/plugins/com.st.stm32cube.ide.mcu.externaltools.gnu-tools-for-stm32.10.3-2021.10.linux64_1.0.100.202210260954/tools/bin/../lib/gcc/arm-none-eabi/10.3.1/thumb/v7-m/nofp/libgcc.a(_arm_mulsf3.o)
 .ARM.attributes
                0x00000000000003df       0x1d /opt/st/stm32cubeide_1.11.2/plugins/com.st.stm32cube.ide.mcu.externaltools.gnu-tools-for-stm32.10.3-2021.10.linux64_1.0.100.202210260954/tools/bin/../lib/gcc/arm-none-eabi/10.3.1/thumb/v7-m/nofp/libgcc.a(_arm_addsubsf3.o)
 .ARM.attributes
                0x00000000000003fc       0x1d /opt/st/stm32cubeide_1.11.2/plugins/com.st.stm32cube.ide.mcu.externaltools.gnu-tools-for-stm32.10.3-2021.10.linux64_1.0.100.202210260954/tools/bin/../lib/gcc/arm-none-eabi/10.3.1/thumb/v7-m/nofp/libgcc.a(_arm_fixsfsi.o)
 .ARM.attributes
                0x0000000000000419       0x1d /opt/st/stm32cubeide_1.11.2/plugins/com.st.stm32cube.ide.mcu.externaltools.gnu-tools-for-stm32.10.3-2021.10.linux64_1.0.100.202210260954/tools/bin/../lib/gcc/arm-none-eabi/10.3.1/thumb/v7-m/nofp/crtn.o
OUTPUT(BuczekSumowskiBluePillProject.elf elf32-littlearm)
LOAD linker stubs
LOAD /opt/st/stm32cubeide_1.11.2/plugins/com.st.stm32cube.ide.mcu.externaltools.gnu-tools-for-stm32.10.3-2021.10.linux64_1.0.100.202210260954/tools/bin/../lib/gcc/arm-none-eabi/10.3.1/../../../../arm-none-eabi/lib/thumb/v7-m/nofp/libc.a
LOAD /opt/st/stm32cubeide_1.11.2/plugins/com.st.stm32cube.ide.mcu.externaltools.gnu-tools-for-stm32.10.3-2021.10.linux64_1.0.100.202210260954/tools/bin/../lib/gcc/arm-none-eabi/10.3.1/../../../../arm-none-eabi/lib/thumb/v7-m/nofp/libm.a
LOAD /opt/st/stm32cubeide_1.11.2/plugins/com.st.stm32cube.ide.mcu.externaltools.gnu-tools-for-stm32.10.3-2021.10.linux64_1.0.100.202210260954/tools/bin/../lib/gcc/arm-none-eabi/10.3.1/thumb/v7-m/nofp/libgcc.a

.debug_info     0x0000000000000000    0x13bb7
 .debug_info    0x0000000000000000     0x1a7e ./Core/Src/main.o
 .debug_info    0x0000000000001a7e      0xcb3 ./Core/Src/stm32f1xx_hal_msp.o
 .debug_info    0x0000000000002731      0x122 ./Core/Src/stm32f1xx_it.o
 .debug_info    0x0000000000002853      0x23d ./Core/Src/system_stm32f1xx.o
 .debug_info    0x0000000000002a90       0x22 ./Core/Startup/startup_stm32f103c8tx.o
 .debug_info    0x0000000000002ab2      0x734 ./Drivers/STM32F1xx_HAL_Driver/Src/stm32f1xx_hal.o
 .debug_info    0x00000000000031e6      0xb20 ./Drivers/STM32F1xx_HAL_Driver/Src/stm32f1xx_hal_cortex.o
 .debug_info    0x0000000000003d06      0x615 ./Drivers/STM32F1xx_HAL_Driver/Src/stm32f1xx_hal_gpio.o
 .debug_info    0x000000000000431b     0x2734 ./Drivers/STM32F1xx_HAL_Driver/Src/stm32f1xx_hal_i2c.o
 .debug_info    0x0000000000006a4f      0x860 ./Drivers/STM32F1xx_HAL_Driver/Src/stm32f1xx_hal_rcc.o
 .debug_info    0x00000000000072af     0x29de ./Drivers/STM32F1xx_HAL_Driver/Src/stm32f1xx_hal_tim.o
 .debug_info    0x0000000000009c8d     0x1513 ./Drivers/STM32F1xx_HAL_Driver/Src/stm32f1xx_hal_tim_ex.o
 .debug_info    0x000000000000b1a0     0x3720 ./Drivers/VL53L0X/core/src/vl53l0x_api.o
 .debug_info    0x000000000000e8c0     0x1e0b ./Drivers/VL53L0X/core/src/vl53l0x_api_calibration.o
 .debug_info    0x00000000000106cb     0x2288 ./Drivers/VL53L0X/core/src/vl53l0x_api_core.o
 .debug_info    0x0000000000012953     0x1264 ./Drivers/VL53L0X/platform/src/vl53l0x_platform.o

.debug_abbrev   0x0000000000000000     0x2163
 .debug_abbrev  0x0000000000000000      0x357 ./Core/Src/main.o
 .debug_abbrev  0x0000000000000357      0x1c3 ./Core/Src/stm32f1xx_hal_msp.o
 .debug_abbrev  0x000000000000051a       0x74 ./Core/Src/stm32f1xx_it.o
 .debug_abbrev  0x000000000000058e      0x13b ./Core/Src/system_stm32f1xx.o
 .debug_abbrev  0x00000000000006c9       0x12 ./Core/Startup/startup_stm32f103c8tx.o
 .debug_abbrev  0x00000000000006db      0x1fb ./Drivers/STM32F1xx_HAL_Driver/Src/stm32f1xx_hal.o
 .debug_abbrev  0x00000000000008d6      0x2ed ./Drivers/STM32F1xx_HAL_Driver/Src/stm32f1xx_hal_cortex.o
 .debug_abbrev  0x0000000000000bc3      0x1bb ./Drivers/STM32F1xx_HAL_Driver/Src/stm32f1xx_hal_gpio.o
 .debug_abbrev  0x0000000000000d7e      0x288 ./Drivers/STM32F1xx_HAL_Driver/Src/stm32f1xx_hal_i2c.o
 .debug_abbrev  0x0000000000001006      0x2a8 ./Drivers/STM32F1xx_HAL_Driver/Src/stm32f1xx_hal_rcc.o
 .debug_abbrev  0x00000000000012ae      0x25d ./Drivers/STM32F1xx_HAL_Driver/Src/stm32f1xx_hal_tim.o
 .debug_abbrev  0x000000000000150b      0x265 ./Drivers/STM32F1xx_HAL_Driver/Src/stm32f1xx_hal_tim_ex.o
 .debug_abbrev  0x0000000000001770      0x298 ./Drivers/VL53L0X/core/src/vl53l0x_api.o
 .debug_abbrev  0x0000000000001a08      0x28d ./Drivers/VL53L0X/core/src/vl53l0x_api_calibration.o
 .debug_abbrev  0x0000000000001c95      0x2a4 ./Drivers/VL53L0X/core/src/vl53l0x_api_core.o
 .debug_abbrev  0x0000000000001f39      0x22a ./Drivers/VL53L0X/platform/src/vl53l0x_platform.o

.debug_aranges  0x0000000000000000     0x1148
 .debug_aranges
                0x0000000000000000       0x60 ./Core/Src/main.o
 .debug_aranges
                0x0000000000000060       0x48 ./Core/Src/stm32f1xx_hal_msp.o
 .debug_aranges
                0x00000000000000a8       0x60 ./Core/Src/stm32f1xx_it.o
 .debug_aranges
                0x0000000000000108       0x28 ./Core/Src/system_stm32f1xx.o
 .debug_aranges
                0x0000000000000130       0x28 ./Core/Startup/startup_stm32f103c8tx.o
 .debug_aranges
                0x0000000000000158       0xe0 ./Drivers/STM32F1xx_HAL_Driver/Src/stm32f1xx_hal.o
 .debug_aranges
                0x0000000000000238      0x100 ./Drivers/STM32F1xx_HAL_Driver/Src/stm32f1xx_hal_cortex.o
 .debug_aranges
                0x0000000000000338       0x58 ./Drivers/STM32F1xx_HAL_Driver/Src/stm32f1xx_hal_gpio.o
 .debug_aranges
                0x0000000000000390      0x2a0 ./Drivers/STM32F1xx_HAL_Driver/Src/stm32f1xx_hal_i2c.o
 .debug_aranges
                0x0000000000000630       0x90 ./Drivers/STM32F1xx_HAL_Driver/Src/stm32f1xx_hal_rcc.o
 .debug_aranges
                0x00000000000006c0      0x3d0 ./Drivers/STM32F1xx_HAL_Driver/Src/stm32f1xx_hal_tim.o
 .debug_aranges
                0x0000000000000a90      0x168 ./Drivers/STM32F1xx_HAL_Driver/Src/stm32f1xx_hal_tim_ex.o
 .debug_aranges
                0x0000000000000bf8      0x320 ./Drivers/VL53L0X/core/src/vl53l0x_api.o
 .debug_aranges
                0x0000000000000f18       0xd0 ./Drivers/VL53L0X/core/src/vl53l0x_api_calibration.o
 .debug_aranges
                0x0000000000000fe8       0xe8 ./Drivers/VL53L0X/core/src/vl53l0x_api_core.o
 .debug_aranges
                0x00000000000010d0       0x78 ./Drivers/VL53L0X/platform/src/vl53l0x_platform.o

.debug_ranges   0x0000000000000000     0x1078
 .debug_ranges  0x0000000000000000       0x50 ./Core/Src/main.o
 .debug_ranges  0x0000000000000050       0x38 ./Core/Src/stm32f1xx_hal_msp.o
 .debug_ranges  0x0000000000000088       0x50 ./Core/Src/stm32f1xx_it.o
 .debug_ranges  0x00000000000000d8       0x18 ./Core/Src/system_stm32f1xx.o
 .debug_ranges  0x00000000000000f0       0x20 ./Core/Startup/startup_stm32f103c8tx.o
 .debug_ranges  0x0000000000000110       0xd0 ./Drivers/STM32F1xx_HAL_Driver/Src/stm32f1xx_hal.o
 .debug_ranges  0x00000000000001e0       0xf0 ./Drivers/STM32F1xx_HAL_Driver/Src/stm32f1xx_hal_cortex.o
 .debug_ranges  0x00000000000002d0       0x48 ./Drivers/STM32F1xx_HAL_Driver/Src/stm32f1xx_hal_gpio.o
 .debug_ranges  0x0000000000000318      0x2b8 ./Drivers/STM32F1xx_HAL_Driver/Src/stm32f1xx_hal_i2c.o
 .debug_ranges  0x00000000000005d0       0x80 ./Drivers/STM32F1xx_HAL_Driver/Src/stm32f1xx_hal_rcc.o
 .debug_ranges  0x0000000000000650      0x3c0 ./Drivers/STM32F1xx_HAL_Driver/Src/stm32f1xx_hal_tim.o
 .debug_ranges  0x0000000000000a10      0x158 ./Drivers/STM32F1xx_HAL_Driver/Src/stm32f1xx_hal_tim_ex.o
 .debug_ranges  0x0000000000000b68      0x310 ./Drivers/VL53L0X/core/src/vl53l0x_api.o
 .debug_ranges  0x0000000000000e78       0xc0 ./Drivers/VL53L0X/core/src/vl53l0x_api_calibration.o
 .debug_ranges  0x0000000000000f38       0xd8 ./Drivers/VL53L0X/core/src/vl53l0x_api_core.o
 .debug_ranges  0x0000000000001010       0x68 ./Drivers/VL53L0X/platform/src/vl53l0x_platform.o

.debug_macro    0x0000000000000000    0x18ee8
 .debug_macro   0x0000000000000000      0x405 ./Core/Src/main.o
 .debug_macro   0x0000000000000405      0xa6c ./Core/Src/main.o
 .debug_macro   0x0000000000000e71      0x21b ./Core/Src/main.o
 .debug_macro   0x000000000000108c       0x2e ./Core/Src/main.o
 .debug_macro   0x00000000000010ba       0x22 ./Core/Src/main.o
 .debug_macro   0x00000000000010dc       0x22 ./Core/Src/main.o
 .debug_macro   0x00000000000010fe       0x8e ./Core/Src/main.o
 .debug_macro   0x000000000000118c       0x51 ./Core/Src/main.o
 .debug_macro   0x00000000000011dd      0x103 ./Core/Src/main.o
 .debug_macro   0x00000000000012e0       0x6a ./Core/Src/main.o
 .debug_macro   0x000000000000134a      0x1df ./Core/Src/main.o
 .debug_macro   0x0000000000001529       0x1c ./Core/Src/main.o
 .debug_macro   0x0000000000001545       0x22 ./Core/Src/main.o
 .debug_macro   0x0000000000001567       0xbd ./Core/Src/main.o
 .debug_macro   0x0000000000001624      0xd23 ./Core/Src/main.o
 .debug_macro   0x0000000000002347     0xe09e ./Core/Src/main.o
 .debug_macro   0x00000000000103e5       0x6d ./Core/Src/main.o
 .debug_macro   0x0000000000010452     0x3468 ./Core/Src/main.o
 .debug_macro   0x00000000000138ba      0x174 ./Core/Src/main.o
 .debug_macro   0x0000000000013a2e       0x5c ./Core/Src/main.o
 .debug_macro   0x0000000000013a8a      0x5be ./Core/Src/main.o
 .debug_macro   0x0000000000014048      0x289 ./Core/Src/main.o
 .debug_macro   0x00000000000142d1      0x1cb ./Core/Src/main.o
 .debug_macro   0x000000000001449c      0x114 ./Core/Src/main.o
 .debug_macro   0x00000000000145b0      0x1b2 ./Core/Src/main.o
 .debug_macro   0x0000000000014762       0x27 ./Core/Src/main.o
 .debug_macro   0x0000000000014789      0x136 ./Core/Src/main.o
 .debug_macro   0x00000000000148bf      0x1bc ./Core/Src/main.o
 .debug_macro   0x0000000000014a7b       0x34 ./Core/Src/main.o
 .debug_macro   0x0000000000014aaf       0x3c ./Core/Src/main.o
 .debug_macro   0x0000000000014aeb       0x57 ./Core/Src/main.o
 .debug_macro   0x0000000000014b42       0x88 ./Core/Src/main.o
 .debug_macro   0x0000000000014bca      0x241 ./Core/Src/main.o
 .debug_macro   0x0000000000014e0b      0x287 ./Core/Src/main.o
 .debug_macro   0x0000000000015092      0x141 ./Core/Src/main.o
 .debug_macro   0x00000000000151d3      0x8d1 ./Core/Src/main.o
 .debug_macro   0x0000000000015aa4       0x83 ./Core/Src/main.o
 .debug_macro   0x0000000000015b27       0x22 ./Core/Src/main.o
 .debug_macro   0x0000000000015b49       0x76 ./Core/Src/main.o
 .debug_macro   0x0000000000015bbf      0x29c ./Core/Src/main.o
 .debug_macro   0x0000000000015e5b      0x20a ./Core/Src/main.o
 .debug_macro   0x0000000000016065       0x52 ./Core/Src/main.o
 .debug_macro   0x00000000000160b7       0x18 ./Core/Src/main.o
 .debug_macro   0x00000000000160cf       0x3c ./Core/Src/main.o
 .debug_macro   0x000000000001610b       0x34 ./Core/Src/main.o
 .debug_macro   0x000000000001613f       0x16 ./Core/Src/main.o
 .debug_macro   0x0000000000016155       0x35 ./Core/Src/main.o
 .debug_macro   0x000000000001618a      0x341 ./Core/Src/main.o
 .debug_macro   0x00000000000164cb       0x10 ./Core/Src/main.o
 .debug_macro   0x00000000000164db       0x16 ./Core/Src/main.o
 .debug_macro   0x00000000000164f1       0x43 ./Core/Src/main.o
 .debug_macro   0x0000000000016534       0x34 ./Core/Src/main.o
 .debug_macro   0x0000000000016568       0x10 ./Core/Src/main.o
 .debug_macro   0x0000000000016578       0x58 ./Core/Src/main.o
 .debug_macro   0x00000000000165d0       0x71 ./Core/Src/main.o
 .debug_macro   0x0000000000016641       0x1c ./Core/Src/main.o
 .debug_macro   0x000000000001665d      0x12a ./Core/Src/main.o
 .debug_macro   0x0000000000016787       0x10 ./Core/Src/main.o
 .debug_macro   0x0000000000016797       0x1c ./Core/Src/main.o
 .debug_macro   0x00000000000167b3       0x52 ./Core/Src/main.o
 .debug_macro   0x0000000000016805       0x22 ./Core/Src/main.o
 .debug_macro   0x0000000000016827       0x10 ./Core/Src/main.o
 .debug_macro   0x0000000000016837       0x52 ./Core/Src/main.o
 .debug_macro   0x0000000000016889       0xd5 ./Core/Src/main.o
 .debug_macro   0x000000000001695e       0x1c ./Core/Src/main.o
 .debug_macro   0x000000000001697a       0x3d ./Core/Src/main.o
 .debug_macro   0x00000000000169b7       0x16 ./Core/Src/main.o
 .debug_macro   0x00000000000169cd      0x145 ./Core/Src/main.o
 .debug_macro   0x0000000000016b12       0x16 ./Core/Src/main.o
 .debug_macro   0x0000000000016b28       0x20 ./Core/Src/main.o
 .debug_macro   0x0000000000016b48       0x2e ./Core/Src/main.o
 .debug_macro   0x0000000000016b76       0x17 ./Core/Src/main.o
 .debug_macro   0x0000000000016b8d      0x1d2 ./Core/Src/main.o
 .debug_macro   0x0000000000016d5f      0x1ad ./Core/Src/stm32f1xx_hal_msp.o
 .debug_macro   0x0000000000016f0c      0x1b7 ./Core/Src/stm32f1xx_it.o
 .debug_macro   0x00000000000170c3      0x1a3 ./Core/Src/system_stm32f1xx.o
 .debug_macro   0x0000000000017266      0x1c7 ./Drivers/STM32F1xx_HAL_Driver/Src/stm32f1xx_hal.o
 .debug_macro   0x000000000001742d      0x1a3 ./Drivers/STM32F1xx_HAL_Driver/Src/stm32f1xx_hal_cortex.o
 .debug_macro   0x00000000000175d0      0x20e ./Drivers/STM32F1xx_HAL_Driver/Src/stm32f1xx_hal_gpio.o
 .debug_macro   0x00000000000177de      0x1ea ./Drivers/STM32F1xx_HAL_Driver/Src/stm32f1xx_hal_i2c.o
 .debug_macro   0x00000000000179c8      0x1b5 ./Drivers/STM32F1xx_HAL_Driver/Src/stm32f1xx_hal_rcc.o
 .debug_macro   0x0000000000017b7d      0x1a4 ./Drivers/STM32F1xx_HAL_Driver/Src/stm32f1xx_hal_tim.o
 .debug_macro   0x0000000000017d21      0x1a3 ./Drivers/STM32F1xx_HAL_Driver/Src/stm32f1xx_hal_tim_ex.o
 .debug_macro   0x0000000000017ec4      0x410 ./Drivers/VL53L0X/core/src/vl53l0x_api.o
 .debug_macro   0x00000000000182d4       0x56 ./Drivers/VL53L0X/core/src/vl53l0x_api.o
 .debug_macro   0x000000000001832a      0x40a ./Drivers/VL53L0X/core/src/vl53l0x_api_calibration.o
 .debug_macro   0x0000000000018734      0x3f8 ./Drivers/VL53L0X/core/src/vl53l0x_api_core.o
 .debug_macro   0x0000000000018b2c      0x3bc ./Drivers/VL53L0X/platform/src/vl53l0x_platform.o

.debug_line     0x0000000000000000    0x12791
 .debug_line    0x0000000000000000      0xb9a ./Core/Src/main.o
 .debug_line    0x0000000000000b9a      0x703 ./Core/Src/stm32f1xx_hal_msp.o
 .debug_line    0x000000000000129d      0x717 ./Core/Src/stm32f1xx_it.o
 .debug_line    0x00000000000019b4      0x6d3 ./Core/Src/system_stm32f1xx.o
 .debug_line    0x0000000000002087       0x87 ./Core/Startup/startup_stm32f103c8tx.o
 .debug_line    0x000000000000210e      0x900 ./Drivers/STM32F1xx_HAL_Driver/Src/stm32f1xx_hal.o
 .debug_line    0x0000000000002a0e      0xae8 ./Drivers/STM32F1xx_HAL_Driver/Src/stm32f1xx_hal_cortex.o
 .debug_line    0x00000000000034f6      0x997 ./Drivers/STM32F1xx_HAL_Driver/Src/stm32f1xx_hal_gpio.o
 .debug_line    0x0000000000003e8d     0x39ea ./Drivers/STM32F1xx_HAL_Driver/Src/stm32f1xx_hal_i2c.o
 .debug_line    0x0000000000007877      0xd0e ./Drivers/STM32F1xx_HAL_Driver/Src/stm32f1xx_hal_rcc.o
 .debug_line    0x0000000000008585     0x32b6 ./Drivers/STM32F1xx_HAL_Driver/Src/stm32f1xx_hal_tim.o
 .debug_line    0x000000000000b83b     0x1828 ./Drivers/STM32F1xx_HAL_Driver/Src/stm32f1xx_hal_tim_ex.o
 .debug_line    0x000000000000d063     0x1f3b ./Drivers/VL53L0X/core/src/vl53l0x_api.o
 .debug_line    0x000000000000ef9e     0x12e0 ./Drivers/VL53L0X/core/src/vl53l0x_api_calibration.o
 .debug_line    0x000000000001027e     0x19b0 ./Drivers/VL53L0X/core/src/vl53l0x_api_core.o
 .debug_line    0x0000000000011c2e      0xb63 ./Drivers/VL53L0X/platform/src/vl53l0x_platform.o

.debug_str      0x0000000000000000    0x90f0c
 .debug_str     0x0000000000000000    0x8b732 ./Core/Src/main.o
                                      0x8bd47 (size before relaxing)
 .debug_str     0x000000000008b732       0xcc ./Core/Src/stm32f1xx_hal_msp.o
                                      0x8380a (size before relaxing)
 .debug_str     0x000000000008b7fe       0xc9 ./Core/Src/stm32f1xx_it.o
                                      0x82fef (size before relaxing)
 .debug_str     0x000000000008b8c7       0x7e ./Core/Src/system_stm32f1xx.o
                                      0x83005 (size before relaxing)
 .debug_str     0x000000000008b945       0x36 ./Core/Startup/startup_stm32f103c8tx.o
                                         0x8c (size before relaxing)
 .debug_str     0x000000000008b97b      0x607 ./Drivers/STM32F1xx_HAL_Driver/Src/stm32f1xx_hal.o
                                      0x83738 (size before relaxing)
 .debug_str     0x000000000008bf82      0x2b1 ./Drivers/STM32F1xx_HAL_Driver/Src/stm32f1xx_hal_cortex.o
                                      0x83684 (size before relaxing)
 .debug_str     0x000000000008c233      0x2e6 ./Drivers/STM32F1xx_HAL_Driver/Src/stm32f1xx_hal_gpio.o
                                      0x8338b (size before relaxing)
 .debug_str     0x000000000008c519      0xb77 ./Drivers/STM32F1xx_HAL_Driver/Src/stm32f1xx_hal_i2c.o
                                      0x84079 (size before relaxing)
 .debug_str     0x000000000008d090      0x209 ./Drivers/STM32F1xx_HAL_Driver/Src/stm32f1xx_hal_rcc.o
                                      0x83434 (size before relaxing)
 .debug_str     0x000000000008d299      0xd57 ./Drivers/STM32F1xx_HAL_Driver/Src/stm32f1xx_hal_tim.o
                                      0x8441f (size before relaxing)
 .debug_str     0x000000000008dff0      0x3e1 ./Drivers/STM32F1xx_HAL_Driver/Src/stm32f1xx_hal_tim_ex.o
                                      0x83c3b (size before relaxing)
 .debug_str     0x000000000008e3d1     0x18f1 ./Drivers/VL53L0X/core/src/vl53l0x_api.o
                                      0x8cd6a (size before relaxing)
 .debug_str     0x000000000008fcc2      0x673 ./Drivers/VL53L0X/core/src/vl53l0x_api_calibration.o
                                      0x8be9c (size before relaxing)
 .debug_str     0x0000000000090335      0xacb ./Drivers/VL53L0X/core/src/vl53l0x_api_core.o
                                      0x8c355 (size before relaxing)
 .debug_str     0x0000000000090e00      0x10c ./Drivers/VL53L0X/platform/src/vl53l0x_platform.o
                                      0x8b36e (size before relaxing)

.comment        0x0000000000000000       0x50
 .comment       0x0000000000000000       0x50 ./Core/Src/main.o
                                         0x51 (size before relaxing)
 .comment       0x0000000000000050       0x51 ./Core/Src/stm32f1xx_hal_msp.o
 .comment       0x0000000000000050       0x51 ./Core/Src/stm32f1xx_it.o
 .comment       0x0000000000000050       0x51 ./Core/Src/system_stm32f1xx.o
 .comment       0x0000000000000050       0x51 ./Drivers/STM32F1xx_HAL_Driver/Src/stm32f1xx_hal.o
 .comment       0x0000000000000050       0x51 ./Drivers/STM32F1xx_HAL_Driver/Src/stm32f1xx_hal_cortex.o
 .comment       0x0000000000000050       0x51 ./Drivers/STM32F1xx_HAL_Driver/Src/stm32f1xx_hal_gpio.o
 .comment       0x0000000000000050       0x51 ./Drivers/STM32F1xx_HAL_Driver/Src/stm32f1xx_hal_i2c.o
 .comment       0x0000000000000050       0x51 ./Drivers/STM32F1xx_HAL_Driver/Src/stm32f1xx_hal_rcc.o
 .comment       0x0000000000000050       0x51 ./Drivers/STM32F1xx_HAL_Driver/Src/stm32f1xx_hal_tim.o
 .comment       0x0000000000000050       0x51 ./Drivers/STM32F1xx_HAL_Driver/Src/stm32f1xx_hal_tim_ex.o
 .comment       0x0000000000000050       0x51 ./Drivers/VL53L0X/core/src/vl53l0x_api.o
 .comment       0x0000000000000050       0x51 ./Drivers/VL53L0X/core/src/vl53l0x_api_calibration.o
 .comment       0x0000000000000050       0x51 ./Drivers/VL53L0X/core/src/vl53l0x_api_core.o
 .comment       0x0000000000000050       0x51 ./Drivers/VL53L0X/platform/src/vl53l0x_platform.o

.debug_frame    0x0000000000000000     0x4b2c
 .debug_frame   0x0000000000000000      0x13c ./Core/Src/main.o
 .debug_frame   0x000000000000013c       0xf4 ./Core/Src/stm32f1xx_hal_msp.o
 .debug_frame   0x0000000000000230      0x104 ./Core/Src/stm32f1xx_it.o
 .debug_frame   0x0000000000000334       0x58 ./Core/Src/system_stm32f1xx.o
 .debug_frame   0x000000000000038c      0x334 ./Drivers/STM32F1xx_HAL_Driver/Src/stm32f1xx_hal.o
 .debug_frame   0x00000000000006c0      0x428 ./Drivers/STM32F1xx_HAL_Driver/Src/stm32f1xx_hal_cortex.o
 .debug_frame   0x0000000000000ae8      0x14c ./Drivers/STM32F1xx_HAL_Driver/Src/stm32f1xx_hal_gpio.o
 .debug_frame   0x0000000000000c34      0xc5c ./Drivers/STM32F1xx_HAL_Driver/Src/stm32f1xx_hal_i2c.o
 .debug_frame   0x0000000000001890      0x21c ./Drivers/STM32F1xx_HAL_Driver/Src/stm32f1xx_hal_rcc.o
 .debug_frame   0x0000000000001aac     0x11b8 ./Drivers/STM32F1xx_HAL_Driver/Src/stm32f1xx_hal_tim.o
 .debug_frame   0x0000000000002c64      0x638 ./Drivers/STM32F1xx_HAL_Driver/Src/stm32f1xx_hal_tim_ex.o
 .debug_frame   0x000000000000329c      0xe40 ./Drivers/VL53L0X/core/src/vl53l0x_api.o
 .debug_frame   0x00000000000040dc      0x374 ./Drivers/VL53L0X/core/src/vl53l0x_api_calibration.o
 .debug_frame   0x0000000000004450      0x3f4 ./Drivers/VL53L0X/core/src/vl53l0x_api_core.o
 .debug_frame   0x0000000000004844      0x1c0 ./Drivers/VL53L0X/platform/src/vl53l0x_platform.o
 .debug_frame   0x0000000000004a04       0x2c /opt/st/stm32cubeide_1.11.2/plugins/com.st.stm32cube.ide.mcu.externaltools.gnu-tools-for-stm32.10.3-2021.10.linux64_1.0.100.202210260954/tools/bin/../lib/gcc/arm-none-eabi/10.3.1/../../../../arm-none-eabi/lib/thumb/v7-m/nofp/libc_nano.a(lib_a-init.o)
 .debug_frame   0x0000000000004a30       0x28 /opt/st/stm32cubeide_1.11.2/plugins/com.st.stm32cube.ide.mcu.externaltools.gnu-tools-for-stm32.10.3-2021.10.linux64_1.0.100.202210260954/tools/bin/../lib/gcc/arm-none-eabi/10.3.1/../../../../arm-none-eabi/lib/thumb/v7-m/nofp/libc_nano.a(lib_a-memcpy-stub.o)
 .debug_frame   0x0000000000004a58       0x20 /opt/st/stm32cubeide_1.11.2/plugins/com.st.stm32cube.ide.mcu.externaltools.gnu-tools-for-stm32.10.3-2021.10.linux64_1.0.100.202210260954/tools/bin/../lib/gcc/arm-none-eabi/10.3.1/../../../../arm-none-eabi/lib/thumb/v7-m/nofp/libc_nano.a(lib_a-memset.o)
 .debug_frame   0x0000000000004a78       0x20 /opt/st/stm32cubeide_1.11.2/plugins/com.st.stm32cube.ide.mcu.externaltools.gnu-tools-for-stm32.10.3-2021.10.linux64_1.0.100.202210260954/tools/bin/../lib/gcc/arm-none-eabi/10.3.1/../../../../arm-none-eabi/lib/thumb/v7-m/nofp/libc_nano.a(lib_a-strcpy.o)
 .debug_frame   0x0000000000004a98       0x24 /opt/st/stm32cubeide_1.11.2/plugins/com.st.stm32cube.ide.mcu.externaltools.gnu-tools-for-stm32.10.3-2021.10.linux64_1.0.100.202210260954/tools/bin/../lib/gcc/arm-none-eabi/10.3.1/thumb/v7-m/nofp/libgcc.a(_arm_mulsf3.o)
 .debug_frame   0x0000000000004abc       0x4c /opt/st/stm32cubeide_1.11.2/plugins/com.st.stm32cube.ide.mcu.externaltools.gnu-tools-for-stm32.10.3-2021.10.linux64_1.0.100.202210260954/tools/bin/../lib/gcc/arm-none-eabi/10.3.1/thumb/v7-m/nofp/libgcc.a(_arm_addsubsf3.o)
 .debug_frame   0x0000000000004b08       0x24 /opt/st/stm32cubeide_1.11.2/plugins/com.st.stm32cube.ide.mcu.externaltools.gnu-tools-for-stm32.10.3-2021.10.linux64_1.0.100.202210260954/tools/bin/../lib/gcc/arm-none-eabi/10.3.1/thumb/v7-m/nofp/libgcc.a(_arm_fixsfsi.o)
