Archive member included to satisfy reference by file (symbol)

/opt/st/stm32cubeide_1.11.2/plugins/com.st.stm32cube.ide.mcu.externaltools.gnu-tools-for-stm32.10.3-2021.10.linux64_1.0.100.202210260954/tools/bin/../lib/gcc/arm-none-eabi/10.3.1/../../../../arm-none-eabi/lib/thumb/v7-m/nofp/libc_nano.a(lib_a-errno.o)
                              ./Core/Src/syscalls.o (__errno)
/opt/st/stm32cubeide_1.11.2/plugins/com.st.stm32cube.ide.mcu.externaltools.gnu-tools-for-stm32.10.3-2021.10.linux64_1.0.100.202210260954/tools/bin/../lib/gcc/arm-none-eabi/10.3.1/../../../../arm-none-eabi/lib/thumb/v7-m/nofp/libc_nano.a(lib_a-exit.o)
                              /opt/st/stm32cubeide_1.11.2/plugins/com.st.stm32cube.ide.mcu.externaltools.gnu-tools-for-stm32.10.3-2021.10.linux64_1.0.100.202210260954/tools/bin/../lib/gcc/arm-none-eabi/10.3.1/../../../../arm-none-eabi/lib/thumb/v7-m/nofp/crt0.o (exit)
/opt/st/stm32cubeide_1.11.2/plugins/com.st.stm32cube.ide.mcu.externaltools.gnu-tools-for-stm32.10.3-2021.10.linux64_1.0.100.202210260954/tools/bin/../lib/gcc/arm-none-eabi/10.3.1/../../../../arm-none-eabi/lib/thumb/v7-m/nofp/libc_nano.a(lib_a-impure.o)
                              /opt/st/stm32cubeide_1.11.2/plugins/com.st.stm32cube.ide.mcu.externaltools.gnu-tools-for-stm32.10.3-2021.10.linux64_1.0.100.202210260954/tools/bin/../lib/gcc/arm-none-eabi/10.3.1/../../../../arm-none-eabi/lib/thumb/v7-m/nofp/libc_nano.a(lib_a-exit.o) (_global_impure_ptr)
/opt/st/stm32cubeide_1.11.2/plugins/com.st.stm32cube.ide.mcu.externaltools.gnu-tools-for-stm32.10.3-2021.10.linux64_1.0.100.202210260954/tools/bin/../lib/gcc/arm-none-eabi/10.3.1/../../../../arm-none-eabi/lib/thumb/v7-m/nofp/libc_nano.a(lib_a-init.o)
                              /opt/st/stm32cubeide_1.11.2/plugins/com.st.stm32cube.ide.mcu.externaltools.gnu-tools-for-stm32.10.3-2021.10.linux64_1.0.100.202210260954/tools/bin/../lib/gcc/arm-none-eabi/10.3.1/../../../../arm-none-eabi/lib/thumb/v7-m/nofp/crt0.o (__libc_init_array)
/opt/st/stm32cubeide_1.11.2/plugins/com.st.stm32cube.ide.mcu.externaltools.gnu-tools-for-stm32.10.3-2021.10.linux64_1.0.100.202210260954/tools/bin/../lib/gcc/arm-none-eabi/10.3.1/../../../../arm-none-eabi/lib/thumb/v7-m/nofp/libc_nano.a(lib_a-memcpy-stub.o)
                              ./Drivers/VL53L0X/core/src/vl53l0x_api.o (memcpy)
/opt/st/stm32cubeide_1.11.2/plugins/com.st.stm32cube.ide.mcu.externaltools.gnu-tools-for-stm32.10.3-2021.10.linux64_1.0.100.202210260954/tools/bin/../lib/gcc/arm-none-eabi/10.3.1/../../../../arm-none-eabi/lib/thumb/v7-m/nofp/libc_nano.a(lib_a-memset.o)
                              /opt/st/stm32cubeide_1.11.2/plugins/com.st.stm32cube.ide.mcu.externaltools.gnu-tools-for-stm32.10.3-2021.10.linux64_1.0.100.202210260954/tools/bin/../lib/gcc/arm-none-eabi/10.3.1/../../../../arm-none-eabi/lib/thumb/v7-m/nofp/crt0.o (memset)
/opt/st/stm32cubeide_1.11.2/plugins/com.st.stm32cube.ide.mcu.externaltools.gnu-tools-for-stm32.10.3-2021.10.linux64_1.0.100.202210260954/tools/bin/../lib/gcc/arm-none-eabi/10.3.1/../../../../arm-none-eabi/lib/thumb/v7-m/nofp/libc_nano.a(lib_a-strcpy.o)
                              ./Drivers/VL53L0X/core/src/vl53l0x_api_core.o (strcpy)

Discarded input sections

 .text          0x0000000000000000        0x0 /opt/st/stm32cubeide_1.11.2/plugins/com.st.stm32cube.ide.mcu.externaltools.gnu-tools-for-stm32.10.3-2021.10.linux64_1.0.100.202210260954/tools/bin/../lib/gcc/arm-none-eabi/10.3.1/thumb/v7-m/nofp/crti.o
 .data          0x0000000000000000        0x0 /opt/st/stm32cubeide_1.11.2/plugins/com.st.stm32cube.ide.mcu.externaltools.gnu-tools-for-stm32.10.3-2021.10.linux64_1.0.100.202210260954/tools/bin/../lib/gcc/arm-none-eabi/10.3.1/thumb/v7-m/nofp/crti.o
 .bss           0x0000000000000000        0x0 /opt/st/stm32cubeide_1.11.2/plugins/com.st.stm32cube.ide.mcu.externaltools.gnu-tools-for-stm32.10.3-2021.10.linux64_1.0.100.202210260954/tools/bin/../lib/gcc/arm-none-eabi/10.3.1/thumb/v7-m/nofp/crti.o
 .data          0x0000000000000000        0x4 /opt/st/stm32cubeide_1.11.2/plugins/com.st.stm32cube.ide.mcu.externaltools.gnu-tools-for-stm32.10.3-2021.10.linux64_1.0.100.202210260954/tools/bin/../lib/gcc/arm-none-eabi/10.3.1/thumb/v7-m/nofp/crtbegin.o
 .rodata        0x0000000000000000       0x24 /opt/st/stm32cubeide_1.11.2/plugins/com.st.stm32cube.ide.mcu.externaltools.gnu-tools-for-stm32.10.3-2021.10.linux64_1.0.100.202210260954/tools/bin/../lib/gcc/arm-none-eabi/10.3.1/thumb/v7-m/nofp/crtbegin.o
 .text          0x0000000000000000       0x7c /opt/st/stm32cubeide_1.11.2/plugins/com.st.stm32cube.ide.mcu.externaltools.gnu-tools-for-stm32.10.3-2021.10.linux64_1.0.100.202210260954/tools/bin/../lib/gcc/arm-none-eabi/10.3.1/../../../../arm-none-eabi/lib/thumb/v7-m/nofp/crt0.o
[...]
Memory Configuration

Name             Origin             Length             Attributes
RAM              0x0000000020000000 0x0000000000005000 xrw
FLASH            0x0000000008000000 0x0000000000010000 xr
*default*        0x0000000000000000 0xffffffffffffffff

Linker script and memory map

LOAD /opt/st/stm32cubeide_1.11.2/plugins/com.st.stm32cube.ide.mcu.externaltools.gnu-tools-for-stm32.10.3-2021.10.linux64_1.0.100.202210260954/tools/bin/../lib/gcc/arm-none-eabi/10.3.1/thumb/v7-m/nofp/crti.o
LOAD /opt/st/stm32cubeide_1.11.2/plugins/com.st.stm32cube.ide.mcu.externaltools.gnu-tools-for-stm32.10.3-2021.10.linux64_1.0.100.202210260954/tools/bin/../lib/gcc/arm-none-eabi/10.3.1/thumb/v7-m/nofp/crtbegin.o
LOAD /opt/st/stm32cubeide_1.11.2/plugins/com.st.stm32cube.ide.mcu.externaltools.gnu-tools-for-stm32.10.3-2021.10.linux64_1.0.100.202210260954/tools/bin/../lib/gcc/arm-none-eabi/10.3.1/../../../../arm-none-eabi/lib/thumb/v7-m/nofp/crt0.o
LOAD ./Core/Src/main.o
LOAD ./Core/Src/stm32f1xx_hal_msp.o
LOAD ./Core/Src/stm32f1xx_it.o
LOAD ./Core/Src/syscalls.o
LOAD ./Core/Src/sysmem.o
LOAD ./Core/Src/system_stm32f1xx.o
LOAD ./Core/Startup/startup_stm32f103c8tx.o
LOAD ./Drivers/STM32F1xx_HAL_Driver/Src/stm32f1xx_hal.o
LOAD ./Drivers/STM32F1xx_HAL_Driver/Src/stm32f1xx_hal_cortex.o
LOAD ./Drivers/STM32F1xx_HAL_Driver/Src/stm32f1xx_hal_dma.o
LOAD ./Drivers/STM32F1xx_HAL_Driver/Src/stm32f1xx_hal_exti.o
LOAD ./Drivers/STM32F1xx_HAL_Driver/Src/stm32f1xx_hal_flash.o
LOAD ./Drivers/STM32F1xx_HAL_Driver/Src/stm32f1xx_hal_flash_ex.o
LOAD ./Drivers/STM32F1xx_HAL_Driver/Src/stm32f1xx_hal_gpio.o
LOAD ./Drivers/STM32F1xx_HAL_Driver/Src/stm32f1xx_hal_gpio_ex.o
LOAD ./Drivers/STM32F1xx_HAL_Driver/Src/stm32f1xx_hal_i2c.o
LOAD ./Drivers/STM32F1xx_HAL_Driver/Src/stm32f1xx_hal_pwr.o
LOAD ./Drivers/STM32F1xx_HAL_Driver/Src/stm32f1xx_hal_rcc.o
LOAD ./Drivers/STM32F1xx_HAL_Driver/Src/stm32f1xx_hal_rcc_ex.o
LOAD ./Drivers/VL53L0X/core/src/vl53l0x_api.o
LOAD ./Drivers/VL53L0X/core/src/vl53l0x_api_calibration.o
LOAD ./Drivers/VL53L0X/core/src/vl53l0x_api_core.o
LOAD ./Drivers/VL53L0X/core/src/vl53l0x_api_ranging.o
LOAD ./Drivers/VL53L0X/core/src/vl53l0x_api_strings.o
LOAD ./Drivers/VL53L0X/platform/src/vl53l0x_platform.o
LOAD ./Drivers/VL53L0X/platform/src/vl53l0x_platform_log.o
START GROUP
LOAD /opt/st/stm32cubeide_1.11.2/plugins/com.st.stm32cube.ide.mcu.externaltools.gnu-tools-for-stm32.10.3-2021.10.linux64_1.0.100.202210260954/tools/bin/../lib/gcc/arm-none-eabi/10.3.1/../../../../arm-none-eabi/lib/thumb/v7-m/nofp/libstdc++_nano.a
LOAD /opt/st/stm32cubeide_1.11.2/plugins/com.st.stm32cube.ide.mcu.externaltools.gnu-tools-for-stm32.10.3-2021.10.linux64_1.0.100.202210260954/tools/bin/../lib/gcc/arm-none-eabi/10.3.1/../../../../arm-none-eabi/lib/thumb/v7-m/nofp/libsupc++_nano.a
END GROUP
LOAD /opt/st/stm32cubeide_1.11.2/plugins/com.st.stm32cube.ide.mcu.externaltools.gnu-tools-for-stm32.10.3-2021.10.linux64_1.0.100.202210260954/tools/bin/../lib/gcc/arm-none-eabi/10.3.1/../../../../arm-none-eabi/lib/thumb/v7-m/nofp/libstdc++_nano.a
LOAD /opt/st/stm32cubeide_1.11.2/plugins/com.st.stm32cube.ide.mcu.externaltools.gnu-tools-for-stm32.10.3-2021.10.linux64_1.0.100.202210260954/tools/bin/../lib/gcc/arm-none-eabi/10.3.1/../../../../arm-none-eabi/lib/thumb/v7-m/nofp/libm.a
LOAD /opt/st/stm32cubeide_1.11.2/plugins/com.st.stm32cube.ide.mcu.externaltools.gnu-tools-for-stm32.10.3-2021.10.linux64_1.0.100.202210260954/tools/bin/../lib/gcc/arm-none-eabi/10.3.1/../../../../arm-none-eabi/lib/thumb/v7-m/nofp/libc_nano.a
START GROUP
LOAD /opt/st/stm32cubeide_1.11.2/plugins/com.st.stm32cube.ide.mcu.externaltools.gnu-tools-for-stm32.10.3-2021.10.linux64_1.0.100.202210260954/tools/bin/../lib/gcc/arm-none-eabi/10.3.1/thumb/v7-m/nofp/libgcc.a
LOAD /opt/st/stm32cubeide_1.11.2/plugins/com.st.stm32cube.ide.mcu.externaltools.gnu-tools-for-stm32.10.3-2021.10.linux64_1.0.100.202210260954/tools/bin/../lib/gcc/arm-none-eabi/10.3.1/../../../../arm-none-eabi/lib/thumb/v7-m/nofp/libc_nano.a
END GROUP
START GROUP
LOAD /opt/st/stm32cubeide_1.11.2/plugins/com.st.stm32cube.ide.mcu.externaltools.gnu-tools-for-stm32.10.3-2021.10.linux64_1.0.100.202210260954/tools/bin/../lib/gcc/arm-none-eabi/10.3.1/thumb/v7-m/nofp/libgcc.a
LOAD /opt/st/stm32cubeide_1.11.2/plugins/com.st.stm32cube.ide.mcu.externaltools.gnu-tools-for-stm32.10.3-2021.10.linux64_1.0.100.202210260954/tools/bin/../lib/gcc/arm-none-eabi/10.3.1/../../../../arm-none-eabi/lib/thumb/v7-m/nofp/libc_nano.a
LOAD /opt/st/stm32cubeide_1.11.2/plugins/com.st.stm32cube.ide.mcu.externaltools.gnu-tools-for-stm32.10.3-2021.10.linux64_1.0.100.202210260954/tools/bin/../lib/gcc/arm-none-eabi/10.3.1/../../../../arm-none-eabi/lib/thumb/v7-m/nofp/libnosys.a
END GROUP
START GROUP
LOAD /opt/st/stm32cubeide_1.11.2/plugins/com.st.stm32cube.ide.mcu.externaltools.gnu-tools-for-stm32.10.3-2021.10.linux64_1.0.100.202210260954/tools/bin/../lib/gcc/arm-none-eabi/10.3.1/thumb/v7-m/nofp/libgcc.a
LOAD /opt/st/stm32cubeide_1.11.2/plugins/com.st.stm32cube.ide.mcu.externaltools.gnu-tools-for-stm32.10.3-2021.10.linux64_1.0.100.202210260954/tools/bin/../lib/gcc/arm-none-eabi/10.3.1/../../../../arm-none-eabi/lib/thumb/v7-m/nofp/libc_nano.a
LOAD /opt/st/stm32cubeide_1.11.2/plugins/com.st.stm32cube.ide.mcu.externaltools.gnu-tools-for-stm32.10.3-2021.10.linux64_1.0.100.202210260954/tools/bin/../lib/gcc/arm-none-eabi/10.3.1/../../../../arm-none-eabi/lib/thumb/v7-m/nofp/libnosys.a
END GROUP
LOAD /opt/st/stm32cubeide_1.11.2/plugins/com.st.stm32cube.ide.mcu.externaltools.gnu-tools-for-stm32.10.3-2021.10.linux64_1.0.100.202210260954/tools/bin/../lib/gcc/arm-none-eabi/10.3.1/thumb/v7-m/nofp/crtend.o
LOAD /opt/st/stm32cubeide_1.11.2/plugins/com.st.stm32cube.ide.mcu.externaltools.gnu-tools-for-stm32.10.3-2021.10.linux64_1.0.100.202210260954/tools/bin/../lib/gcc/arm-none-eabi/10.3.1/thumb/v7-m/nofp/crtn.o
                0x0000000020005000                _estack = (ORIGIN (RAM) + LENGTH (RAM))
                0x0000000000000200                _Min_Heap_Size = 0x200
                0x0000000000000400                _Min_Stack_Size = 0x400

.isr_vector     0x0000000008000000      0x10c
                0x0000000008000000                . = ALIGN (0x4)
 *(.isr_vector)
 .isr_vector    0x0000000008000000      0x10c ./Core/Startup/startup_stm32f103c8tx.o
                0x0000000008000000                g_pfnVectors
                0x000000000800010c                . = ALIGN (0x4)

.text           0x000000000800010c     0x73c4
                0x000000000800010c                . = ALIGN (0x4)
 *(.text)
 .text          0x000000000800010c       0x40 /opt/st/stm32cubeide_1.11.2/plugins/com.st.stm32cube.ide.mcu.externaltools.gnu-tools-for-stm32.10.3-2021.10.linux64_1.0.100.202210260954/tools/bin/../lib/gcc/arm-none-eabi/10.3.1/thumb/v7-m/nofp/crtbegin.o
 *(.text*)
 .text.main     0x000000000800014c      0x138 ./Core/Src/main.o
                0x000000000800014c                main
 .text.SystemClock_Config
                0x0000000008000284       0x76 ./Core/Src/main.o
                0x0000000008000284                SystemClock_Config
 *fill*         0x00000000080002fa        0x2 
 .text.MX_I2C1_Init
                0x00000000080002fc       0x5c ./Core/Src/main.o
 .text.MX_GPIO_Init
                0x0000000008000358       0xa8 ./Core/Src/main.o
 .text.Error_Handler
                0x0000000008000400        0xa ./Core/Src/main.o
                0x0000000008000400                Error_Handler
 *fill*         0x000000000800040a        0x2 
 .text.HAL_MspInit
                0x000000000800040c       0x44 ./Core/Src/stm32f1xx_hal_msp.o
                0x000000000800040c                HAL_MspInit
 .text.HAL_I2C_MspInit
                0x0000000008000450       0xa0 ./Core/Src/stm32f1xx_hal_msp.o
                0x0000000008000450                HAL_I2C_MspInit
 .text.NMI_Handler
                0x00000000080004f0        0x6 ./Core/Src/stm32f1xx_it.o
                0x00000000080004f0                NMI_Handler
 .text.HardFault_Handler
                0x00000000080004f6        0x6 ./Core/Src/stm32f1xx_it.o
                0x00000000080004f6                HardFault_Handler
 .text.MemManage_Handler
                0x00000000080004fc        0x6 ./Core/Src/stm32f1xx_it.o
                0x00000000080004fc                MemManage_Handler
 .text.BusFault_Handler
                0x0000000008000502        0x6 ./Core/Src/stm32f1xx_it.o
                0x0000000008000502                BusFault_Handler
 .text.UsageFault_Handler
                0x0000000008000508        0x6 ./Core/Src/stm32f1xx_it.o
                0x0000000008000508                UsageFault_Handler
 .text.SVC_Handler
                0x000000000800050e        0xc ./Core/Src/stm32f1xx_it.o
                0x000000000800050e                SVC_Handler
 .text.DebugMon_Handler
                0x000000000800051a        0xc ./Core/Src/stm32f1xx_it.o
                0x000000000800051a                DebugMon_Handler
 .text.PendSV_Handler
                0x0000000008000526        0xc ./Core/Src/stm32f1xx_it.o
                0x0000000008000526                PendSV_Handler
 .text.SysTick_Handler
                0x0000000008000532        0xc ./Core/Src/stm32f1xx_it.o
                0x0000000008000532                SysTick_Handler
 .text.SystemInit
                0x000000000800053e        0xc ./Core/Src/system_stm32f1xx.o
                0x000000000800053e                SystemInit
 *fill*         0x000000000800054a        0x2 
 .text.Reset_Handler
                0x000000000800054c       0x48 ./Core/Startup/startup_stm32f103c8tx.o
                0x000000000800054c                Reset_Handler
 .text.Default_Handler
                0x0000000008000594        0x2 ./Core/Startup/startup_stm32f103c8tx.o
                0x0000000008000594                RTC_Alarm_IRQHandler
                0x0000000008000594                EXTI2_IRQHandler
                0x0000000008000594                TIM1_CC_IRQHandler
                0x0000000008000594                PVD_IRQHandler
                0x0000000008000594                EXTI3_IRQHandler
                0x0000000008000594                EXTI0_IRQHandler
                0x0000000008000594                I2C2_EV_IRQHandler
                0x0000000008000594                ADC1_2_IRQHandler
                0x0000000008000594                SPI1_IRQHandler
                0x0000000008000594                TAMPER_IRQHandler
                0x0000000008000594                DMA1_Channel4_IRQHandler
                0x0000000008000594                USART3_IRQHandler
                0x0000000008000594                RTC_IRQHandler
                0x0000000008000594                DMA1_Channel7_IRQHandler
                0x0000000008000594                CAN1_RX1_IRQHandler
                0x0000000008000594                TIM4_IRQHandler
                0x0000000008000594                I2C1_EV_IRQHandler
                0x0000000008000594                DMA1_Channel6_IRQHandler
                0x0000000008000594                TIM3_IRQHandler
                0x0000000008000594                RCC_IRQHandler
                0x0000000008000594                TIM1_TRG_COM_IRQHandler
                0x0000000008000594                DMA1_Channel1_IRQHandler
                0x0000000008000594                Default_Handler
                0x0000000008000594                EXTI15_10_IRQHandler
                0x0000000008000594                EXTI9_5_IRQHandler
                0x0000000008000594                SPI2_IRQHandler
                0x0000000008000594                DMA1_Channel5_IRQHandler
                0x0000000008000594                EXTI4_IRQHandler
                0x0000000008000594                USB_LP_CAN1_RX0_IRQHandler
                0x0000000008000594                USB_HP_CAN1_TX_IRQHandler
                0x0000000008000594                DMA1_Channel3_IRQHandler
                0x0000000008000594                TIM1_UP_IRQHandler
                0x0000000008000594                WWDG_IRQHandler
                0x0000000008000594                TIM2_IRQHandler
                0x0000000008000594                TIM1_BRK_IRQHandler
                0x0000000008000594                EXTI1_IRQHandler
                0x0000000008000594                USART2_IRQHandler
                0x0000000008000594                I2C2_ER_IRQHandler
                0x0000000008000594                DMA1_Channel2_IRQHandler
                0x0000000008000594                CAN1_SCE_IRQHandler
                0x0000000008000594                FLASH_IRQHandler
                0x0000000008000594                USART1_IRQHandler
                0x0000000008000594                I2C1_ER_IRQHandler
                0x0000000008000594                USBWakeUp_IRQHandler
 *fill*         0x0000000008000596        0x2 
 .text.HAL_Init
                0x0000000008000598       0x2c ./Drivers/STM32F1xx_HAL_Driver/Src/stm32f1xx_hal.o
                0x0000000008000598                HAL_Init
 .text.HAL_InitTick
                0x00000000080005c4       0x60 ./Drivers/STM32F1xx_HAL_Driver/Src/stm32f1xx_hal.o
                0x00000000080005c4                HAL_InitTick
 .text.HAL_IncTick
                0x0000000008000624       0x24 ./Drivers/STM32F1xx_HAL_Driver/Src/stm32f1xx_hal.o
                0x0000000008000624                HAL_IncTick
 .text.HAL_GetTick
                0x0000000008000648       0x14 ./Drivers/STM32F1xx_HAL_Driver/Src/stm32f1xx_hal.o
                0x0000000008000648                HAL_GetTick
 .text.HAL_Delay
                0x000000000800065c       0x48 ./Drivers/STM32F1xx_HAL_Driver/Src/stm32f1xx_hal.o
                0x000000000800065c                HAL_Delay
 .text.__NVIC_SetPriorityGrouping
                0x00000000080006a4       0x48 ./Drivers/STM32F1xx_HAL_Driver/Src/stm32f1xx_hal_cortex.o
 .text.__NVIC_GetPriorityGrouping
                0x00000000080006ec       0x1c ./Drivers/STM32F1xx_HAL_Driver/Src/stm32f1xx_hal_cortex.o
 .text.__NVIC_SetPriority
                0x0000000008000708       0x54 ./Drivers/STM32F1xx_HAL_Driver/Src/stm32f1xx_hal_cortex.o
 .text.NVIC_EncodePriority
                0x000000000800075c       0x64 ./Drivers/STM32F1xx_HAL_Driver/Src/stm32f1xx_hal_cortex.o
 .text.SysTick_Config
                0x00000000080007c0       0x44 ./Drivers/STM32F1xx_HAL_Driver/Src/stm32f1xx_hal_cortex.o
 .text.HAL_NVIC_SetPriorityGrouping
                0x0000000008000804       0x16 ./Drivers/STM32F1xx_HAL_Driver/Src/stm32f1xx_hal_cortex.o
                0x0000000008000804                HAL_NVIC_SetPriorityGrouping
 .text.HAL_NVIC_SetPriority
                0x000000000800081a       0x38 ./Drivers/STM32F1xx_HAL_Driver/Src/stm32f1xx_hal_cortex.o
                0x000000000800081a                HAL_NVIC_SetPriority
 .text.HAL_SYSTICK_Config
                0x0000000008000852       0x18 ./Drivers/STM32F1xx_HAL_Driver/Src/stm32f1xx_hal_cortex.o
                0x0000000008000852                HAL_SYSTICK_Config
 *fill*         0x000000000800086a        0x2 
 .text.HAL_GPIO_Init
                0x000000000800086c      0x308 ./Drivers/STM32F1xx_HAL_Driver/Src/stm32f1xx_hal_gpio.o
                0x000000000800086c                HAL_GPIO_Init
 .text.HAL_GPIO_WritePin
                0x0000000008000b74       0x30 ./Drivers/STM32F1xx_HAL_Driver/Src/stm32f1xx_hal_gpio.o
                0x0000000008000b74                HAL_GPIO_WritePin
 .text.HAL_I2C_Init
                0x0000000008000ba4      0x288 ./Drivers/STM32F1xx_HAL_Driver/Src/stm32f1xx_hal_i2c.o
                0x0000000008000ba4                HAL_I2C_Init
 .text.HAL_I2C_Master_Transmit
                0x0000000008000e2c      0x1fc ./Drivers/STM32F1xx_HAL_Driver/Src/stm32f1xx_hal_i2c.o
                0x0000000008000e2c                HAL_I2C_Master_Transmit
 .text.HAL_I2C_Master_Receive
                0x0000000008001028      0x4c0 ./Drivers/STM32F1xx_HAL_Driver/Src/stm32f1xx_hal_i2c.o
                0x0000000008001028                HAL_I2C_Master_Receive
 .text.I2C_MasterRequestWrite
                0x00000000080014e8      0x104 ./Drivers/STM32F1xx_HAL_Driver/Src/stm32f1xx_hal_i2c.o
 .text.I2C_MasterRequestRead
                0x00000000080015ec      0x19c ./Drivers/STM32F1xx_HAL_Driver/Src/stm32f1xx_hal_i2c.o
 .text.I2C_WaitOnFlagUntilTimeout
                0x0000000008001788       0xae ./Drivers/STM32F1xx_HAL_Driver/Src/stm32f1xx_hal_i2c.o
 .text.I2C_WaitOnMasterAddressFlagUntilTimeout
                0x0000000008001836       0xfe ./Drivers/STM32F1xx_HAL_Driver/Src/stm32f1xx_hal_i2c.o
 .text.I2C_WaitOnTXEFlagUntilTimeout
                0x0000000008001934       0x82 ./Drivers/STM32F1xx_HAL_Driver/Src/stm32f1xx_hal_i2c.o
 .text.I2C_WaitOnBTFFlagUntilTimeout
                0x00000000080019b6       0x82 ./Drivers/STM32F1xx_HAL_Driver/Src/stm32f1xx_hal_i2c.o
 .text.I2C_WaitOnRXNEFlagUntilTimeout
                0x0000000008001a38       0xac ./Drivers/STM32F1xx_HAL_Driver/Src/stm32f1xx_hal_i2c.o
 .text.I2C_IsAcknowledgeFailed
                0x0000000008001ae4       0x5c ./Drivers/STM32F1xx_HAL_Driver/Src/stm32f1xx_hal_i2c.o
 .text.HAL_RCC_OscConfig
                0x0000000008001b40      0x504 ./Drivers/STM32F1xx_HAL_Driver/Src/stm32f1xx_hal_rcc.o
                0x0000000008001b40                HAL_RCC_OscConfig
 .text.HAL_RCC_ClockConfig
                0x0000000008002044      0x1d4 ./Drivers/STM32F1xx_HAL_Driver/Src/stm32f1xx_hal_rcc.o
                0x0000000008002044                HAL_RCC_ClockConfig
 .text.HAL_RCC_GetSysClockFreq
                0x0000000008002218       0xbc ./Drivers/STM32F1xx_HAL_Driver/Src/stm32f1xx_hal_rcc.o
                0x0000000008002218                HAL_RCC_GetSysClockFreq
 .text.HAL_RCC_GetHCLKFreq
                0x00000000080022d4       0x14 ./Drivers/STM32F1xx_HAL_Driver/Src/stm32f1xx_hal_rcc.o
                0x00000000080022d4                HAL_RCC_GetHCLKFreq
 .text.HAL_RCC_GetPCLK1Freq
                0x00000000080022e8       0x28 ./Drivers/STM32F1xx_HAL_Driver/Src/stm32f1xx_hal_rcc.o
                0x00000000080022e8                HAL_RCC_GetPCLK1Freq
 .text.RCC_Delay
                0x0000000008002310       0x3c ./Drivers/STM32F1xx_HAL_Driver/Src/stm32f1xx_hal_rcc.o
 .text.VL53L0X_GetOffsetCalibrationDataMicroMeter
                0x000000000800234c       0x26 ./Drivers/VL53L0X/core/src/vl53l0x_api.o
                0x000000000800234c                VL53L0X_GetOffsetCalibrationDataMicroMeter
 *fill*         0x0000000008002372        0x2 
 .text.VL53L0X_DataInit
                0x0000000008002374      0x30c ./Drivers/VL53L0X/core/src/vl53l0x_api.o
                0x0000000008002374                VL53L0X_DataInit
 .text.VL53L0X_StaticInit
                0x0000000008002680      0x308 ./Drivers/VL53L0X/core/src/vl53l0x_api.o
                0x0000000008002680                VL53L0X_StaticInit
 .text.VL53L0X_WaitDeviceBooted
                0x0000000008002988       0x1a ./Drivers/VL53L0X/core/src/vl53l0x_api.o
                0x0000000008002988                VL53L0X_WaitDeviceBooted
 .text.VL53L0X_GetDeviceParameters
                0x00000000080029a2      0x16a ./Drivers/VL53L0X/core/src/vl53l0x_api.o
                0x00000000080029a2                VL53L0X_GetDeviceParameters
 .text.VL53L0X_SetDeviceMode
                0x0000000008002b0c       0x54 ./Drivers/VL53L0X/core/src/vl53l0x_api.o
                0x0000000008002b0c                VL53L0X_SetDeviceMode
 .text.VL53L0X_GetDeviceMode
                0x0000000008002b60       0x24 ./Drivers/VL53L0X/core/src/vl53l0x_api.o
                0x0000000008002b60                VL53L0X_GetDeviceMode
 .text.VL53L0X_GetFractionEnable
                0x0000000008002b84       0x3e ./Drivers/VL53L0X/core/src/vl53l0x_api.o
                0x0000000008002b84                VL53L0X_GetFractionEnable
 .text.VL53L0X_SetMeasurementTimingBudgetMicroSeconds
                0x0000000008002bc2       0x26 ./Drivers/VL53L0X/core/src/vl53l0x_api.o
                0x0000000008002bc2                VL53L0X_SetMeasurementTimingBudgetMicroSeconds
 .text.VL53L0X_GetMeasurementTimingBudgetMicroSeconds
                0x0000000008002be8       0x26 ./Drivers/VL53L0X/core/src/vl53l0x_api.o
                0x0000000008002be8                VL53L0X_GetMeasurementTimingBudgetMicroSeconds
 .text.VL53L0X_SetVcselPulsePeriod
                0x0000000008002c0e       0x30 ./Drivers/VL53L0X/core/src/vl53l0x_api.o
                0x0000000008002c0e                VL53L0X_SetVcselPulsePeriod
 .text.VL53L0X_GetVcselPulsePeriod
                0x0000000008002c3e       0x2e ./Drivers/VL53L0X/core/src/vl53l0x_api.o
                0x0000000008002c3e                VL53L0X_GetVcselPulsePeriod
 .text.VL53L0X_SetSequenceStepEnable
                0x0000000008002c6c      0x144 ./Drivers/VL53L0X/core/src/vl53l0x_api.o
                0x0000000008002c6c                VL53L0X_SetSequenceStepEnable
 .text.sequence_step_enabled
                0x0000000008002db0       0xa4 ./Drivers/VL53L0X/core/src/vl53l0x_api.o
                0x0000000008002db0                sequence_step_enabled
 .text.VL53L0X_GetSequenceStepEnables
                0x0000000008002e54       0xb0 ./Drivers/VL53L0X/core/src/vl53l0x_api.o
                0x0000000008002e54                VL53L0X_GetSequenceStepEnables
 .text.VL53L0X_GetInterMeasurementPeriodMilliSeconds
                0x0000000008002f04       0x68 ./Drivers/VL53L0X/core/src/vl53l0x_api.o
                0x0000000008002f04                VL53L0X_GetInterMeasurementPeriodMilliSeconds
 .text.VL53L0X_GetXTalkCompensationEnable
                0x0000000008002f6c       0x28 ./Drivers/VL53L0X/core/src/vl53l0x_api.o
                0x0000000008002f6c                VL53L0X_GetXTalkCompensationEnable
 .text.VL53L0X_GetXTalkCompensationRateMegaCps
                0x0000000008002f94       0x66 ./Drivers/VL53L0X/core/src/vl53l0x_api.o
                0x0000000008002f94                VL53L0X_GetXTalkCompensationRateMegaCps
 *fill*         0x0000000008002ffa        0x2 
 .text.VL53L0X_SetLimitCheckEnable
                0x0000000008002ffc      0x118 ./Drivers/VL53L0X/core/src/vl53l0x_api.o
                0x0000000008002ffc                VL53L0X_SetLimitCheckEnable
 .text.VL53L0X_GetLimitCheckEnable
                0x0000000008003114       0x44 ./Drivers/VL53L0X/core/src/vl53l0x_api.o
                0x0000000008003114                VL53L0X_GetLimitCheckEnable
 .text.VL53L0X_SetLimitCheckValue
                0x0000000008003158       0xc4 ./Drivers/VL53L0X/core/src/vl53l0x_api.o
                0x0000000008003158                VL53L0X_SetLimitCheckValue
 .text.VL53L0X_GetLimitCheckValue
                0x000000000800321c      0x11c ./Drivers/VL53L0X/core/src/vl53l0x_api.o
                0x000000000800321c                VL53L0X_GetLimitCheckValue
 .text.VL53L0X_GetWrapAroundCheckEnable
                0x0000000008003338       0x64 ./Drivers/VL53L0X/core/src/vl53l0x_api.o
                0x0000000008003338                VL53L0X_GetWrapAroundCheckEnable
 .text.VL53L0X_PerformSingleMeasurement
                0x000000000800339c       0x68 ./Drivers/VL53L0X/core/src/vl53l0x_api.o
                0x000000000800339c                VL53L0X_PerformSingleMeasurement
 .text.VL53L0X_PerformRefCalibration
                0x0000000008003404       0x2c ./Drivers/VL53L0X/core/src/vl53l0x_api.o
                0x0000000008003404                VL53L0X_PerformRefCalibration
 .text.VL53L0X_CheckAndLoadInterruptSettings
                0x0000000008003430      0x1e4 ./Drivers/VL53L0X/core/src/vl53l0x_api.o
                0x0000000008003430                VL53L0X_CheckAndLoadInterruptSettings
 .text.VL53L0X_StartMeasurement
                0x0000000008003614      0x184 ./Drivers/VL53L0X/core/src/vl53l0x_api.o
                0x0000000008003614                VL53L0X_StartMeasurement
 .text.VL53L0X_GetMeasurementDataReady
                0x0000000008003798       0x80 ./Drivers/VL53L0X/core/src/vl53l0x_api.o
                0x0000000008003798                VL53L0X_GetMeasurementDataReady
 .text.VL53L0X_GetRangingMeasurementData
                0x0000000008003818      0x248 ./Drivers/VL53L0X/core/src/vl53l0x_api.o
                0x0000000008003818                VL53L0X_GetRangingMeasurementData
 .text.VL53L0X_PerformSingleRangingMeasurement
                0x0000000008003a60       0x60 ./Drivers/VL53L0X/core/src/vl53l0x_api.o
                0x0000000008003a60                VL53L0X_PerformSingleRangingMeasurement
 .text.VL53L0X_SetGpioConfig
                0x0000000008003ac0      0x248 ./Drivers/VL53L0X/core/src/vl53l0x_api.o
                0x0000000008003ac0                VL53L0X_SetGpioConfig
 .text.VL53L0X_GetInterruptThresholds
                0x0000000008003d08       0x6c ./Drivers/VL53L0X/core/src/vl53l0x_api.o
                0x0000000008003d08                VL53L0X_GetInterruptThresholds
 .text.VL53L0X_ClearInterruptMask
                0x0000000008003d74       0x80 ./Drivers/VL53L0X/core/src/vl53l0x_api.o
                0x0000000008003d74                VL53L0X_ClearInterruptMask
 .text.VL53L0X_GetInterruptMaskStatus
                0x0000000008003df4       0x44 ./Drivers/VL53L0X/core/src/vl53l0x_api.o
                0x0000000008003df4                VL53L0X_GetInterruptMaskStatus
 .text.VL53L0X_PerformRefSpadManagement
                0x0000000008003e38       0x2a ./Drivers/VL53L0X/core/src/vl53l0x_api.o
                0x0000000008003e38                VL53L0X_PerformRefSpadManagement
 .text.VL53L0X_get_offset_calibration_data_micro_meter
                0x0000000008003e62       0x7e ./Drivers/VL53L0X/core/src/vl53l0x_api_calibration.o
                0x0000000008003e62                VL53L0X_get_offset_calibration_data_micro_meter
 .text.get_next_good_spad
                0x0000000008003ee0       0xba ./Drivers/VL53L0X/core/src/vl53l0x_api_calibration.o
                0x0000000008003ee0                get_next_good_spad
 *fill*         0x0000000008003f9a        0x2 
 .text.is_aperture
                0x0000000008003f9c       0x34 ./Drivers/VL53L0X/core/src/vl53l0x_api_calibration.o
                0x0000000008003f9c                is_aperture
 .text.enable_spad_bit
                0x0000000008003fd0       0x6e ./Drivers/VL53L0X/core/src/vl53l0x_api_calibration.o
                0x0000000008003fd0                enable_spad_bit
 .text.set_ref_spad_map
                0x000000000800403e       0x26 ./Drivers/VL53L0X/core/src/vl53l0x_api_calibration.o
                0x000000000800403e                set_ref_spad_map
 .text.get_ref_spad_map
                0x0000000008004064       0x26 ./Drivers/VL53L0X/core/src/vl53l0x_api_calibration.o
                0x0000000008004064                get_ref_spad_map
 .text.enable_ref_spads
                0x000000000800408a       0xf8 ./Drivers/VL53L0X/core/src/vl53l0x_api_calibration.o
                0x000000000800408a                enable_ref_spads
 .text.perform_ref_signal_measurement
                0x0000000008004182       0xd4 ./Drivers/VL53L0X/core/src/vl53l0x_api_calibration.o
                0x0000000008004182                perform_ref_signal_measurement
 .text.VL53L0X_perform_ref_spad_management
                0x0000000008004256      0x418 ./Drivers/VL53L0X/core/src/vl53l0x_api_calibration.o
                0x0000000008004256                VL53L0X_perform_ref_spad_management
 .text.VL53L0X_set_reference_spads
                0x000000000800466e      0x14a ./Drivers/VL53L0X/core/src/vl53l0x_api_calibration.o
                0x000000000800466e                VL53L0X_set_reference_spads
 .text.VL53L0X_perform_single_ref_calibration
                0x00000000080047b8       0x76 ./Drivers/VL53L0X/core/src/vl53l0x_api_calibration.o
                0x00000000080047b8                VL53L0X_perform_single_ref_calibration
 .text.VL53L0X_ref_calibration_io
                0x000000000800482e      0x132 ./Drivers/VL53L0X/core/src/vl53l0x_api_calibration.o
                0x000000000800482e                VL53L0X_ref_calibration_io
 .text.VL53L0X_perform_vhv_calibration
                0x0000000008004960       0xce ./Drivers/VL53L0X/core/src/vl53l0x_api_calibration.o
                0x0000000008004960                VL53L0X_perform_vhv_calibration
 .text.VL53L0X_perform_phase_calibration
                0x0000000008004a2e       0xca ./Drivers/VL53L0X/core/src/vl53l0x_api_calibration.o
                0x0000000008004a2e                VL53L0X_perform_phase_calibration
 .text.VL53L0X_perform_ref_calibration
                0x0000000008004af8       0x7a ./Drivers/VL53L0X/core/src/vl53l0x_api_calibration.o
                0x0000000008004af8                VL53L0X_perform_ref_calibration
 .text.VL53L0X_measurement_poll_for_completion
                0x0000000008004b72       0x60 ./Drivers/VL53L0X/core/src/vl53l0x_api_core.o
                0x0000000008004b72                VL53L0X_measurement_poll_for_completion
 .text.VL53L0X_decode_vcsel_period
                0x0000000008004bd2       0x24 ./Drivers/VL53L0X/core/src/vl53l0x_api_core.o
                0x0000000008004bd2                VL53L0X_decode_vcsel_period
 .text.VL53L0X_encode_vcsel_period
                0x0000000008004bf6       0x24 ./Drivers/VL53L0X/core/src/vl53l0x_api_core.o
                0x0000000008004bf6                VL53L0X_encode_vcsel_period
 .text.VL53L0X_isqrt
                0x0000000008004c1a       0x66 ./Drivers/VL53L0X/core/src/vl53l0x_api_core.o
                0x0000000008004c1a                VL53L0X_isqrt
 .text.VL53L0X_device_read_strobe
                0x0000000008004c80       0x86 ./Drivers/VL53L0X/core/src/vl53l0x_api_core.o
                0x0000000008004c80                VL53L0X_device_read_strobe
 .text.VL53L0X_get_info_from_device
                0x0000000008004d06      0x99c ./Drivers/VL53L0X/core/src/vl53l0x_api_core.o
                0x0000000008004d06                VL53L0X_get_info_from_device
 .text.VL53L0X_calc_macro_period_ps
                0x00000000080056a2       0x3a ./Drivers/VL53L0X/core/src/vl53l0x_api_core.o
                0x00000000080056a2                VL53L0X_calc_macro_period_ps
 .text.VL53L0X_encode_timeout
                0x00000000080056dc       0x56 ./Drivers/VL53L0X/core/src/vl53l0x_api_core.o
                0x00000000080056dc                VL53L0X_encode_timeout
 .text.VL53L0X_decode_timeout
                0x0000000008005732       0x2a ./Drivers/VL53L0X/core/src/vl53l0x_api_core.o
                0x0000000008005732                VL53L0X_decode_timeout
 .text.VL53L0X_calc_timeout_mclks
                0x000000000800575c       0x54 ./Drivers/VL53L0X/core/src/vl53l0x_api_core.o
                0x000000000800575c                VL53L0X_calc_timeout_mclks
 .text.VL53L0X_calc_timeout_us
                0x00000000080057b0       0x54 ./Drivers/VL53L0X/core/src/vl53l0x_api_core.o
                0x00000000080057b0                VL53L0X_calc_timeout_us
 .text.get_sequence_step_timeout
                0x0000000008005804      0x1c2 ./Drivers/VL53L0X/core/src/vl53l0x_api_core.o
                0x0000000008005804                get_sequence_step_timeout
 .text.set_sequence_step_timeout
                0x00000000080059c6      0x1e4 ./Drivers/VL53L0X/core/src/vl53l0x_api_core.o
                0x00000000080059c6                set_sequence_step_timeout
 .text.VL53L0X_set_vcsel_pulse_period
                0x0000000008005baa      0x512 ./Drivers/VL53L0X/core/src/vl53l0x_api_core.o
                0x0000000008005baa                VL53L0X_set_vcsel_pulse_period
 .text.VL53L0X_get_vcsel_pulse_period
                0x00000000080060bc       0x6e ./Drivers/VL53L0X/core/src/vl53l0x_api_core.o
                0x00000000080060bc                VL53L0X_get_vcsel_pulse_period
 .text.VL53L0X_set_measurement_timing_budget_micro_seconds
                0x000000000800612a      0x1a6 ./Drivers/VL53L0X/core/src/vl53l0x_api_core.o
                0x000000000800612a                VL53L0X_set_measurement_timing_budget_micro_seconds
 .text.VL53L0X_get_measurement_timing_budget_micro_seconds
                0x00000000080062d0      0x162 ./Drivers/VL53L0X/core/src/vl53l0x_api_core.o
                0x00000000080062d0                VL53L0X_get_measurement_timing_budget_micro_seconds
 *fill*         0x0000000008006432        0x2 
 .text.VL53L0X_load_tuning_settings
                0x0000000008006434      0x1c4 ./Drivers/VL53L0X/core/src/vl53l0x_api_core.o
                0x0000000008006434                VL53L0X_load_tuning_settings
 .text.VL53L0X_get_total_xtalk_rate
                0x00000000080065f8       0x5e ./Drivers/VL53L0X/core/src/vl53l0x_api_core.o
                0x00000000080065f8                VL53L0X_get_total_xtalk_rate
 .text.VL53L0X_get_total_signal_rate
                0x0000000008006656       0x4a ./Drivers/VL53L0X/core/src/vl53l0x_api_core.o
                0x0000000008006656                VL53L0X_get_total_signal_rate
 .text.get_dmax_lut_points
                0x00000000080066a0       0x8c ./Drivers/VL53L0X/core/src/vl53l0x_api_core.o
                0x00000000080066a0                get_dmax_lut_points
 .text.VL53L0X_calc_dmax
                0x000000000800672c      0x14c ./Drivers/VL53L0X/core/src/vl53l0x_api_core.o
                0x000000000800672c                VL53L0X_calc_dmax
 .text.VL53L0X_calc_sigma_estimate
                0x0000000008006878      0x45c ./Drivers/VL53L0X/core/src/vl53l0x_api_core.o
                0x0000000008006878                VL53L0X_calc_sigma_estimate
 .text.VL53L0X_get_pal_range_status
                0x0000000008006cd4      0x3c4 ./Drivers/VL53L0X/core/src/vl53l0x_api_core.o
                0x0000000008006cd4                VL53L0X_get_pal_range_status
 .text._I2CWrite
                0x0000000008007098       0x3e ./Drivers/VL53L0X/platform/src/vl53l0x_platform.o
                0x0000000008007098                _I2CWrite
 .text._I2CRead
                0x00000000080070d6       0x44 ./Drivers/VL53L0X/platform/src/vl53l0x_platform.o
                0x00000000080070d6                _I2CRead
 *fill*         0x000000000800711a        0x2 
 .text.VL53L0X_WriteMulti
                0x000000000800711c       0x60 ./Drivers/VL53L0X/platform/src/vl53l0x_platform.o
                0x000000000800711c                VL53L0X_WriteMulti
 .text.VL53L0X_ReadMulti
                0x000000000800717c       0x56 ./Drivers/VL53L0X/platform/src/vl53l0x_platform.o
                0x000000000800717c                VL53L0X_ReadMulti
 *fill*         0x00000000080071d2        0x2 
 .text.VL53L0X_WrByte
                0x00000000080071d4       0x48 ./Drivers/VL53L0X/platform/src/vl53l0x_platform.o
                0x00000000080071d4                VL53L0X_WrByte
 .text.VL53L0X_WrWord
                0x000000000800721c       0x54 ./Drivers/VL53L0X/platform/src/vl53l0x_platform.o
                0x000000000800721c                VL53L0X_WrWord
 .text.VL53L0X_UpdateByte
                0x0000000008007270       0x68 ./Drivers/VL53L0X/platform/src/vl53l0x_platform.o
                0x0000000008007270                VL53L0X_UpdateByte
 .text.VL53L0X_RdByte
                0x00000000080072d8       0x54 ./Drivers/VL53L0X/platform/src/vl53l0x_platform.o
                0x00000000080072d8                VL53L0X_RdByte
 .text.VL53L0X_RdWord
                0x000000000800732c       0x70 ./Drivers/VL53L0X/platform/src/vl53l0x_platform.o
                0x000000000800732c                VL53L0X_RdWord
 .text.VL53L0X_RdDWord
                0x000000000800739c       0x78 ./Drivers/VL53L0X/platform/src/vl53l0x_platform.o
                0x000000000800739c                VL53L0X_RdDWord
 .text.VL53L0X_PollingDelay
                0x0000000008007414       0x1e ./Drivers/VL53L0X/platform/src/vl53l0x_platform.o
                0x0000000008007414                VL53L0X_PollingDelay
 *fill*         0x0000000008007432        0x2 
 .text.__libc_init_array
                0x0000000008007434       0x48 /opt/st/stm32cubeide_1.11.2/plugins/com.st.stm32cube.ide.mcu.externaltools.gnu-tools-for-stm32.10.3-2021.10.linux64_1.0.100.202210260954/tools/bin/../lib/gcc/arm-none-eabi/10.3.1/../../../../arm-none-eabi/lib/thumb/v7-m/nofp/libc_nano.a(lib_a-init.o)
                0x0000000008007434                __libc_init_array
 .text.memcpy   0x000000000800747c       0x1c /opt/st/stm32cubeide_1.11.2/plugins/com.st.stm32cube.ide.mcu.externaltools.gnu-tools-for-stm32.10.3-2021.10.linux64_1.0.100.202210260954/tools/bin/../lib/gcc/arm-none-eabi/10.3.1/../../../../arm-none-eabi/lib/thumb/v7-m/nofp/libc_nano.a(lib_a-memcpy-stub.o)
                0x000000000800747c                memcpy
 .text.memset   0x0000000008007498       0x10 /opt/st/stm32cubeide_1.11.2/plugins/com.st.stm32cube.ide.mcu.externaltools.gnu-tools-for-stm32.10.3-2021.10.linux64_1.0.100.202210260954/tools/bin/../lib/gcc/arm-none-eabi/10.3.1/../../../../arm-none-eabi/lib/thumb/v7-m/nofp/libc_nano.a(lib_a-memset.o)
                0x0000000008007498                memset
 .text.strcpy   0x00000000080074a8       0x10 /opt/st/stm32cubeide_1.11.2/plugins/com.st.stm32cube.ide.mcu.externaltools.gnu-tools-for-stm32.10.3-2021.10.linux64_1.0.100.202210260954/tools/bin/../lib/gcc/arm-none-eabi/10.3.1/../../../../arm-none-eabi/lib/thumb/v7-m/nofp/libc_nano.a(lib_a-strcpy.o)
                0x00000000080074a8                strcpy
 *(.glue_7)
 .glue_7        0x00000000080074b8        0x0 linker stubs
 *(.glue_7t)
 .glue_7t       0x00000000080074b8        0x0 linker stubs
 *(.eh_frame)
 .eh_frame      0x00000000080074b8        0x0 /opt/st/stm32cubeide_1.11.2/plugins/com.st.stm32cube.ide.mcu.externaltools.gnu-tools-for-stm32.10.3-2021.10.linux64_1.0.100.202210260954/tools/bin/../lib/gcc/arm-none-eabi/10.3.1/thumb/v7-m/nofp/crtbegin.o
 *(.init)
 .init          0x00000000080074b8        0x4 /opt/st/stm32cubeide_1.11.2/plugins/com.st.stm32cube.ide.mcu.externaltools.gnu-tools-for-stm32.10.3-2021.10.linux64_1.0.100.202210260954/tools/bin/../lib/gcc/arm-none-eabi/10.3.1/thumb/v7-m/nofp/crti.o
                0x00000000080074b8                _init
 .init          0x00000000080074bc        0x8 /opt/st/stm32cubeide_1.11.2/plugins/com.st.stm32cube.ide.mcu.externaltools.gnu-tools-for-stm32.10.3-2021.10.linux64_1.0.100.202210260954/tools/bin/../lib/gcc/arm-none-eabi/10.3.1/thumb/v7-m/nofp/crtn.o
 *(.fini)
 .fini          0x00000000080074c4        0x4 /opt/st/stm32cubeide_1.11.2/plugins/com.st.stm32cube.ide.mcu.externaltools.gnu-tools-for-stm32.10.3-2021.10.linux64_1.0.100.202210260954/tools/bin/../lib/gcc/arm-none-eabi/10.3.1/thumb/v7-m/nofp/crti.o
                0x00000000080074c4                _fini
 .fini          0x00000000080074c8        0x8 /opt/st/stm32cubeide_1.11.2/plugins/com.st.stm32cube.ide.mcu.externaltools.gnu-tools-for-stm32.10.3-2021.10.linux64_1.0.100.202210260954/tools/bin/../lib/gcc/arm-none-eabi/10.3.1/thumb/v7-m/nofp/crtn.o
                0x00000000080074d0                . = ALIGN (0x4)
                0x00000000080074d0                _etext = .

.vfp11_veneer   0x00000000080074d0        0x0
 .vfp11_veneer  0x00000000080074d0        0x0 linker stubs

.v4_bx          0x00000000080074d0        0x0
 .v4_bx         0x00000000080074d0        0x0 linker stubs

.iplt           0x00000000080074d0        0x0
 .iplt          0x00000000080074d0        0x0 /opt/st/stm32cubeide_1.11.2/plugins/com.st.stm32cube.ide.mcu.externaltools.gnu-tools-for-stm32.10.3-2021.10.linux64_1.0.100.202210260954/tools/bin/../lib/gcc/arm-none-eabi/10.3.1/thumb/v7-m/nofp/crtbegin.o

.rodata         0x00000000080074d0       0x28
                0x00000000080074d0                . = ALIGN (0x4)
 *(.rodata)
 .rodata        0x00000000080074d0       0x10 ./Drivers/STM32F1xx_HAL_Driver/Src/stm32f1xx_hal_rcc.o
 *(.rodata*)
 .rodata.AHBPrescTable
                0x00000000080074e0       0x10 ./Core/Src/system_stm32f1xx.o
                0x00000000080074e0                AHBPrescTable
 .rodata.APBPrescTable
                0x00000000080074f0        0x8 ./Core/Src/system_stm32f1xx.o
                0x00000000080074f0                APBPrescTable
                0x00000000080074f8                . = ALIGN (0x4)

.rel.dyn        0x00000000080074f8        0x0
 .rel.iplt      0x00000000080074f8        0x0 /opt/st/stm32cubeide_1.11.2/plugins/com.st.stm32cube.ide.mcu.externaltools.gnu-tools-for-stm32.10.3-2021.10.linux64_1.0.100.202210260954/tools/bin/../lib/gcc/arm-none-eabi/10.3.1/thumb/v7-m/nofp/crtbegin.o

.ARM.extab      0x00000000080074f8        0x0
                0x00000000080074f8                . = ALIGN (0x4)
 *(.ARM.extab* .gnu.linkonce.armextab.*)
                0x00000000080074f8                . = ALIGN (0x4)

.ARM            0x00000000080074f8        0x0
                0x00000000080074f8                . = ALIGN (0x4)
                0x00000000080074f8                __exidx_start = .
 *(.ARM.exidx*)
                0x00000000080074f8                __exidx_end = .
                0x00000000080074f8                . = ALIGN (0x4)

.preinit_array  0x00000000080074f8        0x0
                0x00000000080074f8                . = ALIGN (0x4)
                0x00000000080074f8                PROVIDE (__preinit_array_start = .)
 *(.preinit_array*)
                0x00000000080074f8                PROVIDE (__preinit_array_end = .)
                0x00000000080074f8                . = ALIGN (0x4)

.init_array     0x00000000080074f8        0x4
                0x00000000080074f8                . = ALIGN (0x4)
                0x00000000080074f8                PROVIDE (__init_array_start = .)
 *(SORT_BY_NAME(.init_array.*))
 *(.init_array*)
 .init_array    0x00000000080074f8        0x4 /opt/st/stm32cubeide_1.11.2/plugins/com.st.stm32cube.ide.mcu.externaltools.gnu-tools-for-stm32.10.3-2021.10.linux64_1.0.100.202210260954/tools/bin/../lib/gcc/arm-none-eabi/10.3.1/thumb/v7-m/nofp/crtbegin.o
                0x00000000080074fc                PROVIDE (__init_array_end = .)
                0x00000000080074fc                . = ALIGN (0x4)

.fini_array     0x00000000080074fc        0x4
                0x00000000080074fc                . = ALIGN (0x4)
                [!provide]                        PROVIDE (__fini_array_start = .)
 *(SORT_BY_NAME(.fini_array.*))
 *(.fini_array*)
 .fini_array    0x00000000080074fc        0x4 /opt/st/stm32cubeide_1.11.2/plugins/com.st.stm32cube.ide.mcu.externaltools.gnu-tools-for-stm32.10.3-2021.10.linux64_1.0.100.202210260954/tools/bin/../lib/gcc/arm-none-eabi/10.3.1/thumb/v7-m/nofp/crtbegin.o
                [!provide]                        PROVIDE (__fini_array_end = .)
                0x0000000008007500                . = ALIGN (0x4)
                0x0000000008007500                _sidata = LOADADDR (.data)

.data           0x0000000020000000      0x2cc load address 0x0000000008007500
                0x0000000020000000                . = ALIGN (0x4)
                0x0000000020000000                _sdata = .
 *(.data)
 *(.data*)
 .data.Dev      0x0000000020000000        0x4 ./Core/Src/main.o
                0x0000000020000000                Dev
 .data.SystemCoreClock
                0x0000000020000004        0x4 ./Core/Src/system_stm32f1xx.o
                0x0000000020000004                SystemCoreClock
 .data.uwTickPrio
                0x0000000020000008        0x4 ./Drivers/STM32F1xx_HAL_Driver/Src/stm32f1xx_hal.o
                0x0000000020000008                uwTickPrio
 .data.uwTickFreq
                0x000000002000000c        0x1 ./Drivers/STM32F1xx_HAL_Driver/Src/stm32f1xx_hal.o
                0x000000002000000c                uwTickFreq
 *fill*         0x000000002000000d        0x3 
 .data.DefaultTuningSettings
                0x0000000020000010       0xf3 ./Drivers/VL53L0X/core/src/vl53l0x_api.o
                0x0000000020000010                DefaultTuningSettings
 *fill*         0x0000000020000103        0x1 
 .data.InterruptThresholdSettings
                0x0000000020000104      0x1b6 ./Drivers/VL53L0X/core/src/vl53l0x_api.o
                0x0000000020000104                InterruptThresholdSettings
 *fill*         0x00000000200002ba        0x2 
 .data.refArrayQuadrants
                0x00000000200002bc       0x10 ./Drivers/VL53L0X/core/src/vl53l0x_api_calibration.o
                0x00000000200002bc                refArrayQuadrants
 *(.RamFunc)
 *(.RamFunc*)
                0x00000000200002cc                . = ALIGN (0x4)
                0x00000000200002cc                _edata = .

.igot.plt       0x00000000200002cc        0x0 load address 0x00000000080077cc
 .igot.plt      0x00000000200002cc        0x0 /opt/st/stm32cubeide_1.11.2/plugins/com.st.stm32cube.ide.mcu.externaltools.gnu-tools-for-stm32.10.3-2021.10.linux64_1.0.100.202210260954/tools/bin/../lib/gcc/arm-none-eabi/10.3.1/thumb/v7-m/nofp/crtbegin.o
                0x00000000200002cc                . = ALIGN (0x4)

.bss            0x00000000200002cc      0x28c load address 0x00000000080077cc
                0x00000000200002cc                _sbss = .
                0x00000000200002cc                __bss_start__ = _sbss
 *(.bss)
 .bss           0x00000000200002cc       0x1c /opt/st/stm32cubeide_1.11.2/plugins/com.st.stm32cube.ide.mcu.externaltools.gnu-tools-for-stm32.10.3-2021.10.linux64_1.0.100.202210260954/tools/bin/../lib/gcc/arm-none-eabi/10.3.1/thumb/v7-m/nofp/crtbegin.o
 *(.bss*)
 .bss.hi2c1     0x00000000200002e8       0x54 ./Core/Src/main.o
                0x00000000200002e8                hi2c1
 .bss.RangingData
                0x000000002000033c       0x1c ./Core/Src/main.o
                0x000000002000033c                RangingData
 .bss.vl53l0x_c
                0x0000000020000358      0x1b4 ./Core/Src/main.o
                0x0000000020000358                vl53l0x_c
 .bss.measument
                0x000000002000050c        0x2 ./Core/Src/main.o
                0x000000002000050c                measument
 *fill*         0x000000002000050e        0x2 
 .bss.i         0x0000000020000510        0x4 ./Core/Src/main.o
                0x0000000020000510                i
 .bss.uwTick    0x0000000020000514        0x4 ./Drivers/STM32F1xx_HAL_Driver/Src/stm32f1xx_hal.o
                0x0000000020000514                uwTick
 .bss._I2CBuffer
                0x0000000020000518       0x40 ./Drivers/VL53L0X/platform/src/vl53l0x_platform.o
                0x0000000020000518                _I2CBuffer
 *(COMMON)
                0x0000000020000558                . = ALIGN (0x4)
                0x0000000020000558                _ebss = .
                0x0000000020000558                __bss_end__ = _ebss

._user_heap_stack
                0x0000000020000558      0x600 load address 0x00000000080077cc
                0x0000000020000558                . = ALIGN (0x8)
                [!provide]                        PROVIDE (end = .)
                0x0000000020000558                PROVIDE (_end = .)
                0x0000000020000758                . = (. + _Min_Heap_Size)
 *fill*         0x0000000020000558      0x200 
                0x0000000020000b58                . = (. + _Min_Stack_Size)
 *fill*         0x0000000020000758      0x400 
                0x0000000020000b58                . = ALIGN (0x8)

/DISCARD/
 libc.a(*)
 libm.a(*)
 libgcc.a(*)

.ARM.attributes
                0x0000000000000000       0x29
 *(.ARM.attributes)
 .ARM.attributes
                0x0000000000000000       0x1d /opt/st/stm32cubeide_1.11.2/plugins/com.st.stm32cube.ide.mcu.externaltools.gnu-tools-for-stm32.10.3-2021.10.linux64_1.0.100.202210260954/tools/bin/../lib/gcc/arm-none-eabi/10.3.1/thumb/v7-m/nofp/crti.o
 .ARM.attributes
                0x000000000000001d       0x2d /opt/st/stm32cubeide_1.11.2/plugins/com.st.stm32cube.ide.mcu.externaltools.gnu-tools-for-stm32.10.3-2021.10.linux64_1.0.100.202210260954/tools/bin/../lib/gcc/arm-none-eabi/10.3.1/thumb/v7-m/nofp/crtbegin.o
 .ARM.attributes
                0x000000000000004a       0x2d ./Core/Src/main.o
 .ARM.attributes
                0x0000000000000077       0x2d ./Core/Src/stm32f1xx_hal_msp.o
 .ARM.attributes
                0x00000000000000a4       0x2d ./Core/Src/stm32f1xx_it.o
 .ARM.attributes
                0x00000000000000d1       0x2d ./Core/Src/system_stm32f1xx.o
 .ARM.attributes
                0x00000000000000fe       0x21 ./Core/Startup/startup_stm32f103c8tx.o
 .ARM.attributes
                0x000000000000011f       0x2d ./Drivers/STM32F1xx_HAL_Driver/Src/stm32f1xx_hal.o
 .ARM.attributes
                0x000000000000014c       0x2d ./Drivers/STM32F1xx_HAL_Driver/Src/stm32f1xx_hal_cortex.o
 .ARM.attributes
                0x0000000000000179       0x2d ./Drivers/STM32F1xx_HAL_Driver/Src/stm32f1xx_hal_gpio.o
 .ARM.attributes
                0x00000000000001a6       0x2d ./Drivers/STM32F1xx_HAL_Driver/Src/stm32f1xx_hal_i2c.o
 .ARM.attributes
                0x00000000000001d3       0x2d ./Drivers/STM32F1xx_HAL_Driver/Src/stm32f1xx_hal_rcc.o
 .ARM.attributes
                0x0000000000000200       0x2d ./Drivers/VL53L0X/core/src/vl53l0x_api.o
 .ARM.attributes
                0x000000000000022d       0x2d ./Drivers/VL53L0X/core/src/vl53l0x_api_calibration.o
 .ARM.attributes
                0x000000000000025a       0x2d ./Drivers/VL53L0X/core/src/vl53l0x_api_core.o
 .ARM.attributes
                0x0000000000000287       0x2d ./Drivers/VL53L0X/platform/src/vl53l0x_platform.o
 .ARM.attributes
                0x00000000000002b4       0x2d /opt/st/stm32cubeide_1.11.2/plugins/com.st.stm32cube.ide.mcu.externaltools.gnu-tools-for-stm32.10.3-2021.10.linux64_1.0.100.202210260954/tools/bin/../lib/gcc/arm-none-eabi/10.3.1/../../../../arm-none-eabi/lib/thumb/v7-m/nofp/libc_nano.a(lib_a-init.o)
 .ARM.attributes
                0x00000000000002e1       0x2d /opt/st/stm32cubeide_1.11.2/plugins/com.st.stm32cube.ide.mcu.externaltools.gnu-tools-for-stm32.10.3-2021.10.linux64_1.0.100.202210260954/tools/bin/../lib/gcc/arm-none-eabi/10.3.1/../../../../arm-none-eabi/lib/thumb/v7-m/nofp/libc_nano.a(lib_a-memcpy-stub.o)
 .ARM.attributes
                0x000000000000030e       0x2d /opt/st/stm32cubeide_1.11.2/plugins/com.st.stm32cube.ide.mcu.externaltools.gnu-tools-for-stm32.10.3-2021.10.linux64_1.0.100.202210260954/tools/bin/../lib/gcc/arm-none-eabi/10.3.1/../../../../arm-none-eabi/lib/thumb/v7-m/nofp/libc_nano.a(lib_a-memset.o)
 .ARM.attributes
                0x000000000000033b       0x2d /opt/st/stm32cubeide_1.11.2/plugins/com.st.stm32cube.ide.mcu.externaltools.gnu-tools-for-stm32.10.3-2021.10.linux64_1.0.100.202210260954/tools/bin/../lib/gcc/arm-none-eabi/10.3.1/../../../../arm-none-eabi/lib/thumb/v7-m/nofp/libc_nano.a(lib_a-strcpy.o)
 .ARM.attributes
                0x0000000000000368       0x1d /opt/st/stm32cubeide_1.11.2/plugins/com.st.stm32cube.ide.mcu.externaltools.gnu-tools-for-stm32.10.3-2021.10.linux64_1.0.100.202210260954/tools/bin/../lib/gcc/arm-none-eabi/10.3.1/thumb/v7-m/nofp/crtn.o
OUTPUT(BuczekSumowskiBluePillProject.elf elf32-littlearm)
LOAD linker stubs
LOAD /opt/st/stm32cubeide_1.11.2/plugins/com.st.stm32cube.ide.mcu.externaltools.gnu-tools-for-stm32.10.3-2021.10.linux64_1.0.100.202210260954/tools/bin/../lib/gcc/arm-none-eabi/10.3.1/../../../../arm-none-eabi/lib/thumb/v7-m/nofp/libc.a
LOAD /opt/st/stm32cubeide_1.11.2/plugins/com.st.stm32cube.ide.mcu.externaltools.gnu-tools-for-stm32.10.3-2021.10.linux64_1.0.100.202210260954/tools/bin/../lib/gcc/arm-none-eabi/10.3.1/../../../../arm-none-eabi/lib/thumb/v7-m/nofp/libm.a
LOAD /opt/st/stm32cubeide_1.11.2/plugins/com.st.stm32cube.ide.mcu.externaltools.gnu-tools-for-stm32.10.3-2021.10.linux64_1.0.100.202210260954/tools/bin/../lib/gcc/arm-none-eabi/10.3.1/thumb/v7-m/nofp/libgcc.a

.debug_info     0x0000000000000000     0xf12a
 .debug_info    0x0000000000000000     0x12df ./Core/Src/main.o
 .debug_info    0x00000000000012df      0x8b6 ./Core/Src/stm32f1xx_hal_msp.o
 .debug_info    0x0000000000001b95      0x122 ./Core/Src/stm32f1xx_it.o
 .debug_info    0x0000000000001cb7      0x23d ./Core/Src/system_stm32f1xx.o
 .debug_info    0x0000000000001ef4       0x22 ./Core/Startup/startup_stm32f103c8tx.o
 .debug_info    0x0000000000001f16      0x734 ./Drivers/STM32F1xx_HAL_Driver/Src/stm32f1xx_hal.o
 .debug_info    0x000000000000264a      0xb20 ./Drivers/STM32F1xx_HAL_Driver/Src/stm32f1xx_hal_cortex.o
 .debug_info    0x000000000000316a      0x615 ./Drivers/STM32F1xx_HAL_Driver/Src/stm32f1xx_hal_gpio.o
 .debug_info    0x000000000000377f     0x2734 ./Drivers/STM32F1xx_HAL_Driver/Src/stm32f1xx_hal_i2c.o
 .debug_info    0x0000000000005eb3      0x860 ./Drivers/STM32F1xx_HAL_Driver/Src/stm32f1xx_hal_rcc.o
 .debug_info    0x0000000000006713     0x3720 ./Drivers/VL53L0X/core/src/vl53l0x_api.o
 .debug_info    0x0000000000009e33     0x1e0b ./Drivers/VL53L0X/core/src/vl53l0x_api_calibration.o
 .debug_info    0x000000000000bc3e     0x2288 ./Drivers/VL53L0X/core/src/vl53l0x_api_core.o
 .debug_info    0x000000000000dec6     0x1264 ./Drivers/VL53L0X/platform/src/vl53l0x_platform.o

.debug_abbrev   0x0000000000000000     0x1bca
 .debug_abbrev  0x0000000000000000      0x2af ./Core/Src/main.o
 .debug_abbrev  0x00000000000002af      0x194 ./Core/Src/stm32f1xx_hal_msp.o
 .debug_abbrev  0x0000000000000443       0x74 ./Core/Src/stm32f1xx_it.o
 .debug_abbrev  0x00000000000004b7      0x13b ./Core/Src/system_stm32f1xx.o
 .debug_abbrev  0x00000000000005f2       0x12 ./Core/Startup/startup_stm32f103c8tx.o
 .debug_abbrev  0x0000000000000604      0x1fb ./Drivers/STM32F1xx_HAL_Driver/Src/stm32f1xx_hal.o
 .debug_abbrev  0x00000000000007ff      0x2ed ./Drivers/STM32F1xx_HAL_Driver/Src/stm32f1xx_hal_cortex.o
 .debug_abbrev  0x0000000000000aec      0x1bb ./Drivers/STM32F1xx_HAL_Driver/Src/stm32f1xx_hal_gpio.o
 .debug_abbrev  0x0000000000000ca7      0x288 ./Drivers/STM32F1xx_HAL_Driver/Src/stm32f1xx_hal_i2c.o
 .debug_abbrev  0x0000000000000f2f      0x2a8 ./Drivers/STM32F1xx_HAL_Driver/Src/stm32f1xx_hal_rcc.o
 .debug_abbrev  0x00000000000011d7      0x298 ./Drivers/VL53L0X/core/src/vl53l0x_api.o
 .debug_abbrev  0x000000000000146f      0x28d ./Drivers/VL53L0X/core/src/vl53l0x_api_calibration.o
 .debug_abbrev  0x00000000000016fc      0x2a4 ./Drivers/VL53L0X/core/src/vl53l0x_api_core.o
 .debug_abbrev  0x00000000000019a0      0x22a ./Drivers/VL53L0X/platform/src/vl53l0x_platform.o

.debug_aranges  0x0000000000000000      0xbd8
 .debug_aranges
                0x0000000000000000       0x40 ./Core/Src/main.o
 .debug_aranges
                0x0000000000000040       0x30 ./Core/Src/stm32f1xx_hal_msp.o
 .debug_aranges
                0x0000000000000070       0x60 ./Core/Src/stm32f1xx_it.o
 .debug_aranges
                0x00000000000000d0       0x28 ./Core/Src/system_stm32f1xx.o
 .debug_aranges
                0x00000000000000f8       0x28 ./Core/Startup/startup_stm32f103c8tx.o
 .debug_aranges
                0x0000000000000120       0xe0 ./Drivers/STM32F1xx_HAL_Driver/Src/stm32f1xx_hal.o
 .debug_aranges
                0x0000000000000200      0x100 ./Drivers/STM32F1xx_HAL_Driver/Src/stm32f1xx_hal_cortex.o
 .debug_aranges
                0x0000000000000300       0x58 ./Drivers/STM32F1xx_HAL_Driver/Src/stm32f1xx_hal_gpio.o
 .debug_aranges
                0x0000000000000358      0x2a0 ./Drivers/STM32F1xx_HAL_Driver/Src/stm32f1xx_hal_i2c.o
 .debug_aranges
                0x00000000000005f8       0x90 ./Drivers/STM32F1xx_HAL_Driver/Src/stm32f1xx_hal_rcc.o
 .debug_aranges
                0x0000000000000688      0x320 ./Drivers/VL53L0X/core/src/vl53l0x_api.o
 .debug_aranges
                0x00000000000009a8       0xd0 ./Drivers/VL53L0X/core/src/vl53l0x_api_calibration.o
 .debug_aranges
                0x0000000000000a78       0xe8 ./Drivers/VL53L0X/core/src/vl53l0x_api_core.o
 .debug_aranges
                0x0000000000000b60       0x78 ./Drivers/VL53L0X/platform/src/vl53l0x_platform.o

.debug_ranges   0x0000000000000000      0xb28
 .debug_ranges  0x0000000000000000       0x30 ./Core/Src/main.o
 .debug_ranges  0x0000000000000030       0x20 ./Core/Src/stm32f1xx_hal_msp.o
 .debug_ranges  0x0000000000000050       0x50 ./Core/Src/stm32f1xx_it.o
 .debug_ranges  0x00000000000000a0       0x18 ./Core/Src/system_stm32f1xx.o
 .debug_ranges  0x00000000000000b8       0x20 ./Core/Startup/startup_stm32f103c8tx.o
 .debug_ranges  0x00000000000000d8       0xd0 ./Drivers/STM32F1xx_HAL_Driver/Src/stm32f1xx_hal.o
 .debug_ranges  0x00000000000001a8       0xf0 ./Drivers/STM32F1xx_HAL_Driver/Src/stm32f1xx_hal_cortex.o
 .debug_ranges  0x0000000000000298       0x48 ./Drivers/STM32F1xx_HAL_Driver/Src/stm32f1xx_hal_gpio.o
 .debug_ranges  0x00000000000002e0      0x2b8 ./Drivers/STM32F1xx_HAL_Driver/Src/stm32f1xx_hal_i2c.o
 .debug_ranges  0x0000000000000598       0x80 ./Drivers/STM32F1xx_HAL_Driver/Src/stm32f1xx_hal_rcc.o
 .debug_ranges  0x0000000000000618      0x310 ./Drivers/VL53L0X/core/src/vl53l0x_api.o
 .debug_ranges  0x0000000000000928       0xc0 ./Drivers/VL53L0X/core/src/vl53l0x_api_calibration.o
 .debug_ranges  0x00000000000009e8       0xd8 ./Drivers/VL53L0X/core/src/vl53l0x_api_core.o
 .debug_ranges  0x0000000000000ac0       0x68 ./Drivers/VL53L0X/platform/src/vl53l0x_platform.o

.debug_macro    0x0000000000000000    0x1813a
 .debug_macro   0x0000000000000000      0x393 ./Core/Src/main.o
 .debug_macro   0x0000000000000393      0xa6c ./Core/Src/main.o
 .debug_macro   0x0000000000000dff      0x215 ./Core/Src/main.o
 .debug_macro   0x0000000000001014       0x2e ./Core/Src/main.o
 .debug_macro   0x0000000000001042       0x22 ./Core/Src/main.o
 .debug_macro   0x0000000000001064       0x22 ./Core/Src/main.o
 .debug_macro   0x0000000000001086       0x8e ./Core/Src/main.o
 .debug_macro   0x0000000000001114       0x51 ./Core/Src/main.o
 .debug_macro   0x0000000000001165      0x103 ./Core/Src/main.o
 .debug_macro   0x0000000000001268       0x6a ./Core/Src/main.o
 .debug_macro   0x00000000000012d2      0x1df ./Core/Src/main.o
 .debug_macro   0x00000000000014b1       0x1c ./Core/Src/main.o
 .debug_macro   0x00000000000014cd       0x22 ./Core/Src/main.o
 .debug_macro   0x00000000000014ef       0xbd ./Core/Src/main.o
 .debug_macro   0x00000000000015ac      0xd23 ./Core/Src/main.o
 .debug_macro   0x00000000000022cf     0xe09e ./Core/Src/main.o
 .debug_macro   0x000000000001036d       0x6d ./Core/Src/main.o
 .debug_macro   0x00000000000103da     0x3468 ./Core/Src/main.o
 .debug_macro   0x0000000000013842      0x174 ./Core/Src/main.o
 .debug_macro   0x00000000000139b6       0x5c ./Core/Src/main.o
 .debug_macro   0x0000000000013a12      0x5be ./Core/Src/main.o
 .debug_macro   0x0000000000013fd0      0x289 ./Core/Src/main.o
 .debug_macro   0x0000000000014259      0x1cb ./Core/Src/main.o
 .debug_macro   0x0000000000014424      0x114 ./Core/Src/main.o
 .debug_macro   0x0000000000014538      0x1b2 ./Core/Src/main.o
 .debug_macro   0x00000000000146ea       0x27 ./Core/Src/main.o
 .debug_macro   0x0000000000014711      0x136 ./Core/Src/main.o
 .debug_macro   0x0000000000014847      0x1bc ./Core/Src/main.o
 .debug_macro   0x0000000000014a03       0x34 ./Core/Src/main.o
 .debug_macro   0x0000000000014a37       0x3c ./Core/Src/main.o
 .debug_macro   0x0000000000014a73       0x57 ./Core/Src/main.o
 .debug_macro   0x0000000000014aca       0x88 ./Core/Src/main.o
 .debug_macro   0x0000000000014b52      0x241 ./Core/Src/main.o
 .debug_macro   0x0000000000014d93      0x287 ./Core/Src/main.o
 .debug_macro   0x000000000001501a      0x141 ./Core/Src/main.o
 .debug_macro   0x000000000001515b       0x83 ./Core/Src/main.o
 .debug_macro   0x00000000000151de       0x76 ./Core/Src/main.o
 .debug_macro   0x0000000000015254      0x29c ./Core/Src/main.o
 .debug_macro   0x00000000000154f0      0x20a ./Core/Src/main.o
 .debug_macro   0x00000000000156fa       0x52 ./Core/Src/main.o
 .debug_macro   0x000000000001574c       0x18 ./Core/Src/main.o
 .debug_macro   0x0000000000015764       0x3c ./Core/Src/main.o
 .debug_macro   0x00000000000157a0       0x34 ./Core/Src/main.o
 .debug_macro   0x00000000000157d4       0x16 ./Core/Src/main.o
 .debug_macro   0x00000000000157ea       0x35 ./Core/Src/main.o
 .debug_macro   0x000000000001581f      0x341 ./Core/Src/main.o
 .debug_macro   0x0000000000015b60       0x10 ./Core/Src/main.o
 .debug_macro   0x0000000000015b70       0x16 ./Core/Src/main.o
 .debug_macro   0x0000000000015b86       0x43 ./Core/Src/main.o
 .debug_macro   0x0000000000015bc9       0x34 ./Core/Src/main.o
 .debug_macro   0x0000000000015bfd       0x10 ./Core/Src/main.o
 .debug_macro   0x0000000000015c0d       0x58 ./Core/Src/main.o
 .debug_macro   0x0000000000015c65       0x71 ./Core/Src/main.o
 .debug_macro   0x0000000000015cd6       0x1c ./Core/Src/main.o
 .debug_macro   0x0000000000015cf2      0x12a ./Core/Src/main.o
 .debug_macro   0x0000000000015e1c       0x10 ./Core/Src/main.o
 .debug_macro   0x0000000000015e2c       0x1c ./Core/Src/main.o
 .debug_macro   0x0000000000015e48       0x52 ./Core/Src/main.o
 .debug_macro   0x0000000000015e9a       0x22 ./Core/Src/main.o
 .debug_macro   0x0000000000015ebc       0x10 ./Core/Src/main.o
 .debug_macro   0x0000000000015ecc       0x52 ./Core/Src/main.o
 .debug_macro   0x0000000000015f1e       0xd5 ./Core/Src/main.o
 .debug_macro   0x0000000000015ff3       0x1c ./Core/Src/main.o
 .debug_macro   0x000000000001600f       0x3d ./Core/Src/main.o
 .debug_macro   0x000000000001604c       0x16 ./Core/Src/main.o
 .debug_macro   0x0000000000016062      0x145 ./Core/Src/main.o
 .debug_macro   0x00000000000161a7       0x16 ./Core/Src/main.o
 .debug_macro   0x00000000000161bd       0x20 ./Core/Src/main.o
 .debug_macro   0x00000000000161dd       0x2e ./Core/Src/main.o
 .debug_macro   0x000000000001620b       0x17 ./Core/Src/main.o
 .debug_macro   0x0000000000016222      0x1d2 ./Core/Src/main.o
 .debug_macro   0x00000000000163f4      0x198 ./Core/Src/stm32f1xx_hal_msp.o
 .debug_macro   0x000000000001658c      0x1a2 ./Core/Src/stm32f1xx_it.o
 .debug_macro   0x000000000001672e      0x18e ./Core/Src/system_stm32f1xx.o
 .debug_macro   0x00000000000168bc      0x1b2 ./Drivers/STM32F1xx_HAL_Driver/Src/stm32f1xx_hal.o
 .debug_macro   0x0000000000016a6e      0x18e ./Drivers/STM32F1xx_HAL_Driver/Src/stm32f1xx_hal_cortex.o
 .debug_macro   0x0000000000016bfc      0x1f9 ./Drivers/STM32F1xx_HAL_Driver/Src/stm32f1xx_hal_gpio.o
 .debug_macro   0x0000000000016df5      0x1d5 ./Drivers/STM32F1xx_HAL_Driver/Src/stm32f1xx_hal_i2c.o
 .debug_macro   0x0000000000016fca      0x1a0 ./Drivers/STM32F1xx_HAL_Driver/Src/stm32f1xx_hal_rcc.o
 .debug_macro   0x000000000001716a      0x3fb ./Drivers/VL53L0X/core/src/vl53l0x_api.o
 .debug_macro   0x0000000000017565       0x56 ./Drivers/VL53L0X/core/src/vl53l0x_api.o
 .debug_macro   0x00000000000175bb      0x3f5 ./Drivers/VL53L0X/core/src/vl53l0x_api_calibration.o
 .debug_macro   0x00000000000179b0      0x3e3 ./Drivers/VL53L0X/core/src/vl53l0x_api_core.o
 .debug_macro   0x0000000000017d93      0x3a7 ./Drivers/VL53L0X/platform/src/vl53l0x_platform.o

.debug_line     0x0000000000000000     0xd86e
 .debug_line    0x0000000000000000      0xa05 ./Core/Src/main.o
 .debug_line    0x0000000000000a05      0x66e ./Core/Src/stm32f1xx_hal_msp.o
 .debug_line    0x0000000000001073      0x6e6 ./Core/Src/stm32f1xx_it.o
 .debug_line    0x0000000000001759      0x6a2 ./Core/Src/system_stm32f1xx.o
 .debug_line    0x0000000000001dfb       0x87 ./Core/Startup/startup_stm32f103c8tx.o
 .debug_line    0x0000000000001e82      0x8cf ./Drivers/STM32F1xx_HAL_Driver/Src/stm32f1xx_hal.o
 .debug_line    0x0000000000002751      0xab7 ./Drivers/STM32F1xx_HAL_Driver/Src/stm32f1xx_hal_cortex.o
 .debug_line    0x0000000000003208      0x966 ./Drivers/STM32F1xx_HAL_Driver/Src/stm32f1xx_hal_gpio.o
 .debug_line    0x0000000000003b6e     0x39b9 ./Drivers/STM32F1xx_HAL_Driver/Src/stm32f1xx_hal_i2c.o
 .debug_line    0x0000000000007527      0xcdd ./Drivers/STM32F1xx_HAL_Driver/Src/stm32f1xx_hal_rcc.o
 .debug_line    0x0000000000008204     0x1f0a ./Drivers/VL53L0X/core/src/vl53l0x_api.o
 .debug_line    0x000000000000a10e     0x12af ./Drivers/VL53L0X/core/src/vl53l0x_api_calibration.o
 .debug_line    0x000000000000b3bd     0x197f ./Drivers/VL53L0X/core/src/vl53l0x_api_core.o
 .debug_line    0x000000000000cd3c      0xb32 ./Drivers/VL53L0X/platform/src/vl53l0x_platform.o

.debug_str      0x0000000000000000    0x88a35
 .debug_str     0x0000000000000000    0x843f1 ./Core/Src/main.o
                                      0x8494f (size before relaxing)
 .debug_str     0x00000000000843f1       0x91 ./Core/Src/stm32f1xx_hal_msp.o
                                      0x7c89e (size before relaxing)
 .debug_str     0x0000000000084482       0xc9 ./Core/Src/stm32f1xx_it.o
                                      0x7c3af (size before relaxing)
 .debug_str     0x000000000008454b       0x7e ./Core/Src/system_stm32f1xx.o
                                      0x7c3c5 (size before relaxing)
 .debug_str     0x00000000000845c9       0x36 ./Core/Startup/startup_stm32f103c8tx.o
                                         0x8c (size before relaxing)
 .debug_str     0x00000000000845ff      0x607 ./Drivers/STM32F1xx_HAL_Driver/Src/stm32f1xx_hal.o
                                      0x7caf8 (size before relaxing)
 .debug_str     0x0000000000084c06      0x2b1 ./Drivers/STM32F1xx_HAL_Driver/Src/stm32f1xx_hal_cortex.o
                                      0x7ca44 (size before relaxing)
 .debug_str     0x0000000000084eb7      0x2e6 ./Drivers/STM32F1xx_HAL_Driver/Src/stm32f1xx_hal_gpio.o
                                      0x7c74b (size before relaxing)
 .debug_str     0x000000000008519d      0xb7c ./Drivers/STM32F1xx_HAL_Driver/Src/stm32f1xx_hal_i2c.o
                                      0x7d439 (size before relaxing)
 .debug_str     0x0000000000085d19      0x209 ./Drivers/STM32F1xx_HAL_Driver/Src/stm32f1xx_hal_rcc.o
                                      0x7c7f4 (size before relaxing)
 .debug_str     0x0000000000085f22     0x18c9 ./Drivers/VL53L0X/core/src/vl53l0x_api.o
                                      0x8612a (size before relaxing)
 .debug_str     0x00000000000877eb      0x673 ./Drivers/VL53L0X/core/src/vl53l0x_api_calibration.o
                                      0x8525c (size before relaxing)
 .debug_str     0x0000000000087e5e      0xacb ./Drivers/VL53L0X/core/src/vl53l0x_api_core.o
                                      0x85715 (size before relaxing)
 .debug_str     0x0000000000088929      0x10c ./Drivers/VL53L0X/platform/src/vl53l0x_platform.o
                                      0x8472e (size before relaxing)

.comment        0x0000000000000000       0x50
 .comment       0x0000000000000000       0x50 ./Core/Src/main.o
                                         0x51 (size before relaxing)
 .comment       0x0000000000000050       0x51 ./Core/Src/stm32f1xx_hal_msp.o
 .comment       0x0000000000000050       0x51 ./Core/Src/stm32f1xx_it.o
 .comment       0x0000000000000050       0x51 ./Core/Src/system_stm32f1xx.o
 .comment       0x0000000000000050       0x51 ./Drivers/STM32F1xx_HAL_Driver/Src/stm32f1xx_hal.o
 .comment       0x0000000000000050       0x51 ./Drivers/STM32F1xx_HAL_Driver/Src/stm32f1xx_hal_cortex.o
 .comment       0x0000000000000050       0x51 ./Drivers/STM32F1xx_HAL_Driver/Src/stm32f1xx_hal_gpio.o
 .comment       0x0000000000000050       0x51 ./Drivers/STM32F1xx_HAL_Driver/Src/stm32f1xx_hal_i2c.o
 .comment       0x0000000000000050       0x51 ./Drivers/STM32F1xx_HAL_Driver/Src/stm32f1xx_hal_rcc.o
 .comment       0x0000000000000050       0x51 ./Drivers/VL53L0X/core/src/vl53l0x_api.o
 .comment       0x0000000000000050       0x51 ./Drivers/VL53L0X/core/src/vl53l0x_api_calibration.o
 .comment       0x0000000000000050       0x51 ./Drivers/VL53L0X/core/src/vl53l0x_api_core.o
 .comment       0x0000000000000050       0x51 ./Drivers/VL53L0X/platform/src/vl53l0x_platform.o

.debug_frame    0x0000000000000000     0x31a4
 .debug_frame   0x0000000000000000       0xac ./Core/Src/main.o
 .debug_frame   0x00000000000000ac       0x80 ./Core/Src/stm32f1xx_hal_msp.o
 .debug_frame   0x000000000000012c      0x104 ./Core/Src/stm32f1xx_it.o
 .debug_frame   0x0000000000000230       0x58 ./Core/Src/system_stm32f1xx.o
 .debug_frame   0x0000000000000288      0x334 ./Drivers/STM32F1xx_HAL_Driver/Src/stm32f1xx_hal.o
 .debug_frame   0x00000000000005bc      0x428 ./Drivers/STM32F1xx_HAL_Driver/Src/stm32f1xx_hal_cortex.o
 .debug_frame   0x00000000000009e4      0x14c ./Drivers/STM32F1xx_HAL_Driver/Src/stm32f1xx_hal_gpio.o
 .debug_frame   0x0000000000000b30      0xc5c ./Drivers/STM32F1xx_HAL_Driver/Src/stm32f1xx_hal_i2c.o
 .debug_frame   0x000000000000178c      0x21c ./Drivers/STM32F1xx_HAL_Driver/Src/stm32f1xx_hal_rcc.o
 .debug_frame   0x00000000000019a8      0xe40 ./Drivers/VL53L0X/core/src/vl53l0x_api.o
 .debug_frame   0x00000000000027e8      0x374 ./Drivers/VL53L0X/core/src/vl53l0x_api_calibration.o
 .debug_frame   0x0000000000002b5c      0x3f4 ./Drivers/VL53L0X/core/src/vl53l0x_api_core.o
 .debug_frame   0x0000000000002f50      0x1c0 ./Drivers/VL53L0X/platform/src/vl53l0x_platform.o
 .debug_frame   0x0000000000003110       0x2c /opt/st/stm32cubeide_1.11.2/plugins/com.st.stm32cube.ide.mcu.externaltools.gnu-tools-for-stm32.10.3-2021.10.linux64_1.0.100.202210260954/tools/bin/../lib/gcc/arm-none-eabi/10.3.1/../../../../arm-none-eabi/lib/thumb/v7-m/nofp/libc_nano.a(lib_a-init.o)
 .debug_frame   0x000000000000313c       0x28 /opt/st/stm32cubeide_1.11.2/plugins/com.st.stm32cube.ide.mcu.externaltools.gnu-tools-for-stm32.10.3-2021.10.linux64_1.0.100.202210260954/tools/bin/../lib/gcc/arm-none-eabi/10.3.1/../../../../arm-none-eabi/lib/thumb/v7-m/nofp/libc_nano.a(lib_a-memcpy-stub.o)
 .debug_frame   0x0000000000003164       0x20 /opt/st/stm32cubeide_1.11.2/plugins/com.st.stm32cube.ide.mcu.externaltools.gnu-tools-for-stm32.10.3-2021.10.linux64_1.0.100.202210260954/tools/bin/../lib/gcc/arm-none-eabi/10.3.1/../../../../arm-none-eabi/lib/thumb/v7-m/nofp/libc_nano.a(lib_a-memset.o)
 .debug_frame   0x0000000000003184       0x20 /opt/st/stm32cubeide_1.11.2/plugins/com.st.stm32cube.ide.mcu.externaltools.gnu-tools-for-stm32.10.3-2021.10.linux64_1.0.100.202210260954/tools/bin/../lib/gcc/arm-none-eabi/10.3.1/../../../../arm-none-eabi/lib/thumb/v7-m/nofp/libc_nano.a(lib_a-strcpy.o)
